Archive member included to satisfy reference by file (symbol)

d:/program/nxp/s32ds/build_tools/gcc_v6.3/gcc-6.3-arm32-eabi/bin/../lib/gcc/arm-none-eabi/6.3.1/thumb/v7e-m/fpv4-sp/hard\libgcc.a(_arm_addsubdf3.o)
                              ./Sources/1_Bsw/Com/CanMsgHandler/CanIf_MsgHandler_TCU_1AC.o (__aeabi_dadd)
d:/program/nxp/s32ds/build_tools/gcc_v6.3/gcc-6.3-arm32-eabi/bin/../lib/gcc/arm-none-eabi/6.3.1/thumb/v7e-m/fpv4-sp/hard\libgcc.a(_arm_muldivdf3.o)
                              ./Sources/0_AppSw/DoorSys_Velocity.o (__aeabi_dmul)
d:/program/nxp/s32ds/build_tools/gcc_v6.3/gcc-6.3-arm32-eabi/bin/../lib/gcc/arm-none-eabi/6.3.1/thumb/v7e-m/fpv4-sp/hard\libgcc.a(_arm_fixunsdfsi.o)
                              ./Sources/1_Bsw/Com/CanMsgHandler/CanIf_MsgHandler_TCU_1AC.o (__aeabi_d2uiz)
d:/program/nxp/s32ds/build_tools/gcc_v6.3/gcc-6.3-arm32-eabi/bin/../lib/gcc/arm-none-eabi/6.3.1/thumb/v7e-m/fpv4-sp/hard\libgcc.a(_arm_truncdfsf2.o)
                              ./Sources/0_AppSw/DoorSys_Velocity.o (__aeabi_d2f)
d:/program/nxp/s32ds/build_tools/gcc_v6.3/gcc-6.3-arm32-eabi/bin/../lib/gcc/arm-none-eabi/6.3.1/thumb/v7e-m/fpv4-sp/hard\libgcc.a(_aeabi_uldivmod.o)
                              ./SDK/platform/drivers/src/lpit/lpit_driver.o (__aeabi_uldivmod)
d:/program/nxp/s32ds/build_tools/gcc_v6.3/gcc-6.3-arm32-eabi/bin/../lib/gcc/arm-none-eabi/6.3.1/thumb/v7e-m/fpv4-sp/hard\libgcc.a(_udivmoddi4.o)
                              d:/program/nxp/s32ds/build_tools/gcc_v6.3/gcc-6.3-arm32-eabi/bin/../lib/gcc/arm-none-eabi/6.3.1/thumb/v7e-m/fpv4-sp/hard\libgcc.a(_aeabi_uldivmod.o) (__udivmoddi4)
d:/program/nxp/s32ds/build_tools/gcc_v6.3/gcc-6.3-arm32-eabi/bin/../lib/gcc/arm-none-eabi/6.3.1/thumb/v7e-m/fpv4-sp/hard\libgcc.a(_dvmd_tls.o)
                              d:/program/nxp/s32ds/build_tools/gcc_v6.3/gcc-6.3-arm32-eabi/bin/../lib/gcc/arm-none-eabi/6.3.1/thumb/v7e-m/fpv4-sp/hard\libgcc.a(_aeabi_uldivmod.o) (__aeabi_ldiv0)
D:/Program/nxp/S32DS/build_tools/gcc_v6.3/gcc-6.3-arm32-eabi/arm-none-eabi/newlib/lib/thumb/v7e-m/fpv4-sp/hard\libc_nano.a(lib_a-exit.o)
                              D:/Program/nxp/S32DS/build_tools/gcc_v6.3/gcc-6.3-arm32-eabi/arm-none-eabi/newlib/lib/thumb/v7e-m/fpv4-sp/hard/crt0.o (exit)
D:/Program/nxp/S32DS/build_tools/gcc_v6.3/gcc-6.3-arm32-eabi/arm-none-eabi/newlib/lib/thumb/v7e-m/fpv4-sp/hard\libc_nano.a(lib_a-impure.o)
                              D:/Program/nxp/S32DS/build_tools/gcc_v6.3/gcc-6.3-arm32-eabi/arm-none-eabi/newlib/lib/thumb/v7e-m/fpv4-sp/hard\libc_nano.a(lib_a-exit.o) (_global_impure_ptr)
D:/Program/nxp/S32DS/build_tools/gcc_v6.3/gcc-6.3-arm32-eabi/arm-none-eabi/newlib/lib/thumb/v7e-m/fpv4-sp/hard\libc_nano.a(lib_a-init.o)
                              D:/Program/nxp/S32DS/build_tools/gcc_v6.3/gcc-6.3-arm32-eabi/arm-none-eabi/newlib/lib/thumb/v7e-m/fpv4-sp/hard/crt0.o (__libc_init_array)
D:/Program/nxp/S32DS/build_tools/gcc_v6.3/gcc-6.3-arm32-eabi/arm-none-eabi/newlib/lib/thumb/v7e-m/fpv4-sp/hard\libc_nano.a(lib_a-memset.o)
                              D:/Program/nxp/S32DS/build_tools/gcc_v6.3/gcc-6.3-arm32-eabi/arm-none-eabi/newlib/lib/thumb/v7e-m/fpv4-sp/hard/crt0.o (memset)
D:/Program/nxp/S32DS/build_tools/gcc_v6.3/gcc-6.3-arm32-eabi/arm-none-eabi/newlib/lib/thumb/v7e-m/fpv4-sp/hard\libc_nano.a(lib_a-strlen.o)
                              ./Sources/2_CDrv/UartIf.o (strlen)
D:/Program/nxp/S32DS/build_tools/gcc_v6.3/gcc-6.3-arm32-eabi/arm-none-eabi/newlib/lib/thumb/v7e-m/fpv4-sp/hard\libc_nano.a(lib_a-vsprintf.o)
                              ./Sources/2_CDrv/UartIf.o (vsprintf)
D:/Program/nxp/S32DS/build_tools/gcc_v6.3/gcc-6.3-arm32-eabi/arm-none-eabi/newlib/lib/thumb/v7e-m/fpv4-sp/hard\libc_nano.a(lib_a-nano-svfprintf.o)
                              D:/Program/nxp/S32DS/build_tools/gcc_v6.3/gcc-6.3-arm32-eabi/arm-none-eabi/newlib/lib/thumb/v7e-m/fpv4-sp/hard\libc_nano.a(lib_a-vsprintf.o) (_svfprintf_r)
D:/Program/nxp/S32DS/build_tools/gcc_v6.3/gcc-6.3-arm32-eabi/arm-none-eabi/newlib/lib/thumb/v7e-m/fpv4-sp/hard\libc_nano.a(lib_a-nano-vfprintf_i.o)
                              D:/Program/nxp/S32DS/build_tools/gcc_v6.3/gcc-6.3-arm32-eabi/arm-none-eabi/newlib/lib/thumb/v7e-m/fpv4-sp/hard\libc_nano.a(lib_a-nano-svfprintf.o) (_printf_i)
D:/Program/nxp/S32DS/build_tools/gcc_v6.3/gcc-6.3-arm32-eabi/arm-none-eabi/newlib/lib/thumb/v7e-m/fpv4-sp/hard\libc_nano.a(lib_a-memchr.o)
                              D:/Program/nxp/S32DS/build_tools/gcc_v6.3/gcc-6.3-arm32-eabi/arm-none-eabi/newlib/lib/thumb/v7e-m/fpv4-sp/hard\libc_nano.a(lib_a-nano-svfprintf.o) (memchr)
D:/Program/nxp/S32DS/build_tools/gcc_v6.3/gcc-6.3-arm32-eabi/arm-none-eabi/newlib/lib/thumb/v7e-m/fpv4-sp/hard\libc_nano.a(lib_a-memcpy-stub.o)
                              D:/Program/nxp/S32DS/build_tools/gcc_v6.3/gcc-6.3-arm32-eabi/arm-none-eabi/newlib/lib/thumb/v7e-m/fpv4-sp/hard\libc_nano.a(lib_a-nano-svfprintf.o) (memcpy)
[...]
Memory Configuration

Name             Origin             Length             Attributes
m_interrupts     0x00000000         0x00000400         xr
m_flash_config   0x00000400         0x00000010         xr
m_text           0x00000410         0x0003fbf0         xr
m_data           0x1fffc000         0x00004000         rw
m_data_2         0x20000000         0x00003000         rw
*default*        0x00000000         0xffffffff

Linker script and memory map

LOAD d:/program/nxp/s32ds/build_tools/gcc_v6.3/gcc-6.3-arm32-eabi/bin/../lib/gcc/arm-none-eabi/6.3.1/thumb/v7e-m/fpv4-sp/hard/crti.o
LOAD d:/program/nxp/s32ds/build_tools/gcc_v6.3/gcc-6.3-arm32-eabi/bin/../lib/gcc/arm-none-eabi/6.3.1/thumb/v7e-m/fpv4-sp/hard/crtbegin.o
LOAD D:/Program/nxp/S32DS/build_tools/gcc_v6.3/gcc-6.3-arm32-eabi/arm-none-eabi/newlib/lib/thumb/v7e-m/fpv4-sp/hard/crt0.o
LOAD ./Generated_Code/CAN0can_pal1.o
LOAD ./Generated_Code/Cpu.o
LOAD ./Generated_Code/DriveMadConv1.o
LOAD ./Generated_Code/Flash1.o
LOAD ./Generated_Code/SPI0spi1.o
LOAD ./Generated_Code/clockMan1.o
LOAD ./Generated_Code/dmaController1.o
LOAD ./Generated_Code/flexTimer_ic1.o
LOAD ./Generated_Code/flexTimer_ic2.o
LOAD ./Generated_Code/flexTimer_mc1.o
LOAD ./Generated_Code/lpit1.o
LOAD ./Generated_Code/lpuart1.o
LOAD ./Generated_Code/pin_mux.o
LOAD ./Generated_Code/pwm_pal1.o
LOAD ./Project_Settings/Startup_Code/startup_S32K142.o
LOAD ./SDK/platform/devices/S32K142/startup/system_S32K142.o
LOAD ./SDK/platform/devices/startup.o
LOAD ./SDK/platform/drivers/src/adc/adc_driver.o
LOAD ./SDK/platform/drivers/src/clock/S32K1xx/clock_S32K1xx.o
LOAD ./SDK/platform/drivers/src/edma/edma_driver.o
LOAD ./SDK/platform/drivers/src/edma/edma_hw_access.o
LOAD ./SDK/platform/drivers/src/edma/edma_irq.o
LOAD ./SDK/platform/drivers/src/flash/flash_driver.o
LOAD ./SDK/platform/drivers/src/flexcan/flexcan_driver.o
LOAD ./SDK/platform/drivers/src/flexcan/flexcan_hw_access.o
LOAD ./SDK/platform/drivers/src/flexcan/flexcan_irq.o
LOAD ./SDK/platform/drivers/src/ftm/ftm_common.o
LOAD ./SDK/platform/drivers/src/ftm/ftm_hw_access.o
LOAD ./SDK/platform/drivers/src/ftm/ftm_ic_driver.o
LOAD ./SDK/platform/drivers/src/ftm/ftm_mc_driver.o
LOAD ./SDK/platform/drivers/src/ftm/ftm_pwm_driver.o
LOAD ./SDK/platform/drivers/src/interrupt/interrupt_manager.o
LOAD ./SDK/platform/drivers/src/lpit/lpit_driver.o
LOAD ./SDK/platform/drivers/src/lpspi/lpspi_hw_access.o
LOAD ./SDK/platform/drivers/src/lpspi/lpspi_irq.o
LOAD ./SDK/platform/drivers/src/lpspi/lpspi_master_driver.o
LOAD ./SDK/platform/drivers/src/lpspi/lpspi_shared_function.o
LOAD ./SDK/platform/drivers/src/lpspi/lpspi_slave_driver.o
LOAD ./SDK/platform/drivers/src/lpuart/lpuart_driver.o
LOAD ./SDK/platform/drivers/src/lpuart/lpuart_hw_access.o
LOAD ./SDK/platform/drivers/src/lpuart/lpuart_irq.o
LOAD ./SDK/platform/drivers/src/pins/pins_driver.o
LOAD ./SDK/platform/drivers/src/pins/pins_port_hw_access.o
LOAD ./SDK/platform/pal/src/can/can_pal.o
LOAD ./SDK/platform/pal/src/pwm/pwm_pal.o
LOAD ./SDK/platform/pal/src/spi/spi_pal.o
LOAD ./SDK/rtos/osif/osif_baremetal.o
LOAD ./Sources/0_AppSw/AntiPinch/DoorSys_AntiPinch.o
LOAD ./Sources/0_AppSw/AntiPinch/DoorSys_ApAdapt.o
LOAD ./Sources/0_AppSw/AntiPinch/DoorSys_ApAdaptCurve.o
LOAD ./Sources/0_AppSw/AntiPinch/DoorSys_ApCalSpeed.o
LOAD ./Sources/0_AppSw/AntiPinch/DoorSys_ApCheck.o
LOAD ./Sources/0_AppSw/AntiPinch/DoorSys_ApLimit.o
LOAD ./Sources/0_AppSw/Components/DCU.o
LOAD ./Sources/0_AppSw/Components/DualHall.o
LOAD ./Sources/0_AppSw/Components/IMU.o
LOAD ./Sources/0_AppSw/Components/MotAct.o
LOAD ./Sources/0_AppSw/Components/MotAct_Startup.o
LOAD ./Sources/0_AppSw/Components/Roll_Pitch_Parameter.o
LOAD ./Sources/0_AppSw/Components/Switch.o
LOAD ./Sources/0_AppSw/Components/TCU.o
LOAD ./Sources/0_AppSw/Config/DoorSysCfg.o
LOAD ./Sources/0_AppSw/Config/DoorSysCfg_Assist.o
LOAD ./Sources/0_AppSw/DoorSys.o
LOAD ./Sources/0_AppSw/DoorSysDef.o
LOAD ./Sources/0_AppSw/DoorSys_Assit.o
LOAD ./Sources/0_AppSw/DoorSys_Block.o
LOAD ./Sources/0_AppSw/DoorSys_EBrake.o
LOAD ./Sources/0_AppSw/DoorSys_Pos.o
LOAD ./Sources/0_AppSw/DoorSys_Tip2Run.o
LOAD ./Sources/0_AppSw/DoorSys_Velocity.o
LOAD ./Sources/0_AppSw/DoorSys_VelocityControl.o
LOAD ./Sources/1_Bsw/Com/CanMsgHandler/CanIf_MsgHandler.o
LOAD ./Sources/1_Bsw/Com/CanMsgHandler/CanIf_MsgHandler_BCM_365.o
LOAD ./Sources/1_Bsw/Com/CanMsgHandler/CanIf_MsgHandler_DATC_380.o
LOAD ./Sources/1_Bsw/Com/CanMsgHandler/CanIf_MsgHandler_DCAS_FL_510.o
LOAD ./Sources/1_Bsw/Com/CanMsgHandler/CanIf_MsgHandler_DCAS_FR_520.o
LOAD ./Sources/1_Bsw/Com/CanMsgHandler/CanIf_MsgHandler_DCAS_RL_530.o
LOAD ./Sources/1_Bsw/Com/CanMsgHandler/CanIf_MsgHandler_DCAS_RR_540.o
LOAD ./Sources/1_Bsw/Com/CanMsgHandler/CanIf_MsgHandler_DCU_FL_310.o
LOAD ./Sources/1_Bsw/Com/CanMsgHandler/CanIf_MsgHandler_DCU_FR_320.o
LOAD ./Sources/1_Bsw/Com/CanMsgHandler/CanIf_MsgHandler_DCU_RL_330.o
LOAD ./Sources/1_Bsw/Com/CanMsgHandler/CanIf_MsgHandler_DCU_RR_340.o
LOAD ./Sources/1_Bsw/Com/CanMsgHandler/CanIf_MsgHandler_IMU_350.o
LOAD ./Sources/1_Bsw/Com/CanMsgHandler/CanIf_MsgHandler_PDS_FL_370.o
LOAD ./Sources/1_Bsw/Com/CanMsgHandler/CanIf_MsgHandler_PDS_FR_371.o
LOAD ./Sources/1_Bsw/Com/CanMsgHandler/CanIf_MsgHandler_PDS_RL_372.o
LOAD ./Sources/1_Bsw/Com/CanMsgHandler/CanIf_MsgHandler_PDS_RR_373.o
LOAD ./Sources/1_Bsw/Com/CanMsgHandler/CanIf_MsgHandler_TCU_1AC.o
LOAD ./Sources/1_Bsw/Com/CanMsgHandler/CanIf_Pack.o
LOAD ./Sources/1_Bsw/Com/CanMsgHandler/CanIf_Signals.o
LOAD ./Sources/1_Bsw/Com/CanMsgHandler/CanIf_Unpack.o
LOAD ./Sources/1_Bsw/Com/Config/CanIfCfg_Msg.o
LOAD ./Sources/1_Bsw/Components/Current.o
LOAD ./Sources/1_Bsw/Config/OsCfg_Scheduler.o
LOAD ./Sources/1_Bsw/SBC/SBC_Handler.o
LOAD ./Sources/1_Bsw/SBC/TLE926x.o
LOAD ./Sources/1_Bsw/SBC/TLE926x_SPI.o
LOAD ./Sources/1_Bsw/Serivce/Pi.o
LOAD ./Sources/1_Bsw/TaskOs/OsMain.o
LOAD ./Sources/1_Bsw/TaskOs/OsScheduler.o
LOAD ./Sources/1_Bsw/TaskOs/OsTaskFu.o
LOAD ./Sources/1_Bsw/TaskOs/OsTimerTick.o
LOAD ./Sources/2_CDrv/AdcIf.o
LOAD ./Sources/2_CDrv/DioIf.o
LOAD ./Sources/2_CDrv/FlashIf.o
LOAD ./Sources/2_CDrv/SpiIf.o
LOAD ./Sources/2_CDrv/UartIf.o
LOAD ./Sources/2_CDrv/CanIf/CanIf.o
LOAD ./Sources/2_CDrv/CanIf/CanIf_DebugMsg.o
LOAD ./Sources/2_CDrv/CanIf/CanIf_Msg.o
LOAD ./Sources/main.o
START GROUP
LOAD d:/program/nxp/s32ds/build_tools/gcc_v6.3/gcc-6.3-arm32-eabi/bin/../lib/gcc/arm-none-eabi/6.3.1/thumb/v7e-m/fpv4-sp/hard\libgcc.a
LOAD D:/Program/nxp/S32DS/build_tools/gcc_v6.3/gcc-6.3-arm32-eabi/arm-none-eabi/newlib/lib/thumb/v7e-m/fpv4-sp/hard\libc_nano.a
END GROUP
START GROUP
LOAD d:/program/nxp/s32ds/build_tools/gcc_v6.3/gcc-6.3-arm32-eabi/bin/../lib/gcc/arm-none-eabi/6.3.1/thumb/v7e-m/fpv4-sp/hard\libgcc.a
LOAD D:/Program/nxp/S32DS/build_tools/gcc_v6.3/gcc-6.3-arm32-eabi/arm-none-eabi/newlib/lib/thumb/v7e-m/fpv4-sp/hard\libc_nano.a
LOAD D:/Program/nxp/S32DS/build_tools/gcc_v6.3/gcc-6.3-arm32-eabi/arm-none-eabi/newlib/lib/thumb/v7e-m/fpv4-sp/hard\libnosys.a
END GROUP
START GROUP
LOAD d:/program/nxp/s32ds/build_tools/gcc_v6.3/gcc-6.3-arm32-eabi/bin/../lib/gcc/arm-none-eabi/6.3.1/thumb/v7e-m/fpv4-sp/hard\libgcc.a
LOAD D:/Program/nxp/S32DS/build_tools/gcc_v6.3/gcc-6.3-arm32-eabi/arm-none-eabi/newlib/lib/thumb/v7e-m/fpv4-sp/hard\libc_nano.a
LOAD D:/Program/nxp/S32DS/build_tools/gcc_v6.3/gcc-6.3-arm32-eabi/arm-none-eabi/newlib/lib/thumb/v7e-m/fpv4-sp/hard\libnosys.a
END GROUP
LOAD d:/program/nxp/s32ds/build_tools/gcc_v6.3/gcc-6.3-arm32-eabi/bin/../lib/gcc/arm-none-eabi/6.3.1/thumb/v7e-m/fpv4-sp/hard/crtend.o
LOAD d:/program/nxp/s32ds/build_tools/gcc_v6.3/gcc-6.3-arm32-eabi/bin/../lib/gcc/arm-none-eabi/6.3.1/thumb/v7e-m/fpv4-sp/hard/crtn.o
                0x00000400                HEAP_SIZE = DEFINED (__heap_size__)?__heap_size__:0x400
                0x00000400                STACK_SIZE = DEFINED (__stack_size__)?__stack_size__:0x400
                0x00000400                M_VECTOR_RAM_SIZE = DEFINED (__flash_vector_table__)?0x0:0x400

.interrupts     0x00000000      0x400
                0x00000000                __VECTOR_TABLE = .
                0x00000000                __interrupts_start__ = .
                0x00000000                . = ALIGN (0x4)
 *(.isr_vector)
 .isr_vector    0x00000000      0x400 ./Project_Settings/Startup_Code/startup_S32K142.o
                0x00000000                __isr_vector
                0x00000400                __interrupts_end__ = .
                0x00000400                . = ALIGN (0x4)

.flash_config   0x00000400       0x10
                0x00000400                . = ALIGN (0x4)
 *(.FlashConfig)
 .FlashConfig   0x00000400       0x10 ./Project_Settings/Startup_Code/startup_S32K142.o
                0x00000410                . = ALIGN (0x4)

.text           0x00000410     0xc598
                0x00000410                . = ALIGN (0x4)
 *(.text)
 .text          0x00000410       0x4c ./Project_Settings/Startup_Code/startup_S32K142.o
                0x00000410                Reset_Handler
                0x00000458                Reserved111_IRQHandler
                0x00000458                DebugMon_Handler
                0x00000458                Reserved88_IRQHandler
                0x00000458                HardFault_Handler
                0x00000458                Reserved86_IRQHandler
                0x00000458                Reserved103_IRQHandler
                0x00000458                FTM2_Ovf_Reload_IRQHandler
                0x00000458                Reserved50_IRQHandler
                0x00000458                FTFC_Fault_IRQHandler
                0x00000458                Reserved114_IRQHandler
                0x00000458                PendSV_Handler
                0x00000458                NMI_Handler
                0x00000458                Reserved89_IRQHandler
                0x00000458                ERM_double_fault_IRQHandler
                0x00000458                Reserved59_IRQHandler
                0x00000458                LPIT0_Ch0_IRQHandler
                0x00000458                Reserved99_IRQHandler
                0x00000458                LPIT0_Ch3_IRQHandler
                0x00000458                Reserved92_IRQHandler
                0x00000458                SWI_IRQHandler
                0x00000458                ADC0_IRQHandler
                0x00000458                UsageFault_Handler
                0x00000458                FTM0_Ovf_Reload_IRQHandler
                0x00000458                DefaultISR
                0x00000458                Reserved58_IRQHandler
                0x00000458                Reserved82_IRQHandler
                0x00000458                LPI2C0_Slave_IRQHandler
                0x00000458                Reserved71_IRQHandler
                0x00000458                PORTD_IRQHandler
                0x00000458                Reserved69_IRQHandler
                0x00000458                PORTB_IRQHandler
                0x00000458                Reserved70_IRQHandler
                0x00000458                ADC1_IRQHandler
                0x00000458                Reserved53_IRQHandler
                0x00000458                RTC_IRQHandler
                0x00000458                PDB0_IRQHandler
                0x00000458                Reserved54_IRQHandler
                0x00000458                LPUART1_RxTx_IRQHandler
                0x00000458                RTC_Seconds_IRQHandler
                0x00000458                Reserved108_IRQHandler
                0x00000458                Reserved72_IRQHandler
                0x00000458                Reserved110_IRQHandler
                0x00000458                Reserved107_IRQHandler
                0x00000458                Read_Collision_IRQHandler
                0x00000458                FTFC_IRQHandler
                0x00000458                Reserved105_IRQHandler
                0x00000458                LPIT0_Ch1_IRQHandler
                0x00000458                FTM3_Ovf_Reload_IRQHandler
                0x00000458                WDOG_EWM_IRQHandler
                0x00000458                MemManage_Handler
                0x00000458                Reserved90_IRQHandler
                0x00000458                Reserved83_IRQHandler
                0x00000458                FTM0_Fault_IRQHandler
                0x00000458                Reserved48_IRQHandler
                0x00000458                SVC_Handler
                0x00000458                ERM_single_fault_IRQHandler
                0x00000458                FTM2_Fault_IRQHandler
                0x00000458                Reserved109_IRQHandler
                0x00000458                FTM3_Fault_IRQHandler
                0x00000458                RCM_IRQHandler
                0x00000458                Reserved100_IRQHandler
                0x00000458                Reserved91_IRQHandler
                0x00000458                SCG_IRQHandler
                0x00000458                PDB1_IRQHandler
                0x00000458                Reserved81_IRQHandler
                0x00000458                Reserved46_IRQHandler
                0x00000458                Reserved45_IRQHandler
                0x00000458                Reserved112_IRQHandler
                0x00000458                LPI2C0_Master_IRQHandler
                0x00000458                FTM1_Fault_IRQHandler
                0x00000458                Reserved106_IRQHandler
                0x00000458                LVD_LVW_IRQHandler
                0x00000458                LPIT0_Ch2_IRQHandler
                0x00000458                Reserved51_IRQHandler
                0x00000458                PORTA_IRQHandler
                0x00000458                MCM_IRQHandler
                0x00000458                Reserved44_IRQHandler
                0x00000458                PORTE_IRQHandler
                0x00000458                LPUART0_RxTx_IRQHandler
                0x00000458                LPTMR0_IRQHandler
                0x00000458                BusFault_Handler
                0x00000458                Reserved87_IRQHandler
                0x00000458                FTM1_Ovf_Reload_IRQHandler
                0x00000458                Reserved93_IRQHandler
                0x00000458                CMP0_IRQHandler
                0x00000458                Reserved52_IRQHandler
                0x00000458                PORTC_IRQHandler
                0x00000458                FLEXIO_IRQHandler
                0x00000458                Reserved113_IRQHandler
 .text          0x0000045c      0x378 d:/program/nxp/s32ds/build_tools/gcc_v6.3/gcc-6.3-arm32-eabi/bin/../lib/gcc/arm-none-eabi/6.3.1/thumb/v7e-m/fpv4-sp/hard\libgcc.a(_arm_addsubdf3.o)
                0x0000045c                __aeabi_drsub
                0x00000464                __aeabi_dsub
                0x00000464                __subdf3
                0x00000468                __aeabi_dadd
                0x00000468                __adddf3
                0x000006e0                __floatunsidf
                0x000006e0                __aeabi_ui2d
                0x00000700                __floatsidf
                0x00000700                __aeabi_i2d
                0x00000724                __aeabi_f2d
                0x00000724                __extendsfdf2
                0x00000768                __floatundidf
                0x00000768                __aeabi_ul2d
                0x00000778                __floatdidf
                0x00000778                __aeabi_l2d
 .text          0x000007d4      0x424 d:/program/nxp/s32ds/build_tools/gcc_v6.3/gcc-6.3-arm32-eabi/bin/../lib/gcc/arm-none-eabi/6.3.1/thumb/v7e-m/fpv4-sp/hard\libgcc.a(_arm_muldivdf3.o)
                0x000007d4                __aeabi_dmul
                0x000007d4                __muldf3
                0x00000a28                __divdf3
                0x00000a28                __aeabi_ddiv
 .text          0x00000bf8       0x40 d:/program/nxp/s32ds/build_tools/gcc_v6.3/gcc-6.3-arm32-eabi/bin/../lib/gcc/arm-none-eabi/6.3.1/thumb/v7e-m/fpv4-sp/hard\libgcc.a(_arm_fixunsdfsi.o)
                0x00000bf8                __aeabi_d2uiz
                0x00000bf8                __fixunsdfsi
 .text          0x00000c38       0xa0 d:/program/nxp/s32ds/build_tools/gcc_v6.3/gcc-6.3-arm32-eabi/bin/../lib/gcc/arm-none-eabi/6.3.1/thumb/v7e-m/fpv4-sp/hard\libgcc.a(_arm_truncdfsf2.o)
                0x00000c38                __truncdfsf2
                0x00000c38                __aeabi_d2f
 *(.text*)
 .text.SystemInit
                0x00000cd8       0x3c ./SDK/platform/devices/S32K142/startup/system_S32K142.o
                0x00000cd8                SystemInit
 .text.init_data_bss
                0x00000d14       0xd8 ./SDK/platform/devices/startup.o
                0x00000d14                init_data_bss
 .text.ADC_DRV_ConfigChan
                0x00000dec       0x58 ./SDK/platform/drivers/src/adc/adc_driver.o
                0x00000dec                ADC_DRV_ConfigChan
 .text.ADC_DRV_WaitConvDone
                0x00000e44       0x18 ./SDK/platform/drivers/src/adc/adc_driver.o
                0x00000e44                ADC_DRV_WaitConvDone
 .text.ADC_DRV_GetChanResult
                0x00000e5c       0x18 ./SDK/platform/drivers/src/adc/adc_driver.o
                0x00000e5c                ADC_DRV_GetChanResult
 .text.CLOCK_SYS_GetCurrentRunMode
                0x00000e74       0x24 ./SDK/platform/drivers/src/clock/S32K1xx/clock_S32K1xx.o
 .text.CLOCK_SYS_GetSysOscFreq
                0x00000e98       0x1c ./SDK/platform/drivers/src/clock/S32K1xx/clock_S32K1xx.o
 .text.CLOCK_SYS_ConfigureSOSC
                0x00000eb4      0x12c ./SDK/platform/drivers/src/clock/S32K1xx/clock_S32K1xx.o
 .text.CLOCK_SYS_GetSircFreq
                0x00000fe0       0x2c ./SDK/platform/drivers/src/clock/S32K1xx/clock_S32K1xx.o
 .text.CLOCK_SYS_ConfigureSIRC
                0x0000100c       0xc4 ./SDK/platform/drivers/src/clock/S32K1xx/clock_S32K1xx.o
 .text.CLOCK_SYS_GetFircFreq
                0x000010d0       0x20 ./SDK/platform/drivers/src/clock/S32K1xx/clock_S32K1xx.o
 .text.CLOCK_SYS_ConfigureFIRC
                0x000010f0       0xb4 ./SDK/platform/drivers/src/clock/S32K1xx/clock_S32K1xx.o
 .text.CLOCK_SYS_GetSysPllFreq
                0x000011a4       0x44 ./SDK/platform/drivers/src/clock/S32K1xx/clock_S32K1xx.o
 .text.CLOCK_SYS_ConfigureSPLL
                0x000011e8      0x104 ./SDK/platform/drivers/src/clock/S32K1xx/clock_S32K1xx.o
 .text.CLOCK_SYS_SetSystemClockConfig
                0x000012ec      0x1e4 ./SDK/platform/drivers/src/clock/S32K1xx/clock_S32K1xx.o
 .text.CLOCK_SYS_TransitionSystemClock
                0x000014d0       0x3c ./SDK/platform/drivers/src/clock/S32K1xx/clock_S32K1xx.o
 .text.CLOCK_SYS_GetSystemClockFreq
                0x0000150c       0x78 ./SDK/platform/drivers/src/clock/S32K1xx/clock_S32K1xx.o
 .text.CLOCK_SYS_GetScgClkOutFreq
                0x00001584       0x44 ./SDK/platform/drivers/src/clock/S32K1xx/clock_S32K1xx.o
 .text.CLOCK_SYS_GetSysAsyncFreq
                0x000015c8       0xd4 ./SDK/platform/drivers/src/clock/S32K1xx/clock_S32K1xx.o
 .text.CLOCK_SYS_GetSimRtcClkFreq
                0x0000169c       0x50 ./SDK/platform/drivers/src/clock/S32K1xx/clock_S32K1xx.o
 .text.CLOCK_SYS_GetPeripheralClock
                0x000016ec       0x78 ./SDK/platform/drivers/src/clock/S32K1xx/clock_S32K1xx.o
 .text.CLOCK_SYS_GetLpoFreq
                0x00001764       0x4c ./SDK/platform/drivers/src/clock/S32K1xx/clock_S32K1xx.o
 .text.CLOCK_SYS_GetSimClkOutFreq
                0x000017b0       0x98 ./SDK/platform/drivers/src/clock/S32K1xx/clock_S32K1xx.o
 .text.CLOCK_DRV_Init
                0x00001848      0x598 ./SDK/platform/drivers/src/clock/S32K1xx/clock_S32K1xx.o
                0x00001848                CLOCK_DRV_Init
 .text.CLOCK_DRV_GetFreq
                0x00001de0      0x3b0 ./SDK/platform/drivers/src/clock/S32K1xx/clock_S32K1xx.o
                0x00001de0                CLOCK_DRV_GetFreq
 .text.CLOCK_SYS_Init
                0x00002190       0x1c ./SDK/platform/drivers/src/clock/S32K1xx/clock_S32K1xx.o
                0x00002190                CLOCK_SYS_Init
 .text.CLOCK_SYS_UpdateConfiguration
                0x000021ac       0xe8 ./SDK/platform/drivers/src/clock/S32K1xx/clock_S32K1xx.o
                0x000021ac                CLOCK_SYS_UpdateConfiguration
 .text.CLOCK_SYS_GetFreq
                0x00002294        0x8 ./SDK/platform/drivers/src/clock/S32K1xx/clock_S32K1xx.o
                0x00002294                CLOCK_SYS_GetFreq
 .text.EDMA_DRV_InstallCallback
                0x0000229c       0x20 ./SDK/platform/drivers/src/edma/edma_driver.o
                0x0000229c                EDMA_DRV_InstallCallback
 .text.EDMA_DRV_IRQHandler
                0x000022bc       0x2c ./SDK/platform/drivers/src/edma/edma_driver.o
                0x000022bc                EDMA_DRV_IRQHandler
 .text.EDMA_DRV_ErrorIRQHandler
                0x000022e8       0x3c ./SDK/platform/drivers/src/edma/edma_driver.o
                0x000022e8                EDMA_DRV_ErrorIRQHandler
 .text.EDMA_DRV_ConfigSingleBlockTransfer
                0x00002324      0x148 ./SDK/platform/drivers/src/edma/edma_driver.o
                0x00002324                EDMA_DRV_ConfigSingleBlockTransfer
 .text.EDMA_DRV_ConfigMultiBlockTransfer
                0x0000246c       0x64 ./SDK/platform/drivers/src/edma/edma_driver.o
                0x0000246c                EDMA_DRV_ConfigMultiBlockTransfer
 .text.EDMA_DRV_StartChannel
                0x000024d0       0x18 ./SDK/platform/drivers/src/edma/edma_driver.o
                0x000024d0                EDMA_DRV_StartChannel
 .text.EDMA_DRV_StopChannel
                0x000024e8       0x18 ./SDK/platform/drivers/src/edma/edma_driver.o
                0x000024e8                EDMA_DRV_StopChannel
 .text.EDMA_DRV_DisableRequestsOnTransferComplete
                0x00002500       0x38 ./SDK/platform/drivers/src/edma/edma_driver.o
                0x00002500                EDMA_DRV_DisableRequestsOnTransferComplete
 .text.EDMA_DRV_GetDmaRegBaseAddr
                0x00002538        0x8 ./SDK/platform/drivers/src/edma/edma_driver.o
                0x00002538                EDMA_DRV_GetDmaRegBaseAddr
 .text.EDMA_SetDmaRequestCmd
                0x00002540        0xa ./SDK/platform/drivers/src/edma/edma_hw_access.o
                0x00002540                EDMA_SetDmaRequestCmd
 .text.EDMA_TCDClearReg
                0x0000254a       0x4a ./SDK/platform/drivers/src/edma/edma_hw_access.o
                0x0000254a                EDMA_TCDClearReg
 .text.EDMA_TCDSetAttribute
                0x00002594       0x30 ./SDK/platform/drivers/src/edma/edma_hw_access.o
                0x00002594                EDMA_TCDSetAttribute
 .text.EDMA_TCDSetNbytes
                0x000025c4       0x5c ./SDK/platform/drivers/src/edma/edma_hw_access.o
                0x000025c4                EDMA_TCDSetNbytes
 .text.EDMA_TCDSetMajorCount
                0x00002620       0x5e ./SDK/platform/drivers/src/edma/edma_hw_access.o
                0x00002620                EDMA_TCDSetMajorCount
 .text.DMA0_IRQHandler
                0x0000267e        0xa ./SDK/platform/drivers/src/edma/edma_irq.o
                0x0000267e                DMA0_IRQHandler
 .text.DMA1_IRQHandler
                0x00002688        0xa ./SDK/platform/drivers/src/edma/edma_irq.o
                0x00002688                DMA1_IRQHandler
 .text.DMA2_IRQHandler
                0x00002692        0xa ./SDK/platform/drivers/src/edma/edma_irq.o
                0x00002692                DMA2_IRQHandler
 .text.DMA3_IRQHandler
                0x0000269c        0xa ./SDK/platform/drivers/src/edma/edma_irq.o
                0x0000269c                DMA3_IRQHandler
 .text.DMA4_IRQHandler
                0x000026a6        0xa ./SDK/platform/drivers/src/edma/edma_irq.o
                0x000026a6                DMA4_IRQHandler
 .text.DMA5_IRQHandler
                0x000026b0        0xa ./SDK/platform/drivers/src/edma/edma_irq.o
                0x000026b0                DMA5_IRQHandler
 .text.DMA6_IRQHandler
                0x000026ba        0xa ./SDK/platform/drivers/src/edma/edma_irq.o
                0x000026ba                DMA6_IRQHandler
 .text.DMA7_IRQHandler
                0x000026c4        0xa ./SDK/platform/drivers/src/edma/edma_irq.o
                0x000026c4                DMA7_IRQHandler
 .text.DMA8_IRQHandler
                0x000026ce        0xa ./SDK/platform/drivers/src/edma/edma_irq.o
                0x000026ce                DMA8_IRQHandler
 .text.DMA9_IRQHandler
                0x000026d8        0xa ./SDK/platform/drivers/src/edma/edma_irq.o
                0x000026d8                DMA9_IRQHandler
 .text.DMA10_IRQHandler
                0x000026e2        0xa ./SDK/platform/drivers/src/edma/edma_irq.o
                0x000026e2                DMA10_IRQHandler
 .text.DMA11_IRQHandler
                0x000026ec        0xa ./SDK/platform/drivers/src/edma/edma_irq.o
                0x000026ec                DMA11_IRQHandler
 .text.DMA12_IRQHandler
                0x000026f6        0xa ./SDK/platform/drivers/src/edma/edma_irq.o
                0x000026f6                DMA12_IRQHandler
 .text.DMA13_IRQHandler
                0x00002700        0xa ./SDK/platform/drivers/src/edma/edma_irq.o
                0x00002700                DMA13_IRQHandler
 .text.DMA14_IRQHandler
                0x0000270a        0xa ./SDK/platform/drivers/src/edma/edma_irq.o
                0x0000270a                DMA14_IRQHandler
 .text.DMA15_IRQHandler
                0x00002714        0xa ./SDK/platform/drivers/src/edma/edma_irq.o
                0x00002714                DMA15_IRQHandler
 .text.DMA_Error_IRQHandler
                0x0000271e       0x28 ./SDK/platform/drivers/src/edma/edma_irq.o
                0x0000271e                DMA_Error_IRQHandler
 *fill*         0x00002746        0x2 
 .text.FLASH_DRV_Init
                0x00002748       0xcc ./SDK/platform/drivers/src/flash/flash_driver.o
                0x00002748                FLASH_DRV_Init
 .text.FLASH_DRV_EraseSector
                0x00002814       0x90 ./SDK/platform/drivers/src/flash/flash_driver.o
                0x00002814                FLASH_DRV_EraseSector
 .text.FLASH_DRV_Program
                0x000028a4       0xb8 ./SDK/platform/drivers/src/flash/flash_driver.o
                0x000028a4                FLASH_DRV_Program
 .text.FLASH_DRV_SetFlexRamFunction
                0x0000295c       0x68 ./SDK/platform/drivers/src/flash/flash_driver.o
                0x0000295c                FLASH_DRV_SetFlexRamFunction
 .text.FLASH_DRV_DEFlashPartition
                0x000029c4       0x3c ./SDK/platform/drivers/src/flash/flash_driver.o
                0x000029c4                FLASH_DRV_DEFlashPartition
 .text.FLEXCAN_StartSendData
                0x00002a00       0xa4 ./SDK/platform/drivers/src/flexcan/flexcan_driver.o
 .text.FLEXCAN_StartRxMessageBufferData
                0x00002aa4       0x80 ./SDK/platform/drivers/src/flexcan/flexcan_driver.o
 .text.FLEXCAN_StartRxMessageFifoData
                0x00002b24      0x114 ./SDK/platform/drivers/src/flexcan/flexcan_driver.o
 .text.FLEXCAN_CompleteRxMessageFifoData
                0x00002c38       0xb0 ./SDK/platform/drivers/src/flexcan/flexcan_driver.o
 .text.FLEXCAN_CompleteRxFifoDataDMA
                0x00002ce8       0x30 ./SDK/platform/drivers/src/flexcan/flexcan_driver.o
 .text.FLEXCAN_CompleteTransfer
                0x00002d18       0x38 ./SDK/platform/drivers/src/flexcan/flexcan_driver.o
 .text.FLEXCAN_DRV_SetRxMaskType
                0x00002d50       0x30 ./SDK/platform/drivers/src/flexcan/flexcan_driver.o
                0x00002d50                FLEXCAN_DRV_SetRxMaskType
 .text.FLEXCAN_DRV_SetRxIndividualMask
                0x00002d80      0x118 ./SDK/platform/drivers/src/flexcan/flexcan_driver.o
                0x00002d80                FLEXCAN_DRV_SetRxIndividualMask
 .text.FLEXCAN_DRV_Init
                0x00002e98      0x2c4 ./SDK/platform/drivers/src/flexcan/flexcan_driver.o
                0x00002e98                FLEXCAN_DRV_Init
 .text.FLEXCAN_DRV_ConfigTxMb
                0x0000315c       0x40 ./SDK/platform/drivers/src/flexcan/flexcan_driver.o
                0x0000315c                FLEXCAN_DRV_ConfigTxMb
 .text.FLEXCAN_DRV_Send
                0x0000319c       0x34 ./SDK/platform/drivers/src/flexcan/flexcan_driver.o
                0x0000319c                FLEXCAN_DRV_Send
 .text.FLEXCAN_DRV_ConfigRxMb
                0x000031d0       0x68 ./SDK/platform/drivers/src/flexcan/flexcan_driver.o
                0x000031d0                FLEXCAN_DRV_ConfigRxMb
 .text.FLEXCAN_DRV_ConfigRxFifo
                0x00003238       0x28 ./SDK/platform/drivers/src/flexcan/flexcan_driver.o
                0x00003238                FLEXCAN_DRV_ConfigRxFifo
 .text.FLEXCAN_DRV_Receive
                0x00003260        0xa ./SDK/platform/drivers/src/flexcan/flexcan_driver.o
                0x00003260                FLEXCAN_DRV_Receive
 .text.FLEXCAN_DRV_RxFifo
                0x0000326a        0xa ./SDK/platform/drivers/src/flexcan/flexcan_driver.o
                0x0000326a                FLEXCAN_DRV_RxFifo
 .text.FLEXCAN_Error_IRQHandler
                0x00003274       0x28 ./SDK/platform/drivers/src/flexcan/flexcan_driver.o
                0x00003274                FLEXCAN_Error_IRQHandler
 .text.FLEXCAN_WakeUpHandler
                0x0000329c       0x6c ./SDK/platform/drivers/src/flexcan/flexcan_driver.o
                0x0000329c                FLEXCAN_WakeUpHandler
 .text.FLEXCAN_IRQHandler
                0x00003308      0x1b8 ./SDK/platform/drivers/src/flexcan/flexcan_driver.o
                0x00003308                FLEXCAN_IRQHandler
 .text.FLEXCAN_DRV_InstallEventCallback
                0x000034c0       0x14 ./SDK/platform/drivers/src/flexcan/flexcan_driver.o
                0x000034c0                FLEXCAN_DRV_InstallEventCallback
 .text.FLEXCAN_ComputePayloadSize
                0x000034d4       0x36 ./SDK/platform/drivers/src/flexcan/flexcan_hw_access.o
 *fill*         0x0000350a        0x2 
 .text.FLEXCAN_GetRxFifoMask
                0x0000350c       0x60 ./SDK/platform/drivers/src/flexcan/flexcan_hw_access.o
                0x0000350c                FLEXCAN_GetRxFifoMask
 .text.FLEXCAN_GetMaxMbNum
                0x0000356c       0x1c ./SDK/platform/drivers/src/flexcan/flexcan_hw_access.o
                0x0000356c                FLEXCAN_GetMaxMbNum
 .text.FLEXCAN_Enable
                0x00003588       0x2a ./SDK/platform/drivers/src/flexcan/flexcan_hw_access.o
                0x00003588                FLEXCAN_Enable
 .text.FLEXCAN_Disable
                0x000035b2       0x18 ./SDK/platform/drivers/src/flexcan/flexcan_hw_access.o
                0x000035b2                FLEXCAN_Disable
 *fill*         0x000035ca        0x2 
 .text.FLEXCAN_Init
                0x000035cc       0x68 ./SDK/platform/drivers/src/flexcan/flexcan_hw_access.o
                0x000035cc                FLEXCAN_Init
 .text.FLEXCAN_EnableRxFifo
                0x00003634       0x54 ./SDK/platform/drivers/src/flexcan/flexcan_hw_access.o
                0x00003634                FLEXCAN_EnableRxFifo
 .text.FLEXCAN_SetRxFifoFilter
                0x00003688      0x1d8 ./SDK/platform/drivers/src/flexcan/flexcan_hw_access.o
                0x00003688                FLEXCAN_SetRxFifoFilter
 .text.FLEXCAN_SetMsgBuffIntCmd
                0x00003860       0x3c ./SDK/platform/drivers/src/flexcan/flexcan_hw_access.o
                0x00003860                FLEXCAN_SetMsgBuffIntCmd
 .text.FLEXCAN_ExitFreezeMode
                0x0000389c       0x1a ./SDK/platform/drivers/src/flexcan/flexcan_hw_access.o
                0x0000389c                FLEXCAN_ExitFreezeMode
 .text.FLEXCAN_EnterFreezeMode
                0x000038b6       0x40 ./SDK/platform/drivers/src/flexcan/flexcan_hw_access.o
                0x000038b6                FLEXCAN_EnterFreezeMode
 *fill*         0x000038f6        0x2 
 .text.FLEXCAN_ClearErrIntStatusFlag
                0x000038f8       0x14 ./SDK/platform/drivers/src/flexcan/flexcan_hw_access.o
                0x000038f8                FLEXCAN_ClearErrIntStatusFlag
 .text.FLEXCAN_ReadRxFifo
                0x0000390c       0x56 ./SDK/platform/drivers/src/flexcan/flexcan_hw_access.o
                0x0000390c                FLEXCAN_ReadRxFifo
 .text.FLEXCAN_SetOperationMode
                0x00003962       0x5e ./SDK/platform/drivers/src/flexcan/flexcan_hw_access.o
                0x00003962                FLEXCAN_SetOperationMode
 .text.FLEXCAN_SetPayloadSize
                0x000039c0       0x1a ./SDK/platform/drivers/src/flexcan/flexcan_hw_access.o
                0x000039c0                FLEXCAN_SetPayloadSize
 .text.FLEXCAN_GetPayloadSize
                0x000039da       0x20 ./SDK/platform/drivers/src/flexcan/flexcan_hw_access.o
                0x000039da                FLEXCAN_GetPayloadSize
 .text.FLEXCAN_GetMsgBuffRegion
                0x000039fa       0x30 ./SDK/platform/drivers/src/flexcan/flexcan_hw_access.o
                0x000039fa                FLEXCAN_GetMsgBuffRegion
 *fill*         0x00003a2a        0x2 
 .text.FLEXCAN_SetTxMsgBuff
                0x00003a2c      0x180 ./SDK/platform/drivers/src/flexcan/flexcan_hw_access.o
                0x00003a2c                FLEXCAN_SetTxMsgBuff
 .text.FLEXCAN_SetRxMsgBuff
                0x00003bac       0xc8 ./SDK/platform/drivers/src/flexcan/flexcan_hw_access.o
                0x00003bac                FLEXCAN_SetRxMsgBuff
 .text.FLEXCAN_GetMsgBuff
                0x00003c74       0x96 ./SDK/platform/drivers/src/flexcan/flexcan_hw_access.o
                0x00003c74                FLEXCAN_GetMsgBuff
 .text.FLEXCAN_LockRxMsgBuff
                0x00003d0a        0xa ./SDK/platform/drivers/src/flexcan/flexcan_hw_access.o
                0x00003d0a                FLEXCAN_LockRxMsgBuff
 .text.FLEXCAN_SetMaxMsgBuffNum
                0x00003d14       0x9c ./SDK/platform/drivers/src/flexcan/flexcan_hw_access.o
                0x00003d14                FLEXCAN_SetMaxMsgBuffNum
 .text.CAN0_ORed_IRQHandler
                0x00003db0        0xa ./SDK/platform/drivers/src/flexcan/flexcan_irq.o
                0x00003db0                CAN0_ORed_IRQHandler
 .text.CAN0_Error_IRQHandler
                0x00003dba        0xa ./SDK/platform/drivers/src/flexcan/flexcan_irq.o
                0x00003dba                CAN0_Error_IRQHandler
 .text.CAN0_Wake_Up_IRQHandler
                0x00003dc4        0xa ./SDK/platform/drivers/src/flexcan/flexcan_irq.o
                0x00003dc4                CAN0_Wake_Up_IRQHandler
 .text.CAN0_ORed_0_15_MB_IRQHandler
                0x00003dce        0xa ./SDK/platform/drivers/src/flexcan/flexcan_irq.o
                0x00003dce                CAN0_ORed_0_15_MB_IRQHandler
 .text.CAN0_ORed_16_31_MB_IRQHandler
                0x00003dd8        0xa ./SDK/platform/drivers/src/flexcan/flexcan_irq.o
                0x00003dd8                CAN0_ORed_16_31_MB_IRQHandler
 .text.CAN1_ORed_IRQHandler
                0x00003de2        0xa ./SDK/platform/drivers/src/flexcan/flexcan_irq.o
                0x00003de2                CAN1_ORed_IRQHandler
 .text.CAN1_Error_IRQHandler
                0x00003dec        0xa ./SDK/platform/drivers/src/flexcan/flexcan_irq.o
                0x00003dec                CAN1_Error_IRQHandler
 .text.CAN1_ORed_0_15_MB_IRQHandler
                0x00003df6        0xa ./SDK/platform/drivers/src/flexcan/flexcan_irq.o
                0x00003df6                CAN1_ORed_0_15_MB_IRQHandler
 .text.FTM_DRV_SetSync
                0x00003e00      0x1bc ./SDK/platform/drivers/src/ftm/ftm_common.o
                0x00003e00                FTM_DRV_SetSync
 .text.FTM_DRV_ClearStatusFlags
                0x00003fbc       0x8c ./SDK/platform/drivers/src/ftm/ftm_common.o
                0x00003fbc                FTM_DRV_ClearStatusFlags
 .text.FTM_DRV_GetFrequency
                0x00004048       0x80 ./SDK/platform/drivers/src/ftm/ftm_common.o
                0x00004048                FTM_DRV_GetFrequency
 .text.FTM_DRV_Init
                0x000040c8       0xdc ./SDK/platform/drivers/src/ftm/ftm_common.o
                0x000040c8                FTM_DRV_Init
 .text.FTM_DRV_ConvertFreqToPeriodTicks
                0x000041a4       0x14 ./SDK/platform/drivers/src/ftm/ftm_common.o
                0x000041a4                FTM_DRV_ConvertFreqToPeriodTicks
 .text.FTM_DRV_InitModule
                0x000041b8       0x18 ./SDK/platform/drivers/src/ftm/ftm_hw_access.o
                0x000041b8                FTM_DRV_InitModule
 .text.FTM_DRV_Reset
                0x000041d0       0xa0 ./SDK/platform/drivers/src/ftm/ftm_hw_access.o
                0x000041d0                FTM_DRV_Reset
 .text.FTM_DRV_SetChnTriggerCmd
                0x00004270       0x32 ./SDK/platform/drivers/src/ftm/ftm_hw_access.o
                0x00004270                FTM_DRV_SetChnTriggerCmd
 .text.FTM_DRV_SetChnInputCaptureFilter
                0x000042a2       0x4e ./SDK/platform/drivers/src/ftm/ftm_hw_access.o
                0x000042a2                FTM_DRV_SetChnInputCaptureFilter
 .text.FTM_DRV_IrqHandler
                0x000042f0       0xb8 ./SDK/platform/drivers/src/ftm/ftm_ic_driver.o
 .text.FTM_DRV_InitInputCapture
                0x000043a8      0x2d0 ./SDK/platform/drivers/src/ftm/ftm_ic_driver.o
                0x000043a8                FTM_DRV_InitInputCapture
 .text.FTM_DRV_GetInputCaptureMeasurement
                0x00004678       0x18 ./SDK/platform/drivers/src/ftm/ftm_ic_driver.o
                0x00004678                FTM_DRV_GetInputCaptureMeasurement
 .text.FTM0_Ch0_Ch1_IRQHandler
                0x00004690        0xc ./SDK/platform/drivers/src/ftm/ftm_ic_driver.o
                0x00004690                FTM0_Ch0_Ch1_IRQHandler
 .text.FTM0_Ch2_Ch3_IRQHandler
                0x0000469c        0xc ./SDK/platform/drivers/src/ftm/ftm_ic_driver.o
                0x0000469c                FTM0_Ch2_Ch3_IRQHandler
 .text.FTM0_Ch4_Ch5_IRQHandler
                0x000046a8        0xc ./SDK/platform/drivers/src/ftm/ftm_ic_driver.o
                0x000046a8                FTM0_Ch4_Ch5_IRQHandler
 .text.FTM0_Ch6_Ch7_IRQHandler
                0x000046b4        0xc ./SDK/platform/drivers/src/ftm/ftm_ic_driver.o
                0x000046b4                FTM0_Ch6_Ch7_IRQHandler
 .text.FTM1_Ch0_Ch1_IRQHandler
                0x000046c0        0xc ./SDK/platform/drivers/src/ftm/ftm_ic_driver.o
                0x000046c0                FTM1_Ch0_Ch1_IRQHandler
 .text.FTM1_Ch2_Ch3_IRQHandler
                0x000046cc        0xc ./SDK/platform/drivers/src/ftm/ftm_ic_driver.o
                0x000046cc                FTM1_Ch2_Ch3_IRQHandler
 .text.FTM1_Ch4_Ch5_IRQHandler
                0x000046d8        0xc ./SDK/platform/drivers/src/ftm/ftm_ic_driver.o
                0x000046d8                FTM1_Ch4_Ch5_IRQHandler
 .text.FTM1_Ch6_Ch7_IRQHandler
                0x000046e4        0xc ./SDK/platform/drivers/src/ftm/ftm_ic_driver.o
                0x000046e4                FTM1_Ch6_Ch7_IRQHandler
 .text.FTM2_Ch0_Ch1_IRQHandler
                0x000046f0        0xc ./SDK/platform/drivers/src/ftm/ftm_ic_driver.o
                0x000046f0                FTM2_Ch0_Ch1_IRQHandler
 .text.FTM2_Ch2_Ch3_IRQHandler
                0x000046fc        0xc ./SDK/platform/drivers/src/ftm/ftm_ic_driver.o
                0x000046fc                FTM2_Ch2_Ch3_IRQHandler
 .text.FTM2_Ch4_Ch5_IRQHandler
                0x00004708        0xc ./SDK/platform/drivers/src/ftm/ftm_ic_driver.o
                0x00004708                FTM2_Ch4_Ch5_IRQHandler
 .text.FTM2_Ch6_Ch7_IRQHandler
                0x00004714        0xc ./SDK/platform/drivers/src/ftm/ftm_ic_driver.o
                0x00004714                FTM2_Ch6_Ch7_IRQHandler
 .text.FTM3_Ch0_Ch1_IRQHandler
                0x00004720        0xc ./SDK/platform/drivers/src/ftm/ftm_ic_driver.o
                0x00004720                FTM3_Ch0_Ch1_IRQHandler
 .text.FTM3_Ch2_Ch3_IRQHandler
                0x0000472c        0xc ./SDK/platform/drivers/src/ftm/ftm_ic_driver.o
                0x0000472c                FTM3_Ch2_Ch3_IRQHandler
 .text.FTM3_Ch4_Ch5_IRQHandler
                0x00004738        0xc ./SDK/platform/drivers/src/ftm/ftm_ic_driver.o
                0x00004738                FTM3_Ch4_Ch5_IRQHandler
 .text.FTM3_Ch6_Ch7_IRQHandler
                0x00004744        0xc ./SDK/platform/drivers/src/ftm/ftm_ic_driver.o
                0x00004744                FTM3_Ch6_Ch7_IRQHandler
 .text.FTM_DRV_InitCounter
                0x00004750       0xa4 ./SDK/platform/drivers/src/ftm/ftm_mc_driver.o
                0x00004750                FTM_DRV_InitCounter
 .text.FTM_DRV_CounterStart
                0x000047f4       0x2c ./SDK/platform/drivers/src/ftm/ftm_mc_driver.o
                0x000047f4                FTM_DRV_CounterStart
 .text.FTM_DRV_UpdatePwmChannel
                0x00004820      0x104 ./SDK/platform/drivers/src/ftm/ftm_pwm_driver.o
                0x00004820                FTM_DRV_UpdatePwmChannel
 .text.FTM_DRV_InitPwm
                0x00004924      0x638 ./SDK/platform/drivers/src/ftm/ftm_pwm_driver.o
                0x00004924                FTM_DRV_InitPwm
 .text.INT_SYS_InstallHandler
                0x00004f5c       0x40 ./SDK/platform/drivers/src/interrupt/interrupt_manager.o
                0x00004f5c                INT_SYS_InstallHandler
 .text.INT_SYS_EnableIRQ
                0x00004f9c       0x18 ./SDK/platform/drivers/src/interrupt/interrupt_manager.o
                0x00004f9c                INT_SYS_EnableIRQ
 .text.INT_SYS_DisableIRQ
                0x00004fb4       0x1c ./SDK/platform/drivers/src/interrupt/interrupt_manager.o
                0x00004fb4                INT_SYS_DisableIRQ
 .text.INT_SYS_EnableIRQGlobal
                0x00004fd0       0x1c ./SDK/platform/drivers/src/interrupt/interrupt_manager.o
                0x00004fd0                INT_SYS_EnableIRQGlobal
 .text.INT_SYS_DisableIRQGlobal
                0x00004fec       0x10 ./SDK/platform/drivers/src/interrupt/interrupt_manager.o
                0x00004fec                INT_SYS_DisableIRQGlobal
 .text.LPSPI_Init
                0x00004ffc        0xa ./SDK/platform/drivers/src/lpspi/lpspi_hw_access.o
                0x00004ffc                LPSPI_Init
 .text.LPSPI_Disable
                0x00005006       0x18 ./SDK/platform/drivers/src/lpspi/lpspi_hw_access.o
                0x00005006                LPSPI_Disable
 .text.LPSPI_SetMasterSlaveMode
                0x0000501e        0xe ./SDK/platform/drivers/src/lpspi/lpspi_hw_access.o
                0x0000501e                LPSPI_SetMasterSlaveMode
 .text.LPSPI_SetFlushFifoCmd
                0x0000502c        0xe ./SDK/platform/drivers/src/lpspi/lpspi_hw_access.o
                0x0000502c                LPSPI_SetFlushFifoCmd
 .text.LPSPI_ClearStatusFlag
                0x0000503a       0x20 ./SDK/platform/drivers/src/lpspi/lpspi_hw_access.o
                0x0000503a                LPSPI_ClearStatusFlag
 .text.LPSPI_SetPcsPolarityMode
                0x0000505a       0x1c ./SDK/platform/drivers/src/lpspi/lpspi_hw_access.o
                0x0000505a                LPSPI_SetPcsPolarityMode
 .text.LPSPI_SetPinConfigMode
                0x00005076       0x22 ./SDK/platform/drivers/src/lpspi/lpspi_hw_access.o
                0x00005076                LPSPI_SetPinConfigMode
 .text.LPSPI_SetBaudRateDivisor
                0x00005098       0x10 ./SDK/platform/drivers/src/lpspi/lpspi_hw_access.o
                0x00005098                LPSPI_SetBaudRateDivisor
 .text.LPSPI_SetBaudRate
                0x000050a8      0x108 ./SDK/platform/drivers/src/lpspi/lpspi_hw_access.o
                0x000050a8                LPSPI_SetBaudRate
 .text.LPSPI_SetTxCommandReg
                0x000051b0       0x4a ./SDK/platform/drivers/src/lpspi/lpspi_hw_access.o
                0x000051b0                LPSPI_SetTxCommandReg
 .text.LPSPI0_IRQHandler
                0x000051fa        0xa ./SDK/platform/drivers/src/lpspi/lpspi_irq.o
                0x000051fa                LPSPI0_IRQHandler
 .text.LPSPI1_IRQHandler
                0x00005204        0xa ./SDK/platform/drivers/src/lpspi/lpspi_irq.o
                0x00005204                LPSPI1_IRQHandler
 *fill*         0x0000520e        0x2 
 .text.LPSPI_DRV_MasterStartTransfer
                0x00005210      0x1f4 ./SDK/platform/drivers/src/lpspi/lpspi_master_driver.o
 .text.LPSPI_DRV_MasterCompleteTransfer
                0x00005404       0x78 ./SDK/platform/drivers/src/lpspi/lpspi_master_driver.o
 .text.LPSPI_DRV_MasterConfigureBus
                0x0000547c      0x114 ./SDK/platform/drivers/src/lpspi/lpspi_master_driver.o
                0x0000547c                LPSPI_DRV_MasterConfigureBus
 .text.LPSPI_DRV_MasterInit
                0x00005590       0x80 ./SDK/platform/drivers/src/lpspi/lpspi_master_driver.o
                0x00005590                LPSPI_DRV_MasterInit
 .text.LPSPI_DRV_MasterTransferBlocking
                0x00005610       0xc0 ./SDK/platform/drivers/src/lpspi/lpspi_master_driver.o
                0x00005610                LPSPI_DRV_MasterTransferBlocking
 .text.LPSPI_DRV_MasterAbortTransfer
                0x000056d0       0x28 ./SDK/platform/drivers/src/lpspi/lpspi_master_driver.o
                0x000056d0                LPSPI_DRV_MasterAbortTransfer
 .text.LPSPI_DRV_MasterCompleteDMATransfer
                0x000056f8       0x44 ./SDK/platform/drivers/src/lpspi/lpspi_master_driver.o
 .text.LPSPI_DRV_MasterCompleteRX
                0x0000573c       0x20 ./SDK/platform/drivers/src/lpspi/lpspi_master_driver.o
 .text.LPSPI_DRV_MasterIRQHandler
                0x0000575c       0xb4 ./SDK/platform/drivers/src/lpspi/lpspi_master_driver.o
                0x0000575c                LPSPI_DRV_MasterIRQHandler
 .text.LPSPI_DRV_IRQHandler
                0x00005810       0x28 ./SDK/platform/drivers/src/lpspi/lpspi_shared_function.o
                0x00005810                LPSPI_DRV_IRQHandler
 .text.LPSPI_DRV_FillupTxBuffer
                0x00005838       0xb4 ./SDK/platform/drivers/src/lpspi/lpspi_shared_function.o
                0x00005838                LPSPI_DRV_FillupTxBuffer
 .text.LPSPI_DRV_ReadRXBuffer
                0x000058ec       0x8c ./SDK/platform/drivers/src/lpspi/lpspi_shared_function.o
                0x000058ec                LPSPI_DRV_ReadRXBuffer
 .text.LPSPI_DRV_DisableTEIEInterrupts
                0x00005978       0x30 ./SDK/platform/drivers/src/lpspi/lpspi_shared_function.o
                0x00005978                LPSPI_DRV_DisableTEIEInterrupts
 .text.LPSPI_DRV_SlaveAbortTransfer
                0x000059a8       0x74 ./SDK/platform/drivers/src/lpspi/lpspi_slave_driver.o
                0x000059a8                LPSPI_DRV_SlaveAbortTransfer
 .text.LPSPI_DRV_SlaveIRQHandler
                0x00005a1c       0xd4 ./SDK/platform/drivers/src/lpspi/lpspi_slave_driver.o
                0x00005a1c                LPSPI_DRV_SlaveIRQHandler
 .text.PINS_DRV_Init
                0x00005af0       0x20 ./SDK/platform/drivers/src/pins/pins_driver.o
                0x00005af0                PINS_DRV_Init
 .text.PINS_DRV_WritePin
                0x00005b10       0x18 ./SDK/platform/drivers/src/pins/pins_driver.o
                0x00005b10                PINS_DRV_WritePin
 .text.PINS_DRV_ReadPins
                0x00005b28        0x4 ./SDK/platform/drivers/src/pins/pins_driver.o
                0x00005b28                PINS_DRV_ReadPins
 .text.PINS_GetAdcInterleaveVal
                0x00005b2c       0x70 ./SDK/platform/drivers/src/pins/pins_port_hw_access.o
 .text.PINS_Init
                0x00005b9c      0x114 ./SDK/platform/drivers/src/pins/pins_port_hw_access.o
                0x00005b9c                PINS_Init
 .text.CAN_FindFlexCANState
                0x00005cb0        0x4 ./SDK/platform/pal/src/can/can_pal.o
 .text.CAN_InternalCallback
                0x00005cb4       0x6c ./SDK/platform/pal/src/can/can_pal.o
 .text.CAN_Init
                0x00005d20       0xe8 ./SDK/platform/pal/src/can/can_pal.o
                0x00005d20                CAN_Init
 .text.CAN_ConfigTxBuff
                0x00005e08       0x74 ./SDK/platform/pal/src/can/can_pal.o
                0x00005e08                CAN_ConfigTxBuff
 .text.CAN_ConfigRxBuff
                0x00005e7c       0x7c ./SDK/platform/pal/src/can/can_pal.o
                0x00005e7c                CAN_ConfigRxBuff
 .text.CAN_Send
                0x00005ef8       0x78 ./SDK/platform/pal/src/can/can_pal.o
                0x00005ef8                CAN_Send
 .text.CAN_Receive
                0x00005f70       0x48 ./SDK/platform/pal/src/can/can_pal.o
                0x00005f70                CAN_Receive
 .text.CAN_SetRxFilter
                0x00005fb8       0x28 ./SDK/platform/pal/src/can/can_pal.o
                0x00005fb8                CAN_SetRxFilter
 .text.CAN_InstallEventCallback
                0x00005fe0       0x40 ./SDK/platform/pal/src/can/can_pal.o
                0x00005fe0                CAN_InstallEventCallback
 .text.PWM_Init
                0x00006020      0x254 ./SDK/platform/pal/src/pwm/pwm_pal.o
                0x00006020                PWM_Init
 .text.PWM_UpdateDuty
                0x00006274       0x40 ./SDK/platform/pal/src/pwm/pwm_pal.o
                0x00006274                PWM_UpdateDuty
 .text.FindLpspiState
                0x000062b4       0x20 ./SDK/platform/pal/src/spi/spi_pal.o
 .text.SmallestPowerOfTwo
                0x000062d4       0x1c ./SDK/platform/pal/src/spi/spi_pal.o
 .text.SPI_MasterInit
                0x000062f0       0xb8 ./SDK/platform/pal/src/spi/spi_pal.o
                0x000062f0                SPI_MasterInit
 .text.SPI_MasterTransferBlocking
                0x000063a8       0x4c ./SDK/platform/pal/src/spi/spi_pal.o
                0x000063a8                SPI_MasterTransferBlocking
 .text.SysTick_Handler
                0x000063f4       0x10 ./SDK/rtos/osif/osif_baremetal.o
                0x000063f4                SysTick_Handler
 .text.OSIF_SemaWait
                0x00006404       0x74 ./SDK/rtos/osif/osif_baremetal.o
                0x00006404                OSIF_SemaWait
 .text.OSIF_SemaPost
                0x00006478       0x26 ./SDK/rtos/osif/osif_baremetal.o
                0x00006478                OSIF_SemaPost
 .text.OSIF_SemaCreate
                0x0000649e       0x14 ./SDK/rtos/osif/osif_baremetal.o
                0x0000649e                OSIF_SemaCreate
 .text.OSIF_SemaDestroy
                0x000064b2        0x4 ./SDK/rtos/osif/osif_baremetal.o
                0x000064b2                OSIF_SemaDestroy
 *fill*         0x000064b6        0x2 
 .text.DoorSys_EventApHandler
                0x000064b8       0x5c ./Sources/0_AppSw/AntiPinch/DoorSys_AntiPinch.o
                0x000064b8                DoorSys_EventApHandler
 .text.DoorSys_AntipinchReset
                0x00006514       0x24 ./Sources/0_AppSw/AntiPinch/DoorSys_AntiPinch.o
                0x00006514                DoorSys_AntipinchReset
 .text.DoorSys_ApEventCheck
                0x00006538       0xb8 ./Sources/0_AppSw/AntiPinch/DoorSys_AntiPinch.o
                0x00006538                DoorSys_ApEventCheck
 .text.DoorSys_getDiffAdapt
                0x000065f0       0x84 ./Sources/0_AppSw/AntiPinch/DoorSys_ApAdapt.o
                0x000065f0                DoorSys_getDiffAdapt
 .text.Ap_ApSpeed
                0x00006674       0x48 ./Sources/0_AppSw/AntiPinch/DoorSys_ApCalSpeed.o
                0x00006674                Ap_ApSpeed
 .text.Ap_ApSpeedReset
                0x000066bc       0x1c ./Sources/0_AppSw/AntiPinch/DoorSys_ApCalSpeed.o
                0x000066bc                Ap_ApSpeedReset
 .text.Doorsys_ApCheck
                0x000066d8       0x70 ./Sources/0_AppSw/AntiPinch/DoorSys_ApCheck.o
                0x000066d8                Doorsys_ApCheck
 .text.DoorSys_ApDiff
                0x00006748       0xa0 ./Sources/0_AppSw/AntiPinch/DoorSys_ApCheck.o
                0x00006748                DoorSys_ApDiff
 .text.DoorSys_ApLimit
                0x000067e8      0x154 ./Sources/0_AppSw/AntiPinch/DoorSys_ApLimit.o
                0x000067e8                DoorSys_ApLimit
 .text.DCU_Handler
                0x0000693c       0xb4 ./Sources/0_AppSw/Components/DCU.o
                0x0000693c                DCU_Handler
 .text.FTM2_Timer_OverflowISR
                0x000069f0       0x28 ./Sources/0_AppSw/Components/DualHall.o
                0x000069f0                FTM2_Timer_OverflowISR
 .text.FTM1_Timer_OverflowISR
                0x00006a18       0x1c ./Sources/0_AppSw/Components/DualHall.o
                0x00006a18                FTM1_Timer_OverflowISR
 .text.DualHall_Init
                0x00006a34       0x90 ./Sources/0_AppSw/Components/DualHall.o
                0x00006a34                DualHall_Init
 .text.FTM2_CH1_Input_Detect
                0x00006ac4       0xbc ./Sources/0_AppSw/Components/DualHall.o
                0x00006ac4                FTM2_CH1_Input_Detect
 .text.FTM1_CH1_Input_Detect
                0x00006b80       0x70 ./Sources/0_AppSw/Components/DualHall.o
                0x00006b80                FTM1_CH1_Input_Detect
 .text.IMU_Handler
                0x00006bf0      0x178 ./Sources/0_AppSw/Components/IMU.o
                0x00006bf0                IMU_Handler
 .text.MotorActator_Init
                0x00006d68       0x4c ./Sources/0_AppSw/Components/MotAct.o
                0x00006d68                MotorActator_Init
 .text.MotorActator_Stop
                0x00006db4       0x30 ./Sources/0_AppSw/Components/MotAct.o
                0x00006db4                MotorActator_Stop
 .text.MotorActator_Start
                0x00006de4       0x10 ./Sources/0_AppSw/Components/MotAct.o
                0x00006de4                MotorActator_Start
 .text.MotorActator_UpdateDuty
                0x00006df4       0xc8 ./Sources/0_AppSw/Components/MotAct.o
                0x00006df4                MotorActator_UpdateDuty
 .text.MotorActator_SlowDown
                0x00006ebc       0x64 ./Sources/0_AppSw/Components/MotAct.o
                0x00006ebc                MotorActator_SlowDown
 .text.MotorActator_StateMachine
                0x00006f20      0x110 ./Sources/0_AppSw/Components/MotAct.o
                0x00006f20                MotorActator_StateMachine
 .text.MotorActator_StartUp
                0x00007030      0x1e0 ./Sources/0_AppSw/Components/MotAct_Startup.o
                0x00007030                MotorActator_StartUp
 .text.MotorActator_StartupCurveReset
                0x00007210       0x14 ./Sources/0_AppSw/Components/MotAct_Startup.o
                0x00007210                MotorActator_StartupCurveReset
 .text.Roll_Pitch_Adjust
                0x00007224     0x224c ./Sources/0_AppSw/Components/Roll_Pitch_Parameter.o
                0x00007224                Roll_Pitch_Adjust
 .text.Switch_Init
                0x00009470       0x50 ./Sources/0_AppSw/Components/Switch.o
                0x00009470                Switch_Init
 .text.Switch_Check
                0x000094c0       0x64 ./Sources/0_AppSw/Components/Switch.o
                0x000094c0                Switch_Check
 .text.Switch_CmdHandler
                0x00009524       0x88 ./Sources/0_AppSw/Components/Switch.o
                0x00009524                Switch_CmdHandler
 .text.Get_Vechicle_Speed_Status
                0x000095ac       0x24 ./Sources/0_AppSw/Components/TCU.o
                0x000095ac                Get_Vechicle_Speed_Status
 .text.DoorSys_StateMachine
                0x000095d0       0x5c ./Sources/0_AppSw/DoorSys.o
                0x000095d0                DoorSys_StateMachine
 .text.DoorSys_CmdHandle
                0x0000962c      0x104 ./Sources/0_AppSw/DoorSys.o
                0x0000962c                DoorSys_CmdHandle
 .text.DoorSys_EventHandle
                0x00009730       0x60 ./Sources/0_AppSw/DoorSys.o
                0x00009730                DoorSys_EventHandle
 .text.DoorSys_DoorControlInit
                0x00009790       0x6c ./Sources/0_AppSw/DoorSysDef.o
                0x00009790                DoorSys_DoorControlInit
 .text.DoorSys_Init
                0x000097fc       0x10 ./Sources/0_AppSw/DoorSysDef.o
                0x000097fc                DoorSys_Init
 .text.DoorSys_ManaualAssitCheck
                0x0000980c       0x18 ./Sources/0_AppSw/DoorSys_Assit.o
                0x0000980c                DoorSys_ManaualAssitCheck
 .text.DoorSys_EventManaualAssitHander
                0x00009824        0x6 ./Sources/0_AppSw/DoorSys_Assit.o
                0x00009824                DoorSys_EventManaualAssitHander
 *fill*         0x0000982a        0x2 
 .text.DoorSys_BlockCheck
                0x0000982c       0x50 ./Sources/0_AppSw/DoorSys_Block.o
                0x0000982c                DoorSys_BlockCheck
 .text.DoorSys_EventBlockHandler
                0x0000987c       0x9e ./Sources/0_AppSw/DoorSys_Block.o
                0x0000987c                DoorSys_EventBlockHandler
 *fill*         0x0000991a        0x2 
 .text.DoorSys_eBrakeInit
                0x0000991c       0x28 ./Sources/0_AppSw/DoorSys_EBrake.o
                0x0000991c                DoorSys_eBrakeInit
 .text.DoorSys_eBrakeCheck
                0x00009944       0xd4 ./Sources/0_AppSw/DoorSys_EBrake.o
                0x00009944                DoorSys_eBrakeCheck
 .text.DoorSys_EventeBrakeHandler
                0x00009a18       0x10 ./Sources/0_AppSw/DoorSys_EBrake.o
                0x00009a18                DoorSys_EventeBrakeHandler
 .text.DoorSys_eBrakeControl
                0x00009a28       0xc8 ./Sources/0_AppSw/DoorSys_EBrake.o
                0x00009a28                DoorSys_eBrakeControl
 .text.DoorSys_OpeningPosCheck
                0x00009af0       0x36 ./Sources/0_AppSw/DoorSys_Pos.o
                0x00009af0                DoorSys_OpeningPosCheck
 .text.DoorSys_ClosingPosCheck
                0x00009b26       0x36 ./Sources/0_AppSw/DoorSys_Pos.o
                0x00009b26                DoorSys_ClosingPosCheck
 .text.DoorSys_PosLearn
                0x00009b5c       0x4c ./Sources/0_AppSw/DoorSys_Pos.o
                0x00009b5c                DoorSys_PosLearn
 .text.DoorSys_TipToRunCheck
                0x00009ba8       0xdc ./Sources/0_AppSw/DoorSys_Tip2Run.o
                0x00009ba8                DoorSys_TipToRunCheck
 .text.DoorSys_EventTipToRunHander
                0x00009c84       0x22 ./Sources/0_AppSw/DoorSys_Tip2Run.o
                0x00009c84                DoorSys_EventTipToRunHander
 *fill*         0x00009ca6        0x2 
 .text.DoorSys_VelocityClosingControl
                0x00009ca8       0xb4 ./Sources/0_AppSw/DoorSys_Velocity.o
                0x00009ca8                DoorSys_VelocityClosingControl
 *fill*         0x00009d5c        0x4 
 .text.DoorSys_VelocityOpeningControl
                0x00009d60       0xac ./Sources/0_AppSw/DoorSys_Velocity.o
                0x00009d60                DoorSys_VelocityOpeningControl
 .text.DoorSys_VelocityUpdate
                0x00009e0c       0xa0 ./Sources/0_AppSw/DoorSys_Velocity.o
                0x00009e0c                DoorSys_VelocityUpdate
 .text.DoorSys_VelocityEvaluate
                0x00009eac       0x20 ./Sources/0_AppSw/DoorSys_Velocity.o
                0x00009eac                DoorSys_VelocityEvaluate
 .text.DoorSys_VelocityReset
                0x00009ecc       0x30 ./Sources/0_AppSw/DoorSys_Velocity.o
                0x00009ecc                DoorSys_VelocityReset
 .text.DoorSys_VelocityInit
                0x00009efc        0xc ./Sources/0_AppSw/DoorSys_Velocity.o
                0x00009efc                DoorSys_VelocityInit
 .text.DoorSys_getVelocityArray
                0x00009f08        0x8 ./Sources/0_AppSw/DoorSys_Velocity.o
                0x00009f08                DoorSys_getVelocityArray
 .text.VelocityControl_Do
                0x00009f10       0x1c ./Sources/0_AppSw/DoorSys_VelocityControl.o
                0x00009f10                VelocityControl_Do
 *fill*         0x00009f2c        0x4 
 .text.VelocityControl_Init
                0x00009f30       0xec ./Sources/0_AppSw/DoorSys_VelocityControl.o
                0x00009f30                VelocityControl_Init
 .text.VelocityControl_open_adjust_curve1
                0x0000a01c      0x12c ./Sources/0_AppSw/DoorSys_VelocityControl.o
                0x0000a01c                VelocityControl_open_adjust_curve1
 .text.VelocityControl_close_adjust_curve1
                0x0000a148      0x164 ./Sources/0_AppSw/DoorSys_VelocityControl.o
                0x0000a148                VelocityControl_close_adjust_curve1
 .text.VelocityControl_Task
                0x0000a2ac       0xb8 ./Sources/0_AppSw/DoorSys_VelocityControl.o
                0x0000a2ac                VelocityControl_Task
 .text.PDS_getCalibrStatus
                0x0000a364       0x1c ./Sources/1_Bsw/Com/CanMsgHandler/CanIf_MsgHandler.o
                0x0000a364                PDS_getCalibrStatus
 .text.PDS_getChimeReq
                0x0000a380        0x4 ./Sources/1_Bsw/Com/CanMsgHandler/CanIf_MsgHandler.o
                0x0000a380                PDS_getChimeReq
 .text.PDS_getDoorAngle
                0x0000a384       0x24 ./Sources/1_Bsw/Com/CanMsgHandler/CanIf_MsgHandler.o
                0x0000a384                PDS_getDoorAngle
 .text.PDS_getSnsrActCommand
                0x0000a3a8        0x4 ./Sources/1_Bsw/Com/CanMsgHandler/CanIf_MsgHandler.o
                0x0000a3a8                PDS_getSnsrActCommand
 .text.PDS_getBrakeStatus
                0x0000a3ac       0x10 ./Sources/1_Bsw/Com/CanMsgHandler/CanIf_MsgHandler.o
                0x0000a3ac                PDS_getBrakeStatus
 .text.PDS_getDoorAngleStuck
                0x0000a3bc       0x18 ./Sources/1_Bsw/Com/CanMsgHandler/CanIf_MsgHandler.o
                0x0000a3bc                PDS_getDoorAngleStuck
 .text.PDS_getDoorAngVel
                0x0000a3d4       0x18 ./Sources/1_Bsw/Com/CanMsgHandler/CanIf_MsgHandler.o
                0x0000a3d4                PDS_getDoorAngVel
 .text.PDS_getSwingActrStatus
                0x0000a3ec       0x28 ./Sources/1_Bsw/Com/CanMsgHandler/CanIf_MsgHandler.o
                0x0000a3ec                PDS_getSwingActrStatus
 .text.CanMsgHandler_BCM_365
                0x0000a414      0x13c ./Sources/1_Bsw/Com/CanMsgHandler/CanIf_MsgHandler_BCM_365.o
                0x0000a414                CanMsgHandler_BCM_365
 .text.CanMsgHandler_DATC_380
                0x0000a550       0xc8 ./Sources/1_Bsw/Com/CanMsgHandler/CanIf_MsgHandler_DATC_380.o
                0x0000a550                CanMsgHandler_DATC_380
 .text.CanMsgHandler_DCU_FL_310
                0x0000a618      0x234 ./Sources/1_Bsw/Com/CanMsgHandler/CanIf_MsgHandler_DCU_FL_310.o
                0x0000a618                CanMsgHandler_DCU_FL_310
 .text.CanMsgHandler_DCU_FR_320
                0x0000a84c      0x144 ./Sources/1_Bsw/Com/CanMsgHandler/CanIf_MsgHandler_DCU_FR_320.o
                0x0000a84c                CanMsgHandler_DCU_FR_320
 .text.CanMsgHandler_DCU_RL_330
                0x0000a990      0x144 ./Sources/1_Bsw/Com/CanMsgHandler/CanIf_MsgHandler_DCU_RL_330.o
                0x0000a990                CanMsgHandler_DCU_RL_330
 .text.CanMsgHandler_DCU_RR_340
                0x0000aad4      0x144 ./Sources/1_Bsw/Com/CanMsgHandler/CanIf_MsgHandler_DCU_RR_340.o
                0x0000aad4                CanMsgHandler_DCU_RR_340
 .text.CanMsgHandler_IMU_350
                0x0000ac18      0x144 ./Sources/1_Bsw/Com/CanMsgHandler/CanIf_MsgHandler_IMU_350.o
                0x0000ac18                CanMsgHandler_IMU_350
 .text.CanMsgHandler_PDS_FL_370
                0x0000ad5c      0x1a4 ./Sources/1_Bsw/Com/CanMsgHandler/CanIf_MsgHandler_PDS_FL_370.o
                0x0000ad5c                CanMsgHandler_PDS_FL_370
 .text.CanMsgHandler_TCU_1AC
                0x0000af00       0xe4 ./Sources/1_Bsw/Com/CanMsgHandler/CanIf_MsgHandler_TCU_1AC.o
                0x0000af00                CanMsgHandler_TCU_1AC
 .text.Rx_CAN_Frame_CAN_Signal_to_Data_Buff_Fun
                0x0000afe4      0x2f4 ./Sources/1_Bsw/Com/CanMsgHandler/CanIf_Pack.o
                0x0000afe4                Rx_CAN_Frame_CAN_Signal_to_Data_Buff_Fun
 .text.Rx_CAN_Frame_Data_Buff_to_CAN_Signal_Hex_Fun
                0x0000b2d8      0x28a ./Sources/1_Bsw/Com/CanMsgHandler/CanIf_Unpack.o
                0x0000b2d8                Rx_CAN_Frame_Data_Buff_to_CAN_Signal_Hex_Fun
 *fill*         0x0000b562        0x2 
 .text.SBC_Sleep_Handler
                0x0000b564       0x38 ./Sources/1_Bsw/SBC/SBC_Handler.o
                0x0000b564                SBC_Sleep_Handler
 .text.sbc_read_reg
                0x0000b59c        0xe ./Sources/1_Bsw/SBC/TLE926x.o
                0x0000b59c                sbc_read_reg
 .text.sbc_write_reg
                0x0000b5aa       0x34 ./Sources/1_Bsw/SBC/TLE926x.o
                0x0000b5aa                sbc_write_reg
 .text.sbc_write_reg_field
                0x0000b5de       0x4e ./Sources/1_Bsw/SBC/TLE926x.o
                0x0000b5de                sbc_write_reg_field
 .text.sbc_init
                0x0000b62c      0x204 ./Sources/1_Bsw/SBC/TLE926x.o
                0x0000b62c                sbc_init
 .text.SBC_CyclicSense
                0x0000b830       0x44 ./Sources/1_Bsw/SBC/TLE926x.o
                0x0000b830                SBC_CyclicSense
 .text.SBC_Sleep_Mode
                0x0000b874       0x48 ./Sources/1_Bsw/SBC/TLE926x.o
                0x0000b874                SBC_Sleep_Mode
 .text.SBC_SPI_TRANSFER16
                0x0000b8bc       0x3c ./Sources/1_Bsw/SBC/TLE926x_SPI.o
                0x0000b8bc                SBC_SPI_TRANSFER16
 .text.Pic_Init
                0x0000b8f8       0x14 ./Sources/1_Bsw/Serivce/Pi.o
                0x0000b8f8                Pic_Init
 .text.Pic_SetKpKi_StdReal
                0x0000b90c       0x42 ./Sources/1_Bsw/Serivce/Pi.o
                0x0000b90c                Pic_SetKpKi_StdReal
 .text.Pic_SetLimit
                0x0000b94e        0xe ./Sources/1_Bsw/Serivce/Pi.o
                0x0000b94e                Pic_SetLimit
 .text.Pic_Do   0x0000b95c       0x5c ./Sources/1_Bsw/Serivce/Pi.o
                0x0000b95c                Pic_Do
 .text.OsMainInit
                0x0000b9b8        0xc ./Sources/1_Bsw/TaskOs/OsMain.o
                0x0000b9b8                OsMainInit
 .text.OsMain   0x0000b9c4       0x8c ./Sources/1_Bsw/TaskOs/OsMain.o
                0x0000b9c4                OsMain
 .text.OsScheduler_initTask
                0x0000ba50       0x16 ./Sources/1_Bsw/TaskOs/OsScheduler.o
                0x0000ba50                OsScheduler_initTask
 *fill*         0x0000ba66        0x2 
 .text.OsScheduler_init
                0x0000ba68       0x80 ./Sources/1_Bsw/TaskOs/OsScheduler.o
                0x0000ba68                OsScheduler_init
 .text.OsTaskfu_cyclic
                0x0000bae8       0x1c ./Sources/1_Bsw/TaskOs/OsTaskFu.o
                0x0000bae8                OsTaskfu_cyclic
 .text.OsTaskfu_1ms
                0x0000bb04       0x1c ./Sources/1_Bsw/TaskOs/OsTaskFu.o
                0x0000bb04                OsTaskfu_1ms
 .text.OsTaskfu_5ms
                0x0000bb20       0x18 ./Sources/1_Bsw/TaskOs/OsTaskFu.o
                0x0000bb20                OsTaskfu_5ms
 .text.OsTaskfu_10ms
                0x0000bb38       0x10 ./Sources/1_Bsw/TaskOs/OsTaskFu.o
                0x0000bb38                OsTaskfu_10ms
 .text.OsTaskfu_100ms
                0x0000bb48        0x2 ./Sources/1_Bsw/TaskOs/OsTaskFu.o
                0x0000bb48                OsTaskfu_100ms
 .text.OsTaskfu_200ms
                0x0000bb4a        0x6 ./Sources/1_Bsw/TaskOs/OsTaskFu.o
                0x0000bb4a                OsTaskfu_200ms
 .text.OsTaskfu_init
                0x0000bb50       0x38 ./Sources/1_Bsw/TaskOs/OsTaskFu.o
                0x0000bb50                OsTaskfu_init
 .text.ftmTimerISR
                0x0000bb88       0x58 ./Sources/1_Bsw/TaskOs/OsTimerTick.o
                0x0000bb88                ftmTimerISR
 .text.OsTimerTick_Init
                0x0000bbe0       0x68 ./Sources/1_Bsw/TaskOs/OsTimerTick.o
                0x0000bbe0                OsTimerTick_Init
 .text.DioIf_Init
                0x0000bc48       0x10 ./Sources/2_CDrv/DioIf.o
                0x0000bc48                DioIf_Init
 .text.Flash_Init
                0x0000bc58       0x6c ./Sources/2_CDrv/FlashIf.o
                0x0000bc58                Flash_Init
 .text.DFlash_Erase_All
                0x0000bcc4       0x2c ./Sources/2_CDrv/FlashIf.o
                0x0000bcc4                DFlash_Erase_All
 .text.DFlash_Write
                0x0000bcf0       0x50 ./Sources/2_CDrv/FlashIf.o
                0x0000bcf0                DFlash_Write
 .text.CanDFlash_TxMessage
                0x0000bd40       0x60 ./Sources/2_CDrv/FlashIf.o
                0x0000bd40                CanDFlash_TxMessage
 .text.SpiIf_SbcInit
                0x0000bda0       0x14 ./Sources/2_CDrv/SpiIf.o
                0x0000bda0                SpiIf_SbcInit
 .text.SpiIf_sendSbc
                0x0000bdb4       0x30 ./Sources/2_CDrv/SpiIf.o
                0x0000bdb4                SpiIf_sendSbc
 .text.CanIf0_Callback_Func
                0x0000bde4       0x3c ./Sources/2_CDrv/CanIf/CanIf.o
                0x0000bde4                CanIf0_Callback_Func
 .text.CanIf0_Init
                0x0000be20       0x6c ./Sources/2_CDrv/CanIf/CanIf.o
                0x0000be20                CanIf0_Init
 .text.CanIf0_Send
                0x0000be8c       0x14 ./Sources/2_CDrv/CanIf/CanIf.o
                0x0000be8c                CanIf0_Send
 .text.CanIf0_DebugMsgRxProcessing
                0x0000bea0      0x14c ./Sources/2_CDrv/CanIf/CanIf_DebugMsg.o
                0x0000bea0                CanIf0_DebugMsgRxProcessing
 .text.CanIf0_transmitDebugMsg1
                0x0000bfec      0x17c ./Sources/2_CDrv/CanIf/CanIf_DebugMsg.o
                0x0000bfec                CanIf0_transmitDebugMsg1
 .text.CanIf0_transmitDebugMsg2
                0x0000c168       0xa4 ./Sources/2_CDrv/CanIf/CanIf_DebugMsg.o
                0x0000c168                CanIf0_transmitDebugMsg2
 .text.CanIf0_transmitDebugMsg3
                0x0000c20c       0xa8 ./Sources/2_CDrv/CanIf/CanIf_DebugMsg.o
                0x0000c20c                CanIf0_transmitDebugMsg3
 .text.CanIf0_transmitDebugMsg4
                0x0000c2b4       0x8c ./Sources/2_CDrv/CanIf/CanIf_DebugMsg.o
                0x0000c2b4                CanIf0_transmitDebugMsg4
 .text.CanIf0_transmitDebugMsg5
                0x0000c340       0x88 ./Sources/2_CDrv/CanIf/CanIf_DebugMsg.o
                0x0000c340                CanIf0_transmitDebugMsg5
 .text.CanIf0_DebugMsgTransmit
                0x0000c3c8       0x8c ./Sources/2_CDrv/CanIf/CanIf_DebugMsg.o
                0x0000c3c8                CanIf0_DebugMsgTransmit
 .text.CanIf0_ApInfoTransmit
                0x0000c454       0x44 ./Sources/2_CDrv/CanIf/CanIf_DebugMsg.o
                0x0000c454                CanIf0_ApInfoTransmit
 .text.CanIf0_Msg_Init
                0x0000c498       0x40 ./Sources/2_CDrv/CanIf/CanIf_Msg.o
                0x0000c498                CanIf0_Msg_Init
 .text.CanIf0_RxMessagePocessing
                0x0000c4d8       0x40 ./Sources/2_CDrv/CanIf/CanIf_Msg.o
                0x0000c4d8                CanIf0_RxMessagePocessing
 .text.CanIf0_TxMessage
                0x0000c518       0x44 ./Sources/2_CDrv/CanIf/CanIf_Msg.o
                0x0000c518                CanIf0_TxMessage
 .text.main     0x0000c55c       0x24 ./Sources/main.o
                0x0000c55c                main
 .text.memset   0x0000c580       0x10 D:/Program/nxp/S32DS/build_tools/gcc_v6.3/gcc-6.3-arm32-eabi/arm-none-eabi/newlib/lib/thumb/v7e-m/fpv4-sp/hard\libc_nano.a(lib_a-memset.o)
                0x0000c580                memset
 *(.rodata)
 *(.rodata*)
 .rodata.CAN0can_pal1_Config0
                0x0000c590       0x34 ./Generated_Code/CAN0can_pal1.o
                0x0000c590                CAN0can_pal1_Config0
 .rodata.CAN0can_pal1_instance
                0x0000c5c4        0x8 ./Generated_Code/CAN0can_pal1.o
                0x0000c5c4                CAN0can_pal1_instance
 .rodata.DriveMadConv1_ChnConfig1
                0x0000c5cc        0x4 ./Generated_Code/DriveMadConv1.o
                0x0000c5cc                DriveMadConv1_ChnConfig1
 .rodata.Flash1_InitConfig0
                0x0000c5d0       0x14 ./Generated_Code/Flash1.o
                0x0000c5d0                Flash1_InitConfig0
 .rodata.SPI0spi1_MasterConfig0
                0x0000c5e4       0x1c ./Generated_Code/SPI0spi1.o
                0x0000c5e4                SPI0spi1_MasterConfig0
 .rodata.s_adcBase
                0x0000c600        0x8 ./SDK/platform/drivers/src/adc/adc_driver.o
 .rodata.clockNameMappings
                0x0000c608       0x98 ./SDK/platform/drivers/src/clock/S32K1xx/clock_S32K1xx.o
                0x0000c608                clockNameMappings
 .rodata.maxSysClksInHSRUN.7588
                0x0000c6a0       0x54 ./SDK/platform/drivers/src/clock/S32K1xx/clock_S32K1xx.o
 .rodata.maxSysClksInRUN.7587
                0x0000c6f4       0x54 ./SDK/platform/drivers/src/clock/S32K1xx/clock_S32K1xx.o
 .rodata.maxSysClksInVLPR.7586
                0x0000c748       0x54 ./SDK/platform/drivers/src/clock/S32K1xx/clock_S32K1xx.o
 .rodata.peripheralFeaturesList
                0x0000c79c       0x4c ./SDK/platform/drivers/src/clock/S32K1xx/clock_S32K1xx.o
                0x0000c79c                peripheralFeaturesList
 .rodata.g_flexcanBase
                0x0000c7e8        0x8 ./SDK/platform/drivers/src/flexcan/flexcan_driver.o
 .rodata.g_flexcanBusOffIrqId
                0x0000c7f0        0x2 ./SDK/platform/drivers/src/flexcan/flexcan_driver.o
 *fill*         0x0000c7f2        0x2 
 .rodata.g_flexcanErrorIrqId
                0x0000c7f4        0x2 ./SDK/platform/drivers/src/flexcan/flexcan_driver.o
 *fill*         0x0000c7f6        0x2 
 .rodata.g_flexcanOredMessageBufferIrqId
                0x0000c7f8        0x4 ./SDK/platform/drivers/src/flexcan/flexcan_driver.o
 .rodata.g_flexcanWakeUpIrqId
                0x0000c7fc        0x2 ./SDK/platform/drivers/src/flexcan/flexcan_driver.o
 *fill*         0x0000c7fe        0x2 
 .rodata.payload_code.7334
                0x0000c800       0x41 ./SDK/platform/drivers/src/flexcan/flexcan_hw_access.o
 *fill*         0x0000c841        0x3 
 .rodata.g_ftmBase
                0x0000c844       0x10 ./SDK/platform/drivers/src/ftm/ftm_common.o
                0x0000c844                g_ftmBase
 .rodata.g_ftmExtClockSel
                0x0000c854        0x8 ./SDK/platform/drivers/src/ftm/ftm_common.o
 .rodata.g_ftmIrqId
                0x0000c85c       0x20 ./SDK/platform/drivers/src/ftm/ftm_common.o
                0x0000c85c                g_ftmIrqId
 .rodata.g_ftmOverflowIrqId
                0x0000c87c        0x4 ./SDK/platform/drivers/src/ftm/ftm_common.o
                0x0000c87c                g_ftmOverflowIrqId
 .rodata.s_baudratePrescaler
                0x0000c880       0x20 ./SDK/platform/drivers/src/lpspi/lpspi_hw_access.o
 .rodata.g_DoorSysPosCfg
                0x0000c8a0       0x10 ./Sources/0_AppSw/Config/DoorSysCfg.o
                0x0000c8a0                g_DoorSysPosCfg
 .rodata.canRxMsgCfg
                0x0000c8b0       0x9c ./Sources/1_Bsw/Com/Config/CanIfCfg_Msg.o
                0x0000c8b0                canRxMsgCfg
 .rodata.canTxMsgCfg
                0x0000c94c        0xc ./Sources/1_Bsw/Com/Config/CanIfCfg_Msg.o
                0x0000c94c                canTxMsgCfg
 .rodata.osScheduler_task_config
                0x0000c958       0x40 ./Sources/1_Bsw/Config/OsCfg_Scheduler.o
                0x0000c958                osScheduler_task_config
 *(.init)
 .init          0x0000c998        0x4 d:/program/nxp/s32ds/build_tools/gcc_v6.3/gcc-6.3-arm32-eabi/bin/../lib/gcc/arm-none-eabi/6.3.1/thumb/v7e-m/fpv4-sp/hard/crti.o
                0x0000c998                _init
 *(.fini)
 .fini          0x0000c99c        0x4 d:/program/nxp/s32ds/build_tools/gcc_v6.3/gcc-6.3-arm32-eabi/bin/../lib/gcc/arm-none-eabi/6.3.1/thumb/v7e-m/fpv4-sp/hard/crti.o
                0x0000c99c                _fini
 .fini.__stub   0x0000c9a0        0x8 linker stubs
 *(.eh_frame)
                0x0000c9a8                . = ALIGN (0x4)

.glue_7         0x0000c9a8        0x0
 .glue_7        0x0000c9a8        0x0 linker stubs

.glue_7t        0x0000c9a8        0x0
 .glue_7t       0x0000c9a8        0x0 linker stubs

.vfp11_veneer   0x0000c9a8        0x0
 .vfp11_veneer  0x0000c9a8        0x0 linker stubs

.v4_bx          0x0000c9a8        0x0
 .v4_bx         0x0000c9a8        0x0 linker stubs

.iplt           0x0000c9a8        0x0
 .iplt          0x0000c9a8        0x0 d:/program/nxp/s32ds/build_tools/gcc_v6.3/gcc-6.3-arm32-eabi/bin/../lib/gcc/arm-none-eabi/6.3.1/thumb/v7e-m/fpv4-sp/hard/crtbegin.o

.ARM            0x0000c9a8        0x0
                0x0000c9a8                __exidx_start = .
 *(.ARM.exidx*)
                0x0000c9a8                __exidx_end = .
                0x0000c9a8                __etext = .
                0x0000c9a8                __DATA_ROM = .

.interrupts_ram
                0x1fffc000      0x400
                0x1fffc000                . = ALIGN (0x4)
                0x1fffc000                __VECTOR_RAM__ = .
                0x1fffc000                __RAM_START = .
                0x1fffc000                __interrupts_ram_start__ = .
 *(.m_interrupts_ram)
                0x1fffc400                . = (. + M_VECTOR_RAM_SIZE)
 *fill*         0x1fffc000      0x400 
                0x1fffc400                . = ALIGN (0x4)
                0x1fffc400                __interrupts_ram_end__ = .
                0x1fffc000                __VECTOR_RAM = DEFINED (__flash_vector_table__)?ORIGIN (m_interrupts):__VECTOR_RAM__
                0x00000400                __RAM_VECTOR_TABLE_SIZE = DEFINED (__flash_vector_table__)?0x0:(__interrupts_ram_end__ - __interrupts_ram_start__)

.data           0x1fffc400      0x394 load address 0x0000c9a8
                0x1fffc400                . = ALIGN (0x4)
                0x1fffc400                __DATA_RAM = .
                0x1fffc400                __data_start__ = .
 *(.data)
 *(.data*)
 .data.clockMan1_InitConfig0
                0x1fffc400       0x78 ./Generated_Code/clockMan1.o
                0x1fffc400                clockMan1_InitConfig0
 .data.g_clockManConfigsArr
                0x1fffc478        0x4 ./Generated_Code/clockMan1.o
                0x1fffc478                g_clockManConfigsArr
 .data.peripheralClockConfig0
                0x1fffc47c       0x64 ./Generated_Code/clockMan1.o
                0x1fffc47c                peripheralClockConfig0
 .data.flexTimer_ic1_InitConfig
                0x1fffc4e0       0x12 ./Generated_Code/flexTimer_ic1.o
                0x1fffc4e0                flexTimer_ic1_InitConfig
 *fill*         0x1fffc4f2        0x2 
 .data.flexTimer_ic1_InputCaptureChannelConfig
                0x1fffc4f4       0x10 ./Generated_Code/flexTimer_ic1.o
                0x1fffc4f4                flexTimer_ic1_InputCaptureChannelConfig
 .data.flexTimer_ic1_InputCaptureConfig
                0x1fffc504        0x8 ./Generated_Code/flexTimer_ic1.o
                0x1fffc504                flexTimer_ic1_InputCaptureConfig
 .data.flexTimer_ic2_InitConfig
                0x1fffc50c       0x12 ./Generated_Code/flexTimer_ic2.o
                0x1fffc50c                flexTimer_ic2_InitConfig
 *fill*         0x1fffc51e        0x2 
 .data.flexTimer_ic2_InputCaptureChannelConfig
                0x1fffc520       0x10 ./Generated_Code/flexTimer_ic2.o
                0x1fffc520                flexTimer_ic2_InputCaptureChannelConfig
 .data.flexTimer_ic2_InputCaptureConfig
                0x1fffc530        0x8 ./Generated_Code/flexTimer_ic2.o
                0x1fffc530                flexTimer_ic2_InputCaptureConfig
 .data.flexTimer_mc1_InitConfig
                0x1fffc538       0x12 ./Generated_Code/flexTimer_mc1.o
                0x1fffc538                flexTimer_mc1_InitConfig
 *fill*         0x1fffc54a        0x2 
 .data.flexTimer_mc1_TimerConfig
                0x1fffc54c        0x6 ./Generated_Code/flexTimer_mc1.o
                0x1fffc54c                flexTimer_mc1_TimerConfig
 *fill*         0x1fffc552        0x2 
 .data.g_pin_mux_InitConfigArr
                0x1fffc554      0x150 ./Generated_Code/pin_mux.o
                0x1fffc554                g_pin_mux_InitConfigArr
 .data.pwm_pal1Channels
                0x1fffc6a4       0x30 ./Generated_Code/pwm_pal1.o
                0x1fffc6a4                pwm_pal1Channels
 .data.pwm_pal1Configs
                0x1fffc6d4        0x8 ./Generated_Code/pwm_pal1.o
                0x1fffc6d4                pwm_pal1Configs
 .data.pwm_pal1Instance
                0x1fffc6dc        0x8 ./Generated_Code/pwm_pal1.o
                0x1fffc6dc                pwm_pal1Instance
 .data.pwm_pal1Timebase
                0x1fffc6e4        0x3 ./Generated_Code/pwm_pal1.o
                0x1fffc6e4                pwm_pal1Timebase
 *fill*         0x1fffc6e7        0x1 
 .data.peripheralClockConfig.7350
                0x1fffc6e8       0x91 ./SDK/platform/drivers/src/clock/S32K1xx/clock_S32K1xx.o
 *fill*         0x1fffc779        0x3 
 .data.g_lpspiBase
                0x1fffc77c        0x8 ./SDK/platform/drivers/src/lpspi/lpspi_shared_function.o
                0x1fffc77c                g_lpspiBase
 .data.g_lpspiIrqId
                0x1fffc784        0x2 ./SDK/platform/drivers/src/lpspi/lpspi_shared_function.o
                0x1fffc784                g_lpspiIrqId
 .data.i16ApThreshold
                0x1fffc786        0x2 ./Sources/0_AppSw/AntiPinch/DoorSys_ApCheck.o
                0x1fffc786                i16ApThreshold
 .data.DCU_MovementReq_Old.9642
                0x1fffc788        0x1 ./Sources/0_AppSw/Components/DCU.o
 *fill*         0x1fffc789        0x1 
 .data.assistdutyflag
                0x1fffc78a        0x2 ./Sources/0_AppSw/DoorSys_VelocityControl.o
                0x1fffc78a                assistdutyflag
 .data.g_i16DoorDutyPercent
                0x1fffc78c        0x2 ./Sources/0_AppSw/DoorSys_VelocityControl.o
                0x1fffc78c                g_i16DoorDutyPercent
 .data.DCU_FLMovementReq_Old.10706
                0x1fffc78e        0x1 ./Sources/1_Bsw/Com/CanMsgHandler/CanIf_MsgHandler_DCU_FL_310.o
 *fill*         0x1fffc78f        0x1 
 .data.door     0x1fffc790        0x4 ./Sources/2_CDrv/CanIf/CanIf_DebugMsg.o
                0x1fffc790                door
                0x1fffc794                . = ALIGN (0x4)
                0x1fffc794                __data_end__ = .
                0x0000cd3c                __DATA_END = (__DATA_ROM + (__data_end__ - __data_start__))
                0x0000cd3c                __CODE_ROM = __DATA_END

.igot.plt       0x1fffc794        0x0 load address 0x0000cd3c
 .igot.plt      0x1fffc794        0x0 d:/program/nxp/s32ds/build_tools/gcc_v6.3/gcc-6.3-arm32-eabi/bin/../lib/gcc/arm-none-eabi/6.3.1/thumb/v7e-m/fpv4-sp/hard/crtbegin.o

.code           0x1fffc794       0x38 load address 0x0000cd3c
                0x1fffc794                . = ALIGN (0x4)
                0x1fffc794                __CODE_RAM = .
                0x1fffc794                __code_start__ = .
                0x1fffc794                __code_ram_start__ = .
 *(.code_ram)
 .code_ram      0x1fffc794       0x38 ./SDK/platform/drivers/src/flash/flash_driver.o
                0x1fffc7cc                . = ALIGN (0x4)
                0x1fffc7cc                __code_end__ = .
                0x1fffc7cc                __code_ram_end__ = .
                0x0000cd74                __CODE_END = (__CODE_ROM + (__code_end__ - __code_start__))
                0x0000cd74                __CUSTOM_ROM = __CODE_END

.rel.dyn        0x1fffc7cc        0x0 load address 0x0000cd74
 .rel.iplt      0x1fffc7cc        0x0 d:/program/nxp/s32ds/build_tools/gcc_v6.3/gcc-6.3-arm32-eabi/bin/../lib/gcc/arm-none-eabi/6.3.1/thumb/v7e-m/fpv4-sp/hard/crtbegin.o

.customSectionBlock
                0x20000000        0x0 load address 0x0000cd74
                0x20000000                __customSection_start__ = .
 *(.customSection)
                0x20000000                __customSection_end__ = .
                0x0000cd74                __CUSTOM_END = (__CUSTOM_ROM + (__customSection_end__ - __customSection_start__))

.bss            0x20000000      0x910
                0x20000000                . = ALIGN (0x4)
                0x20000000                __BSS_START = .
                0x20000000                __bss_start__ = .
 *(.bss)
 *(.bss*)
 .bss.CAN0can_pal1_rx_fifo_ext0
                0x20000000        0x8 ./Generated_Code/CAN0can_pal1.o
                0x20000000                CAN0can_pal1_rx_fifo_ext0
 .bss.SPI0spi1Instance
                0x20000008        0x8 ./Generated_Code/SPI0spi1.o
                0x20000008                SPI0spi1Instance
 .bss.g_clockManCallbacksArr
                0x20000010        0x4 ./Generated_Code/clockMan1.o
                0x20000010                g_clockManCallbacksArr
 .bss.g_RtcClkInFreq
                0x20000014        0x4 ./SDK/platform/drivers/src/clock/S32K1xx/clock_S32K1xx.o
                0x20000014                g_RtcClkInFreq
 .bss.g_TClkFreq
                0x20000018        0xc ./SDK/platform/drivers/src/clock/S32K1xx/clock_S32K1xx.o
                0x20000018                g_TClkFreq
 .bss.g_clockState
                0x20000024       0x10 ./SDK/platform/drivers/src/clock/S32K1xx/clock_S32K1xx.o
 .bss.g_xtal0ClkFreq
                0x20000034        0x4 ./SDK/platform/drivers/src/clock/S32K1xx/clock_S32K1xx.o
                0x20000034                g_xtal0ClkFreq
 .bss.s_virtEdmaState
                0x20000038        0x4 ./SDK/platform/drivers/src/edma/edma_driver.o
 .bss.g_flexcanStatePtr
                0x2000003c        0x8 ./SDK/platform/drivers/src/flexcan/flexcan_driver.o
 .bss.ftmStatePtr
                0x20000044       0x10 ./SDK/platform/drivers/src/ftm/ftm_common.o
                0x20000044                ftmStatePtr
 .bss.g_interruptDisableCount
                0x20000054        0x4 ./SDK/platform/drivers/src/interrupt/interrupt_manager.o
 .bss.g_lpspiStatePtr
                0x20000058        0x8 ./SDK/platform/drivers/src/lpspi/lpspi_shared_function.o
                0x20000058                g_lpspiStatePtr
 .bss.s_flexcanRxFifoState
                0x20000060        0x2 ./SDK/platform/pal/src/can/can_pal.o
 *fill*         0x20000062        0x2 
 .bss.s_flexcanState
                0x20000064      0x114 ./SDK/platform/pal/src/can/can_pal.o
 .bss.s_flexcanStateInstanceMapping
                0x20000178        0x4 ./SDK/platform/pal/src/can/can_pal.o
 .bss.s_flexcanStateIsAllocated
                0x2000017c        0x1 ./SDK/platform/pal/src/can/can_pal.o
 *fill*         0x2000017d        0x3 
 .bss.s_hwObjConfigs
                0x20000180       0x80 ./SDK/platform/pal/src/can/can_pal.o
 .bss.userCallbacks
                0x20000200        0x4 ./SDK/platform/pal/src/can/can_pal.o
 .bss.FtmState  0x20000204       0x60 ./SDK/platform/pal/src/pwm/pwm_pal.o
 .bss.FtmStateInstanceMapping
                0x20000264        0x4 ./SDK/platform/pal/src/pwm/pwm_pal.o
 .bss.FtmStateIsAllocated
                0x20000268        0x1 ./SDK/platform/pal/src/pwm/pwm_pal.o
 *fill*         0x20000269        0x3 
 .bss.pwmPalCombChnFlag
                0x2000026c       0x20 ./SDK/platform/pal/src/pwm/pwm_pal.o
 .bss.LpspiState
                0x2000028c       0x34 ./SDK/platform/pal/src/spi/spi_pal.o
 .bss.LpspiStateInstanceMapping
                0x200002c0        0x4 ./SDK/platform/pal/src/spi/spi_pal.o
 .bss.LpspiStateIsAllocated
                0x200002c4        0x1 ./SDK/platform/pal/src/spi/spi_pal.o
 *fill*         0x200002c5        0x3 
 .bss.s_osif_tick_cnt
                0x200002c8        0x4 ./SDK/rtos/osif/osif_baremetal.o
 .bss.g_antipinch
                0x200002cc        0xe ./Sources/0_AppSw/AntiPinch/DoorSys_AntiPinch.o
                0x200002cc                g_antipinch
 .bss.i16AdaptSum.10157
                0x200002da        0x2 ./Sources/0_AppSw/AntiPinch/DoorSys_ApAdapt.o
 .bss.i8ApAdaptCurveClose
                0x200002dc       0x80 ./Sources/0_AppSw/AntiPinch/DoorSys_ApAdaptCurve.o
                0x200002dc                i8ApAdaptCurveClose
 .bss.i8ApAdaptCurveOpen
                0x2000035c       0x80 ./Sources/0_AppSw/AntiPinch/DoorSys_ApAdaptCurve.o
                0x2000035c                i8ApAdaptCurveOpen
 .bss.u16ApSpeed
                0x200003dc        0x8 ./Sources/0_AppSw/AntiPinch/DoorSys_ApCalSpeed.o
                0x200003dc                u16ApSpeed
 .bss.u16LocalApCalSpeed
                0x200003e4        0x2 ./Sources/0_AppSw/AntiPinch/DoorSys_ApCalSpeed.o
                0x200003e4                u16LocalApCalSpeed
 .bss.i16ApAdapt
                0x200003e6        0x2 ./Sources/0_AppSw/AntiPinch/DoorSys_ApCheck.o
                0x200003e6                i16ApAdapt
 .bss.i16ApSum  0x200003e8        0x2 ./Sources/0_AppSw/AntiPinch/DoorSys_ApCheck.o
                0x200003e8                i16ApSum
 .bss.i16SpeedDiff1
                0x200003ea        0x2 ./Sources/0_AppSw/AntiPinch/DoorSys_ApCheck.o
                0x200003ea                i16SpeedDiff1
 .bss.i16SpeedDiff2
                0x200003ec        0x2 ./Sources/0_AppSw/AntiPinch/DoorSys_ApCheck.o
                0x200003ec                i16SpeedDiff2
 *fill*         0x200003ee        0x2 
 .bss.DCU       0x200003f0        0xa ./Sources/0_AppSw/Components/DCU.o
                0x200003f0                DCU
 .bss.Overflow_Counter
                0x200003fa        0x2 ./Sources/0_AppSw/Components/DualHall.o
                0x200003fa                Overflow_Counter
 .bss.Overflow_Counter2
                0x200003fc        0x2 ./Sources/0_AppSw/Components/DualHall.o
                0x200003fc                Overflow_Counter2
 .bss.TimeStamp_Lst
                0x200003fe        0x2 ./Sources/0_AppSw/Components/DualHall.o
                0x200003fe                TimeStamp_Lst
 .bss.TimeStamp_Pre
                0x20000400        0x2 ./Sources/0_AppSw/Components/DualHall.o
                0x20000400                TimeStamp_Pre
 *fill*         0x20000402        0x2 
 .bss.ftmStateStruct_IC
                0x20000404       0x60 ./Sources/0_AppSw/Components/DualHall.o
                0x20000404                ftmStateStruct_IC
 .bss.ftmStateStruct_IC2
                0x20000464       0x60 ./Sources/0_AppSw/Components/DualHall.o
                0x20000464                ftmStateStruct_IC2
 .bss.hall_A    0x200004c4        0x6 ./Sources/0_AppSw/Components/DualHall.o
                0x200004c4                hall_A
 *fill*         0x200004ca        0x2 
 .bss.hall_B    0x200004cc        0x6 ./Sources/0_AppSw/Components/DualHall.o
                0x200004cc                hall_B
 *fill*         0x200004d2        0x2 
 .bss.IMU       0x200004d4        0x4 ./Sources/0_AppSw/Components/IMU.o
                0x200004d4                IMU
 .bss.b_Pitch   0x200004d8        0x4 ./Sources/0_AppSw/Components/IMU.o
                0x200004d8                b_Pitch
 .bss.b_Roll    0x200004dc        0x4 ./Sources/0_AppSw/Components/IMU.o
                0x200004dc                b_Roll
 .bss.g_Pitch_level
                0x200004e0        0x1 ./Sources/0_AppSw/Components/IMU.o
                0x200004e0                g_Pitch_level
 .bss.g_Roll_level
                0x200004e1        0x1 ./Sources/0_AppSw/Components/IMU.o
                0x200004e1                g_Roll_level
 .bss.delay_count.10164
                0x200004e2        0x2 ./Sources/0_AppSw/Components/MotAct.o
 .bss.g_motor   0x200004e4       0x14 ./Sources/0_AppSw/Components/MotAct.o
                0x200004e4                g_motor
 .bss.i16SlowDownDutyPercent
                0x200004f8        0x2 ./Sources/0_AppSw/Components/MotAct.o
 .bss.in16StartupDutyPercent
                0x200004fa        0x2 ./Sources/0_AppSw/Components/MotAct_Startup.o
 .bss.u16DutySum
                0x200004fc        0x2 ./Sources/0_AppSw/Components/MotAct_Startup.o
 .bss.u16Ticks  0x200004fe        0x2 ./Sources/0_AppSw/Components/MotAct_Startup.o
 .bss.gClose_Roll_Pitch_ParaSet
                0x20000500       0x48 ./Sources/0_AppSw/Components/Roll_Pitch_Parameter.o
                0x20000500                gClose_Roll_Pitch_ParaSet
 .bss.gOpen_Roll_Pitch_ParaSet
                0x20000548       0x48 ./Sources/0_AppSw/Components/Roll_Pitch_Parameter.o
                0x20000548                gOpen_Roll_Pitch_ParaSet
 .bss.SwitchValue
                0x20000590        0x2 ./Sources/0_AppSw/Components/Switch.o
                0x20000590                SwitchValue
 *fill*         0x20000592        0x2 
 .bss.g_switch  0x20000594        0xa ./Sources/0_AppSw/Components/Switch.o
                0x20000594                g_switch
 *fill*         0x2000059e        0x2 
 .bss.TCU       0x200005a0        0x6 ./Sources/0_AppSw/Components/TCU.o
                0x200005a0                TCU
 .bss.Vehicle_Speed_Status
                0x200005a6        0x1 ./Sources/0_AppSw/Components/TCU.o
                0x200005a6                Vehicle_Speed_Status
 *fill*         0x200005a7        0x1 
 .bss.g_door    0x200005a8       0x34 ./Sources/0_AppSw/DoorSysDef.o
                0x200005a8                g_door
 .bss.g_ebrake  0x200005dc       0x14 ./Sources/0_AppSw/DoorSys_EBrake.o
                0x200005dc                g_ebrake
 .bss.u16Pwx    0x200005f0       0x10 ./Sources/0_AppSw/DoorSys_Velocity.o
                0x200005f0                u16Pwx
 .bss.u16VelocityArray
                0x20000600        0x8 ./Sources/0_AppSw/DoorSys_Velocity.o
                0x20000600                u16VelocityArray
 .bss.g_i16DoorDutyPercent_1
                0x20000608        0x2 ./Sources/0_AppSw/DoorSys_VelocityControl.o
                0x20000608                g_i16DoorDutyPercent_1
 *fill*         0x2000060a        0x2 
 .bss.g_velocityControl
                0x2000060c       0x2c ./Sources/0_AppSw/DoorSys_VelocityControl.o
                0x2000060c                g_velocityControl
 .bss.u16VelocityCtrlCount.11534
                0x20000638        0x2 ./Sources/0_AppSw/DoorSys_VelocityControl.o
 *fill*         0x2000063a        0x2 
 .bss.BCM_365   0x2000063c        0x8 ./Sources/1_Bsw/Com/CanMsgHandler/CanIf_Signals.o
                0x2000063c                BCM_365
 .bss.DATC_380  0x20000644        0x5 ./Sources/1_Bsw/Com/CanMsgHandler/CanIf_Signals.o