Archive member included to satisfy reference by file (symbol)

D:/Program/nxp/S32DS/build_tools/gcc_v6.3/gcc-6.3-arm32-eabi/arm-none-eabi/newlib/lib/thumb/v7e-m/fpv4-sp/hard\libc_nano.a(lib_a-exit.o)
                              D:/Program/nxp/S32DS/build_tools/gcc_v6.3/gcc-6.3-arm32-eabi/arm-none-eabi/newlib/lib/thumb/v7e-m/fpv4-sp/hard/crt0.o (exit)
D:/Program/nxp/S32DS/build_tools/gcc_v6.3/gcc-6.3-arm32-eabi/arm-none-eabi/newlib/lib/thumb/v7e-m/fpv4-sp/hard\libc_nano.a(lib_a-impure.o)
                              D:/Program/nxp/S32DS/build_tools/gcc_v6.3/gcc-6.3-arm32-eabi/arm-none-eabi/newlib/lib/thumb/v7e-m/fpv4-sp/hard\libc_nano.a(lib_a-exit.o) (_global_impure_ptr)
D:/Program/nxp/S32DS/build_tools/gcc_v6.3/gcc-6.3-arm32-eabi/arm-none-eabi/newlib/lib/thumb/v7e-m/fpv4-sp/hard\libc_nano.a(lib_a-init.o)
                              D:/Program/nxp/S32DS/build_tools/gcc_v6.3/gcc-6.3-arm32-eabi/arm-none-eabi/newlib/lib/thumb/v7e-m/fpv4-sp/hard/crt0.o (__libc_init_array)
D:/Program/nxp/S32DS/build_tools/gcc_v6.3/gcc-6.3-arm32-eabi/arm-none-eabi/newlib/lib/thumb/v7e-m/fpv4-sp/hard\libc_nano.a(lib_a-memset.o)
                              D:/Program/nxp/S32DS/build_tools/gcc_v6.3/gcc-6.3-arm32-eabi/arm-none-eabi/newlib/lib/thumb/v7e-m/fpv4-sp/hard/crt0.o (memset)
D:/Program/nxp/S32DS/build_tools/gcc_v6.3/gcc-6.3-arm32-eabi/arm-none-eabi/newlib/lib/thumb/v7e-m/fpv4-sp/hard\libnosys.a(_exit.o)
                              D:/Program/nxp/S32DS/build_tools/gcc_v6.3/gcc-6.3-arm32-eabi/arm-none-eabi/newlib/lib/thumb/v7e-m/fpv4-sp/hard\libc_nano.a(lib_a-exit.o) (_exit)

Allocating common symbols
Common symbol       size              file

g_xtal0ClkFreq      0x4               ./SDK/platform/drivers/src/clock/S32K1xx/clock_S32K1xx.o
flashSSDConfig      0x1c              ./Sources/main.o
g_RtcClkInFreq      0x4               ./SDK/platform/drivers/src/clock/S32K1xx/clock_S32K1xx.o
g_TClkFreq          0xc               ./SDK/platform/drivers/src/clock/S32K1xx/clock_S32K1xx.o
sourceBuffer        0x100             ./Sources/main.o

Discarded input sections

 .text          0x00000000        0x0 d:/program/nxp/s32ds/build_tools/gcc_v6.3/gcc-6.3-arm32-eabi/bin/../lib/gcc/arm-none-eabi/6.3.1/thumb/v7e-m/fpv4-sp/hard/crti.o
 .data          0x00000000        0x0 d:/program/nxp/s32ds/build_tools/gcc_v6.3/gcc-6.3-arm32-eabi/bin/../lib/gcc/arm-none-eabi/6.3.1/thumb/v7e-m/fpv4-sp/hard/crti.o
 .bss           0x00000000        0x0 d:/program/nxp/s32ds/build_tools/gcc_v6.3/gcc-6.3-arm32-eabi/bin/../lib/gcc/arm-none-eabi/6.3.1/thumb/v7e-m/fpv4-sp/hard/crti.o
 .text          0x00000000       0xa4 d:/program/nxp/s32ds/build_tools/gcc_v6.3/gcc-6.3-arm32-eabi/bin/../lib/gcc/arm-none-eabi/6.3.1/thumb/v7e-m/fpv4-sp/hard/crtbegin.o
 .data          0x00000000        0x4 d:/program/nxp/s32ds/build_tools/gcc_v6.3/gcc-6.3-arm32-eabi/bin/../lib/gcc/arm-none-eabi/6.3.1/thumb/v7e-m/fpv4-sp/hard/crtbegin.o
 .bss           0x00000000       0x1c d:/program/nxp/s32ds/build_tools/gcc_v6.3/gcc-6.3-arm32-eabi/bin/../lib/gcc/arm-none-eabi/6.3.1/thumb/v7e-m/fpv4-sp/hard/crtbegin.o
 .init_array    0x00000000        0x4 d:/program/nxp/s32ds/build_tools/gcc_v6.3/gcc-6.3-arm32-eabi/bin/../lib/gcc/arm-none-eabi/6.3.1/thumb/v7e-m/fpv4-sp/hard/crtbegin.o
 .fini_array    0x00000000        0x4 d:/program/nxp/s32ds/build_tools/gcc_v6.3/gcc-6.3-arm32-eabi/bin/../lib/gcc/arm-none-eabi/6.3.1/thumb/v7e-m/fpv4-sp/hard/crtbegin.o
 .eh_frame      0x00000000        0x0 d:/program/nxp/s32ds/build_tools/gcc_v6.3/gcc-6.3-arm32-eabi/bin/../lib/gcc/arm-none-eabi/6.3.1/thumb/v7e-m/fpv4-sp/hard/crtbegin.o
 .jcr           0x00000000        0x0 d:/program/nxp/s32ds/build_tools/gcc_v6.3/gcc-6.3-arm32-eabi/bin/../lib/gcc/arm-none-eabi/6.3.1/thumb/v7e-m/fpv4-sp/hard/crtbegin.o
 .tm_clone_table
                0x00000000        0x0 d:/program/nxp/s32ds/build_tools/gcc_v6.3/gcc-6.3-arm32-eabi/bin/../lib/gcc/arm-none-eabi/6.3.1/thumb/v7e-m/fpv4-sp/hard/crtbegin.o
 .comment       0x00000000       0xa1 d:/program/nxp/s32ds/build_tools/gcc_v6.3/gcc-6.3-arm32-eabi/bin/../lib/gcc/arm-none-eabi/6.3.1/thumb/v7e-m/fpv4-sp/hard/crtbegin.o
 .ARM.attributes
                0x00000000       0x34 d:/program/nxp/s32ds/build_tools/gcc_v6.3/gcc-6.3-arm32-eabi/bin/../lib/gcc/arm-none-eabi/6.3.1/thumb/v7e-m/fpv4-sp/hard/crtbegin.o
 .text          0x00000000       0x74 D:/Program/nxp/S32DS/build_tools/gcc_v6.3/gcc-6.3-arm32-eabi/arm-none-eabi/newlib/lib/thumb/v7e-m/fpv4-sp/hard/crt0.o
 .data          0x00000000        0x0 D:/Program/nxp/S32DS/build_tools/gcc_v6.3/gcc-6.3-arm32-eabi/arm-none-eabi/newlib/lib/thumb/v7e-m/fpv4-sp/hard/crt0.o
 .bss           0x00000000        0x0 D:/Program/nxp/S32DS/build_tools/gcc_v6.3/gcc-6.3-arm32-eabi/arm-none-eabi/newlib/lib/thumb/v7e-m/fpv4-sp/hard/crt0.o
 .ARM.extab     0x00000000        0x0 D:/Program/nxp/S32DS/build_tools/gcc_v6.3/gcc-6.3-arm32-eabi/arm-none-eabi/newlib/lib/thumb/v7e-m/fpv4-sp/hard/crt0.o
 .ARM.exidx     0x00000000        0x8 D:/Program/nxp/S32DS/build_tools/gcc_v6.3/gcc-6.3-arm32-eabi/arm-none-eabi/newlib/lib/thumb/v7e-m/fpv4-sp/hard/crt0.o
 .ARM.attributes
                0x00000000       0x20 D:/Program/nxp/S32DS/build_tools/gcc_v6.3/gcc-6.3-arm32-eabi/arm-none-eabi/newlib/lib/thumb/v7e-m/fpv4-sp/hard/crt0.o
 .group         0x00000000        0x8 ./Generated_Code/Cpu.o
 .group         0x00000000        0x8 ./Generated_Code/Cpu.o
 .group         0x00000000        0x8 ./Generated_Code/Cpu.o
 .group         0x00000000        0x8 ./Generated_Code/Cpu.o
 .group         0x00000000        0x8 ./Generated_Code/Cpu.o
 .group         0x00000000        0x8 ./Generated_Code/Cpu.o
 .group         0x00000000        0x8 ./Generated_Code/Cpu.o
 .group         0x00000000        0x8 ./Generated_Code/Cpu.o
 .group         0x00000000        0x8 ./Generated_Code/Cpu.o
 .group         0x00000000        0x8 ./Generated_Code/Cpu.o
 .group         0x00000000        0x8 ./Generated_Code/Cpu.o
 .group         0x00000000        0x8 ./Generated_Code/Cpu.o
 .group         0x00000000        0x8 ./Generated_Code/Cpu.o
 .group         0x00000000        0x8 ./Generated_Code/Cpu.o
 .group         0x00000000        0x8 ./Generated_Code/Cpu.o
 .group         0x00000000        0x8 ./Generated_Code/Cpu.o
 .group         0x00000000        0x8 ./Generated_Code/Cpu.o
 .group         0x00000000        0x8 ./Generated_Code/Cpu.o
 .text          0x00000000        0x0 ./Generated_Code/Cpu.o
 .data          0x00000000        0x0 ./Generated_Code/Cpu.o
 .bss           0x00000000        0x0 ./Generated_Code/Cpu.o
 .debug_info    0x00000000     0x11c3 ./Generated_Code/Cpu.o
 .debug_abbrev  0x00000000      0x112 ./Generated_Code/Cpu.o
 .debug_aranges
                0x00000000       0x18 ./Generated_Code/Cpu.o
 .debug_macro   0x00000000      0x135 ./Generated_Code/Cpu.o
 .debug_macro   0x00000000      0x8da ./Generated_Code/Cpu.o
 .debug_macro   0x00000000       0x10 ./Generated_Code/Cpu.o
 .debug_macro   0x00000000       0x79 ./Generated_Code/Cpu.o
 .debug_macro   0x00000000       0x16 ./Generated_Code/Cpu.o
 .debug_macro   0x00000000       0x22 ./Generated_Code/Cpu.o
 .debug_macro   0x00000000       0x4f ./Generated_Code/Cpu.o
 .debug_macro   0x00000000       0x51 ./Generated_Code/Cpu.o
 .debug_macro   0x00000000       0xef ./Generated_Code/Cpu.o
 .debug_macro   0x00000000       0x6a ./Generated_Code/Cpu.o
 .debug_macro   0x00000000      0x1df ./Generated_Code/Cpu.o
 .debug_macro   0x00000000     0xed53 ./Generated_Code/Cpu.o
 .debug_macro   0x00000000      0xb62 ./Generated_Code/Cpu.o
 .debug_macro   0x00000000       0x22 ./Generated_Code/Cpu.o
 .debug_macro   0x00000000       0x83 ./Generated_Code/Cpu.o
 .debug_macro   0x00000000      0x16d ./Generated_Code/Cpu.o
 .debug_macro   0x00000000      0x56e ./Generated_Code/Cpu.o
 .debug_macro   0x00000000       0x28 ./Generated_Code/Cpu.o
 .debug_macro   0x00000000       0x16 ./Generated_Code/Cpu.o
 .debug_line    0x00000000      0x50f ./Generated_Code/Cpu.o
 .debug_str     0x00000000    0x6c6f7 ./Generated_Code/Cpu.o
 .comment       0x00000000       0xa1 ./Generated_Code/Cpu.o
 .ARM.attributes
                0x00000000       0x39 ./Generated_Code/Cpu.o
 .group         0x00000000        0x8 ./Generated_Code/Flash.o
 .group         0x00000000        0x8 ./Generated_Code/Flash.o
 .group         0x00000000        0x8 ./Generated_Code/Flash.o
 .group         0x00000000        0x8 ./Generated_Code/Flash.o
 .group         0x00000000        0x8 ./Generated_Code/Flash.o
 .group         0x00000000        0x8 ./Generated_Code/Flash.o
 .group         0x00000000        0x8 ./Generated_Code/Flash.o
 .group         0x00000000        0x8 ./Generated_Code/Flash.o
 .group         0x00000000        0x8 ./Generated_Code/Flash.o
 .group         0x00000000        0x8 ./Generated_Code/Flash.o
 .group         0x00000000        0x8 ./Generated_Code/Flash.o
 .group         0x00000000        0x8 ./Generated_Code/Flash.o
 .group         0x00000000        0x8 ./Generated_Code/Flash.o
 .group         0x00000000        0x8 ./Generated_Code/Flash.o
 .group         0x00000000        0x8 ./Generated_Code/Flash.o
 .group         0x00000000        0x8 ./Generated_Code/Flash.o
 .group         0x00000000        0x8 ./Generated_Code/Flash.o
 .group         0x00000000        0x8 ./Generated_Code/Flash.o
 .text          0x00000000        0x0 ./Generated_Code/Flash.o
 .data          0x00000000        0x0 ./Generated_Code/Flash.o
 .bss           0x00000000        0x0 ./Generated_Code/Flash.o
 .debug_macro   0x00000000      0x8da ./Generated_Code/Flash.o
 .debug_macro   0x00000000       0x22 ./Generated_Code/Flash.o
 .debug_macro   0x00000000       0x22 ./Generated_Code/Flash.o
 .debug_macro   0x00000000       0x4f ./Generated_Code/Flash.o
 .debug_macro   0x00000000       0x51 ./Generated_Code/Flash.o
 .debug_macro   0x00000000       0xef ./Generated_Code/Flash.o
 .debug_macro   0x00000000       0x6a ./Generated_Code/Flash.o
 .debug_macro   0x00000000      0x1df ./Generated_Code/Flash.o
 .debug_macro   0x00000000       0x10 ./Generated_Code/Flash.o
 .debug_macro   0x00000000       0x79 ./Generated_Code/Flash.o
 .debug_macro   0x00000000      0xb62 ./Generated_Code/Flash.o
 .debug_macro   0x00000000       0x83 ./Generated_Code/Flash.o
 .debug_macro   0x00000000      0x16d ./Generated_Code/Flash.o
 .debug_macro   0x00000000      0x56e ./Generated_Code/Flash.o
 .debug_macro   0x00000000       0x28 ./Generated_Code/Flash.o
 .debug_macro   0x00000000       0x16 ./Generated_Code/Flash.o
 .group         0x00000000        0x8 ./Generated_Code/clockMan1.o
 .group         0x00000000        0x8 ./Generated_Code/clockMan1.o
 .group         0x00000000        0x8 ./Generated_Code/clockMan1.o
 .group         0x00000000        0x8 ./Generated_Code/clockMan1.o
 .group         0x00000000        0x8 ./Generated_Code/clockMan1.o
 .group         0x00000000        0x8 ./Generated_Code/clockMan1.o
 .group         0x00000000        0x8 ./Generated_Code/clockMan1.o
 .group         0x00000000        0x8 ./Generated_Code/clockMan1.o
 .group         0x00000000        0x8 ./Generated_Code/clockMan1.o
 .group         0x00000000        0x8 ./Generated_Code/clockMan1.o
 .group         0x00000000        0x8 ./Generated_Code/clockMan1.o
 .group         0x00000000        0x8 ./Generated_Code/clockMan1.o
 .group         0x00000000        0x8 ./Generated_Code/clockMan1.o
 .group         0x00000000        0x8 ./Generated_Code/clockMan1.o
 .group         0x00000000        0x8 ./Generated_Code/clockMan1.o
 .group         0x00000000        0x8 ./Generated_Code/clockMan1.o
 .group         0x00000000        0x8 ./Generated_Code/clockMan1.o
 .group         0x00000000        0x8 ./Generated_Code/clockMan1.o
 .text          0x00000000        0x0 ./Generated_Code/clockMan1.o
 .data          0x00000000        0x0 ./Generated_Code/clockMan1.o
 .bss           0x00000000        0x0 ./Generated_Code/clockMan1.o
 .debug_macro   0x00000000      0x8da ./Generated_Code/clockMan1.o
 .debug_macro   0x00000000       0x22 ./Generated_Code/clockMan1.o
 .debug_macro   0x00000000       0x22 ./Generated_Code/clockMan1.o
 .debug_macro   0x00000000       0x4f ./Generated_Code/clockMan1.o
 .debug_macro   0x00000000       0x51 ./Generated_Code/clockMan1.o
 .debug_macro   0x00000000       0xef ./Generated_Code/clockMan1.o
 .debug_macro   0x00000000       0x6a ./Generated_Code/clockMan1.o
 .debug_macro   0x00000000      0x1df ./Generated_Code/clockMan1.o
 .debug_macro   0x00000000       0x10 ./Generated_Code/clockMan1.o
 .debug_macro   0x00000000       0x79 ./Generated_Code/clockMan1.o
 .debug_macro   0x00000000     0xed65 ./Generated_Code/clockMan1.o
 .debug_macro   0x00000000      0xb62 ./Generated_Code/clockMan1.o
 .debug_macro   0x00000000       0x10 ./Generated_Code/clockMan1.o
 .debug_macro   0x00000000       0x83 ./Generated_Code/clockMan1.o
 .debug_macro   0x00000000      0x16d ./Generated_Code/clockMan1.o
 .debug_macro   0x00000000      0x56e ./Generated_Code/clockMan1.o
 .debug_macro   0x00000000       0x28 ./Generated_Code/clockMan1.o
 .debug_macro   0x00000000       0x16 ./Generated_Code/clockMan1.o
 .group         0x00000000        0x8 ./Generated_Code/pin_mux.o
 .group         0x00000000        0x8 ./Generated_Code/pin_mux.o
 .group         0x00000000        0x8 ./Generated_Code/pin_mux.o
 .group         0x00000000        0x8 ./Generated_Code/pin_mux.o
 .group         0x00000000        0x8 ./Generated_Code/pin_mux.o
 .group         0x00000000        0x8 ./Generated_Code/pin_mux.o
 .group         0x00000000        0x8 ./Generated_Code/pin_mux.o
 .group         0x00000000        0x8 ./Generated_Code/pin_mux.o
 .group         0x00000000        0x8 ./Generated_Code/pin_mux.o
 .group         0x00000000        0x8 ./Generated_Code/pin_mux.o
 .group         0x00000000        0x8 ./Generated_Code/pin_mux.o
 .group         0x00000000        0x8 ./Generated_Code/pin_mux.o
 .group         0x00000000        0x8 ./Generated_Code/pin_mux.o
 .group         0x00000000        0x8 ./Generated_Code/pin_mux.o
 .text          0x00000000        0x0 ./Generated_Code/pin_mux.o
 .data          0x00000000        0x0 ./Generated_Code/pin_mux.o
 .bss           0x00000000        0x0 ./Generated_Code/pin_mux.o
 .debug_info    0x00000000       0x76 ./Generated_Code/pin_mux.o
 .debug_abbrev  0x00000000       0x29 ./Generated_Code/pin_mux.o
 .debug_aranges
                0x00000000       0x18 ./Generated_Code/pin_mux.o
 .debug_macro   0x00000000       0xd5 ./Generated_Code/pin_mux.o
 .debug_macro   0x00000000      0x8da ./Generated_Code/pin_mux.o
 .debug_macro   0x00000000       0x10 ./Generated_Code/pin_mux.o
 .debug_macro   0x00000000       0x79 ./Generated_Code/pin_mux.o
 .debug_macro   0x00000000       0x16 ./Generated_Code/pin_mux.o
 .debug_macro   0x00000000       0x22 ./Generated_Code/pin_mux.o
 .debug_macro   0x00000000       0x4f ./Generated_Code/pin_mux.o
 .debug_macro   0x00000000       0x51 ./Generated_Code/pin_mux.o
 .debug_macro   0x00000000       0xef ./Generated_Code/pin_mux.o
 .debug_macro   0x00000000       0x6a ./Generated_Code/pin_mux.o
 .debug_macro   0x00000000      0x1df ./Generated_Code/pin_mux.o
 .debug_macro   0x00000000     0xed53 ./Generated_Code/pin_mux.o
 .debug_macro   0x00000000      0xb62 ./Generated_Code/pin_mux.o
 .debug_macro   0x00000000       0x22 ./Generated_Code/pin_mux.o
 .debug_macro   0x00000000      0x16d ./Generated_Code/pin_mux.o
 .debug_line    0x00000000      0x3e3 ./Generated_Code/pin_mux.o
 .debug_str     0x00000000    0x688ae ./Generated_Code/pin_mux.o
 .comment       0x00000000       0xa1 ./Generated_Code/pin_mux.o
 .ARM.attributes
                0x00000000       0x39 ./Generated_Code/pin_mux.o
 .data          0x00000000        0x0 ./Project_Settings/Startup_Code/startup_S32K142.o
 .bss           0x00000000        0x0 ./Project_Settings/Startup_Code/startup_S32K142.o
 .group         0x00000000        0x8 ./SDK/platform/devices/S32K142/startup/system_S32K142.o
 .group         0x00000000        0x8 ./SDK/platform/devices/S32K142/startup/system_S32K142.o
 .group         0x00000000        0x8 ./SDK/platform/devices/S32K142/startup/system_S32K142.o
 .group         0x00000000        0x8 ./SDK/platform/devices/S32K142/startup/system_S32K142.o
 .group         0x00000000        0x8 ./SDK/platform/devices/S32K142/startup/system_S32K142.o
 .group         0x00000000        0x8 ./SDK/platform/devices/S32K142/startup/system_S32K142.o
 .group         0x00000000        0x8 ./SDK/platform/devices/S32K142/startup/system_S32K142.o
 .group         0x00000000        0x8 ./SDK/platform/devices/S32K142/startup/system_S32K142.o
 .group         0x00000000        0x8 ./SDK/platform/devices/S32K142/startup/system_S32K142.o
 .group         0x00000000        0x8 ./SDK/platform/devices/S32K142/startup/system_S32K142.o
 .group         0x00000000        0x8 ./SDK/platform/devices/S32K142/startup/system_S32K142.o
 .group         0x00000000        0x8 ./SDK/platform/devices/S32K142/startup/system_S32K142.o
 .group         0x00000000        0x8 ./SDK/platform/devices/S32K142/startup/system_S32K142.o
 .group         0x00000000        0x8 ./SDK/platform/devices/S32K142/startup/system_S32K142.o
 .text          0x00000000        0x0 ./SDK/platform/devices/S32K142/startup/system_S32K142.o
 .data          0x00000000        0x0 ./SDK/platform/devices/S32K142/startup/system_S32K142.o
 .bss           0x00000000        0x0 ./SDK/platform/devices/S32K142/startup/system_S32K142.o
 .text.SystemCoreClockUpdate
                0x00000000       0x80 ./SDK/platform/devices/S32K142/startup/system_S32K142.o
 .text.SystemSoftwareReset
                0x00000000       0x18 ./SDK/platform/devices/S32K142/startup/system_S32K142.o
 .data.SystemCoreClock
                0x00000000        0x4 ./SDK/platform/devices/S32K142/startup/system_S32K142.o
 .debug_macro   0x00000000      0x8da ./SDK/platform/devices/S32K142/startup/system_S32K142.o
 .debug_macro   0x00000000       0x10 ./SDK/platform/devices/S32K142/startup/system_S32K142.o
 .debug_macro   0x00000000       0x79 ./SDK/platform/devices/S32K142/startup/system_S32K142.o
 .debug_macro   0x00000000       0x16 ./SDK/platform/devices/S32K142/startup/system_S32K142.o
 .debug_macro   0x00000000       0x22 ./SDK/platform/devices/S32K142/startup/system_S32K142.o
 .debug_macro   0x00000000       0x4f ./SDK/platform/devices/S32K142/startup/system_S32K142.o
 .debug_macro   0x00000000       0x51 ./SDK/platform/devices/S32K142/startup/system_S32K142.o
 .debug_macro   0x00000000       0xef ./SDK/platform/devices/S32K142/startup/system_S32K142.o
 .debug_macro   0x00000000       0x6a ./SDK/platform/devices/S32K142/startup/system_S32K142.o
 .debug_macro   0x00000000      0x1df ./SDK/platform/devices/S32K142/startup/system_S32K142.o
 .debug_macro   0x00000000     0xed53 ./SDK/platform/devices/S32K142/startup/system_S32K142.o
 .debug_macro   0x00000000      0xb62 ./SDK/platform/devices/S32K142/startup/system_S32K142.o
 .debug_macro   0x00000000       0x22 ./SDK/platform/devices/S32K142/startup/system_S32K142.o
 .debug_macro   0x00000000       0x28 ./SDK/platform/devices/S32K142/startup/system_S32K142.o
 .group         0x00000000        0x8 ./SDK/platform/devices/startup.o
 .group         0x00000000        0x8 ./SDK/platform/devices/startup.o
 .group         0x00000000        0x8 ./SDK/platform/devices/startup.o
 .group         0x00000000        0x8 ./SDK/platform/devices/startup.o
 .group         0x00000000        0x8 ./SDK/platform/devices/startup.o
 .group         0x00000000        0x8 ./SDK/platform/devices/startup.o
 .group         0x00000000        0x8 ./SDK/platform/devices/startup.o
 .group         0x00000000        0x8 ./SDK/platform/devices/startup.o
 .group         0x00000000        0x8 ./SDK/platform/devices/startup.o
 .group         0x00000000        0x8 ./SDK/platform/devices/startup.o
 .group         0x00000000        0x8 ./SDK/platform/devices/startup.o
 .group         0x00000000        0x8 ./SDK/platform/devices/startup.o
 .group         0x00000000        0x8 ./SDK/platform/devices/startup.o
 .text          0x00000000        0x0 ./SDK/platform/devices/startup.o
 .data          0x00000000        0x0 ./SDK/platform/devices/startup.o
 .bss           0x00000000        0x0 ./SDK/platform/devices/startup.o
 .debug_macro   0x00000000      0x8da ./SDK/platform/devices/startup.o
 .debug_macro   0x00000000       0x22 ./SDK/platform/devices/startup.o
 .debug_macro   0x00000000       0x4f ./SDK/platform/devices/startup.o
 .debug_macro   0x00000000       0x51 ./SDK/platform/devices/startup.o
 .debug_macro   0x00000000       0xef ./SDK/platform/devices/startup.o
 .debug_macro   0x00000000       0x6a ./SDK/platform/devices/startup.o
 .debug_macro   0x00000000      0x1df ./SDK/platform/devices/startup.o
 .debug_macro   0x00000000       0x10 ./SDK/platform/devices/startup.o
 .debug_macro   0x00000000       0x79 ./SDK/platform/devices/startup.o
 .debug_macro   0x00000000     0xed65 ./SDK/platform/devices/startup.o
 .debug_macro   0x00000000      0xb62 ./SDK/platform/devices/startup.o
 .debug_macro   0x00000000       0x22 ./SDK/platform/devices/startup.o
 .group         0x00000000        0x8 ./SDK/platform/drivers/src/clock/S32K1xx/clock_S32K1xx.o
 .group         0x00000000        0x8 ./SDK/platform/drivers/src/clock/S32K1xx/clock_S32K1xx.o
 .group         0x00000000        0x8 ./SDK/platform/drivers/src/clock/S32K1xx/clock_S32K1xx.o
 .group         0x00000000        0x8 ./SDK/platform/drivers/src/clock/S32K1xx/clock_S32K1xx.o
 .group         0x00000000        0x8 ./SDK/platform/drivers/src/clock/S32K1xx/clock_S32K1xx.o
 .group         0x00000000        0x8 ./SDK/platform/drivers/src/clock/S32K1xx/clock_S32K1xx.o
 .group         0x00000000        0x8 ./SDK/platform/drivers/src/clock/S32K1xx/clock_S32K1xx.o
 .group         0x00000000        0x8 ./SDK/platform/drivers/src/clock/S32K1xx/clock_S32K1xx.o
 .group         0x00000000        0x8 ./SDK/platform/drivers/src/clock/S32K1xx/clock_S32K1xx.o
 .group         0x00000000        0x8 ./SDK/platform/drivers/src/clock/S32K1xx/clock_S32K1xx.o
 .group         0x00000000        0x8 ./SDK/platform/drivers/src/clock/S32K1xx/clock_S32K1xx.o
 .group         0x00000000        0x8 ./SDK/platform/drivers/src/clock/S32K1xx/clock_S32K1xx.o
 .group         0x00000000        0x8 ./SDK/platform/drivers/src/clock/S32K1xx/clock_S32K1xx.o
 .group         0x00000000        0x8 ./SDK/platform/drivers/src/clock/S32K1xx/clock_S32K1xx.o
 .group         0x00000000        0x8 ./SDK/platform/drivers/src/clock/S32K1xx/clock_S32K1xx.o
 .text          0x00000000        0x0 ./SDK/platform/drivers/src/clock/S32K1xx/clock_S32K1xx.o
 .data          0x00000000        0x0 ./SDK/platform/drivers/src/clock/S32K1xx/clock_S32K1xx.o
 .bss           0x00000000        0x0 ./SDK/platform/drivers/src/clock/S32K1xx/clock_S32K1xx.o
 .text.CLOCK_SYS_GetSystemClockFreq
                0x00000000       0x80 ./SDK/platform/drivers/src/clock/S32K1xx/clock_S32K1xx.o
 .text.CLOCK_SYS_GetScgClkOutFreq
                0x00000000       0x44 ./SDK/platform/drivers/src/clock/S32K1xx/clock_S32K1xx.o
 .text.CLOCK_SYS_GetSysAsyncFreq
                0x00000000       0xc0 ./SDK/platform/drivers/src/clock/S32K1xx/clock_S32K1xx.o
 .text.CLOCK_SYS_GetSimRtcClkFreq
                0x00000000       0x50 ./SDK/platform/drivers/src/clock/S32K1xx/clock_S32K1xx.o
 .text.CLOCK_SYS_GetPeripheralClock
                0x00000000       0x78 ./SDK/platform/drivers/src/clock/S32K1xx/clock_S32K1xx.o
 .text.CLOCK_SYS_GetLpoFreq
                0x00000000       0x4c ./SDK/platform/drivers/src/clock/S32K1xx/clock_S32K1xx.o
 .text.CLOCK_SYS_GetSimClkOutFreq
                0x00000000       0x98 ./SDK/platform/drivers/src/clock/S32K1xx/clock_S32K1xx.o
 .text.CLOCK_SYS_TransitionToTmpSysClk
                0x00000000       0xee ./SDK/platform/drivers/src/clock/S32K1xx/clock_S32K1xx.o
 .text.CLOCK_SYS_GetCurrentSysClkConfig
                0x00000000       0x60 ./SDK/platform/drivers/src/clock/S32K1xx/clock_S32K1xx.o
 .text.CLOCK_SYS_ConvertAsyncDividerValue
                0x00000000       0x6a ./SDK/platform/drivers/src/clock/S32K1xx/clock_S32K1xx.o
 .text.CLOCK_DRV_GetFreq
                0x00000000      0x370 ./SDK/platform/drivers/src/clock/S32K1xx/clock_S32K1xx.o
 .text.CLOCK_DRV_SetModuleClock
                0x00000000      0x188 ./SDK/platform/drivers/src/clock/S32K1xx/clock_S32K1xx.o
 .text.CLOCK_DRV_SetSystemClock
                0x00000000      0x17c ./SDK/platform/drivers/src/clock/S32K1xx/clock_S32K1xx.o
 .text.CLOCK_DRV_GetSystemClockSource
                0x00000000       0x58 ./SDK/platform/drivers/src/clock/S32K1xx/clock_S32K1xx.o
 .text.CLOCK_DRV_SetClockSource
                0x00000000      0x2e8 ./SDK/platform/drivers/src/clock/S32K1xx/clock_S32K1xx.o
 .text.CLOCK_SYS_GetCurrentConfiguration
                0x00000000        0xc ./SDK/platform/drivers/src/clock/S32K1xx/clock_S32K1xx.o
 .text.CLOCK_SYS_GetErrorCallback
                0x00000000       0x1c ./SDK/platform/drivers/src/clock/S32K1xx/clock_S32K1xx.o
 .text.CLOCK_SYS_GetFreq
                0x00000000        0x8 ./SDK/platform/drivers/src/clock/S32K1xx/clock_S32K1xx.o
 .text.CLOCK_SYS_SetConfiguration
                0x00000000        0x8 ./SDK/platform/drivers/src/clock/S32K1xx/clock_S32K1xx.o
 .rodata.peripheralFeaturesList
                0x00000000       0x4c ./SDK/platform/drivers/src/clock/S32K1xx/clock_S32K1xx.o
 .rodata.sysClkDivMappings.7660
                0x00000000       0x10 ./SDK/platform/drivers/src/clock/S32K1xx/clock_S32K1xx.o
 .rodata.sysClkDivMappings.7738
                0x00000000       0x11 ./SDK/platform/drivers/src/clock/S32K1xx/clock_S32K1xx.o
 .debug_macro   0x00000000      0x8da ./SDK/platform/drivers/src/clock/S32K1xx/clock_S32K1xx.o
 .debug_macro   0x00000000       0x10 ./SDK/platform/drivers/src/clock/S32K1xx/clock_S32K1xx.o
 .debug_macro   0x00000000       0x79 ./SDK/platform/drivers/src/clock/S32K1xx/clock_S32K1xx.o
 .debug_macro   0x00000000       0x16 ./SDK/platform/drivers/src/clock/S32K1xx/clock_S32K1xx.o
 .debug_macro   0x00000000       0x22 ./SDK/platform/drivers/src/clock/S32K1xx/clock_S32K1xx.o
 .debug_macro   0x00000000       0x4f ./SDK/platform/drivers/src/clock/S32K1xx/clock_S32K1xx.o
 .debug_macro   0x00000000       0x51 ./SDK/platform/drivers/src/clock/S32K1xx/clock_S32K1xx.o
 .debug_macro   0x00000000       0xef ./SDK/platform/drivers/src/clock/S32K1xx/clock_S32K1xx.o
 .debug_macro   0x00000000       0x6a ./SDK/platform/drivers/src/clock/S32K1xx/clock_S32K1xx.o
 .debug_macro   0x00000000      0x1df ./SDK/platform/drivers/src/clock/S32K1xx/clock_S32K1xx.o
 .debug_macro   0x00000000     0xed53 ./SDK/platform/drivers/src/clock/S32K1xx/clock_S32K1xx.o
 .debug_macro   0x00000000      0xb62 ./SDK/platform/drivers/src/clock/S32K1xx/clock_S32K1xx.o
 .debug_macro   0x00000000       0x22 ./SDK/platform/drivers/src/clock/S32K1xx/clock_S32K1xx.o
 .debug_macro   0x00000000      0x16d ./SDK/platform/drivers/src/clock/S32K1xx/clock_S32K1xx.o
 .debug_macro   0x00000000       0x83 ./SDK/platform/drivers/src/clock/S32K1xx/clock_S32K1xx.o
 .group         0x00000000        0x8 ./SDK/platform/drivers/src/flash/flash_driver.o
 .group         0x00000000        0x8 ./SDK/platform/drivers/src/flash/flash_driver.o
 .group         0x00000000        0x8 ./SDK/platform/drivers/src/flash/flash_driver.o
 .group         0x00000000        0x8 ./SDK/platform/drivers/src/flash/flash_driver.o
 .group         0x00000000        0x8 ./SDK/platform/drivers/src/flash/flash_driver.o
 .group         0x00000000        0x8 ./SDK/platform/drivers/src/flash/flash_driver.o
 .group         0x00000000        0x8 ./SDK/platform/drivers/src/flash/flash_driver.o
 .group         0x00000000        0x8 ./SDK/platform/drivers/src/flash/flash_driver.o
 .group         0x00000000        0x8 ./SDK/platform/drivers/src/flash/flash_driver.o
 .group         0x00000000        0x8 ./SDK/platform/drivers/src/flash/flash_driver.o
 .group         0x00000000        0x8 ./SDK/platform/drivers/src/flash/flash_driver.o
 .group         0x00000000        0x8 ./SDK/platform/drivers/src/flash/flash_driver.o
 .group         0x00000000        0x8 ./SDK/platform/drivers/src/flash/flash_driver.o
 .group         0x00000000        0x8 ./SDK/platform/drivers/src/flash/flash_driver.o
 .group         0x00000000        0x8 ./SDK/platform/drivers/src/flash/flash_driver.o
 .group         0x00000000        0x8 ./SDK/platform/drivers/src/flash/flash_driver.o
 .text          0x00000000        0x0 ./SDK/platform/drivers/src/flash/flash_driver.o
 .data          0x00000000        0x0 ./SDK/platform/drivers/src/flash/flash_driver.o
 .bss           0x00000000        0x0 ./SDK/platform/drivers/src/flash/flash_driver.o
 .text.FLASH_DRV_GetPFlashProtection
                0x00000000       0x2c ./SDK/platform/drivers/src/flash/flash_driver.o
 .text.FLASH_DRV_SetPFlashProtection
                0x00000000       0x50 ./SDK/platform/drivers/src/flash/flash_driver.o
 .text.FLASH_DRV_GetSecurityState
                0x00000000       0x30 ./SDK/platform/drivers/src/flash/flash_driver.o
 .text.FLASH_DRV_SecurityBypass
                0x00000000       0x4c ./SDK/platform/drivers/src/flash/flash_driver.o
 .text.FLASH_DRV_EraseAllBlock
                0x00000000       0x2c ./SDK/platform/drivers/src/flash/flash_driver.o
 .text.FLASH_DRV_VerifyAllBlock
                0x00000000       0x2c ./SDK/platform/drivers/src/flash/flash_driver.o
 .text.FLASH_DRV_EraseSuspend
                0x00000000       0x34 ./SDK/platform/drivers/src/flash/flash_driver.o
 .text.FLASH_DRV_EraseResume
                0x00000000       0x38 ./SDK/platform/drivers/src/flash/flash_driver.o
 .text.FLASH_DRV_ReadOnce
                0x00000000       0x5c ./SDK/platform/drivers/src/flash/flash_driver.o
 .text.FLASH_DRV_ProgramOnce
                0x00000000       0x4c ./SDK/platform/drivers/src/flash/flash_driver.o
 .text.FLASH_DRV_CheckSum
                0x00000000       0x74 ./SDK/platform/drivers/src/flash/flash_driver.o
 .text.FLASH_DRV_ProgramSection
                0x00000000       0x98 ./SDK/platform/drivers/src/flash/flash_driver.o
 .text.FLASH_DRV_EraseBlock
                0x00000000       0x80 ./SDK/platform/drivers/src/flash/flash_driver.o
 .text.FLASH_DRV_VerifyBlock
                0x00000000       0x84 ./SDK/platform/drivers/src/flash/flash_driver.o
 .text.FLASH_DRV_GetEERAMProtection
                0x00000000       0x24 ./SDK/platform/drivers/src/flash/flash_driver.o
 .text.FLASH_DRV_SetEERAMProtection
                0x00000000       0x24 ./SDK/platform/drivers/src/flash/flash_driver.o
 .text.FLASH_DRV_GetDFlashProtection
                0x00000000       0x24 ./SDK/platform/drivers/src/flash/flash_driver.o
 .text.FLASH_DRV_SetDFlashProtection
                0x00000000       0x24 ./SDK/platform/drivers/src/flash/flash_driver.o
 .text.FLASH_DRV_EraseAllBlockUnsecure
                0x00000000       0x2c ./SDK/platform/drivers/src/flash/flash_driver.o
 .text.FLASH_DRV_EnableCmdCompleteInterupt
                0x00000000       0x1c ./SDK/platform/drivers/src/flash/flash_driver.o
 .text.FLASH_DRV_DisableCmdCompleteInterupt
                0x00000000       0x18 ./SDK/platform/drivers/src/flash/flash_driver.o
 .text.FLASH_DRV_EnableReadColisionInterupt
                0x00000000       0x1c ./SDK/platform/drivers/src/flash/flash_driver.o
 .text.FLASH_DRV_DisableReadColisionInterupt
                0x00000000       0x18 ./SDK/platform/drivers/src/flash/flash_driver.o
 .text.FLASH_DRV_EnableDoubleBitFaultInterupt
                0x00000000       0x20 ./SDK/platform/drivers/src/flash/flash_driver.o
 .text.FLASH_DRV_DisableDoubleBitFaultInterupt
                0x00000000       0x1c ./SDK/platform/drivers/src/flash/flash_driver.o
 .text.FLASH_DRV_GetDefaultConfig
                0x00000000       0x24 ./SDK/platform/drivers/src/flash/flash_driver.o
 .debug_macro   0x00000000      0x8da ./SDK/platform/drivers/src/flash/flash_driver.o
 .debug_macro   0x00000000       0x22 ./SDK/platform/drivers/src/flash/flash_driver.o
 .debug_macro   0x00000000      0x16d ./SDK/platform/drivers/src/flash/flash_driver.o
 .debug_macro   0x00000000       0x10 ./SDK/platform/drivers/src/flash/flash_driver.o
 .debug_macro   0x00000000       0x79 ./SDK/platform/drivers/src/flash/flash_driver.o
 .debug_macro   0x00000000       0x16 ./SDK/platform/drivers/src/flash/flash_driver.o
 .debug_macro   0x00000000       0x22 ./SDK/platform/drivers/src/flash/flash_driver.o
 .debug_macro   0x00000000       0x4f ./SDK/platform/drivers/src/flash/flash_driver.o
 .debug_macro   0x00000000       0x51 ./SDK/platform/drivers/src/flash/flash_driver.o
 .debug_macro   0x00000000       0xef ./SDK/platform/drivers/src/flash/flash_driver.o
 .debug_macro   0x00000000       0x6a ./SDK/platform/drivers/src/flash/flash_driver.o
 .debug_macro   0x00000000      0x1df ./SDK/platform/drivers/src/flash/flash_driver.o
 .debug_macro   0x00000000     0xed53 ./SDK/platform/drivers/src/flash/flash_driver.o
 .debug_macro   0x00000000      0xb62 ./SDK/platform/drivers/src/flash/flash_driver.o
 .debug_macro   0x00000000       0x10 ./SDK/platform/drivers/src/flash/flash_driver.o
 .debug_macro   0x00000000      0x56e ./SDK/platform/drivers/src/flash/flash_driver.o
 .group         0x00000000        0x8 ./SDK/platform/drivers/src/interrupt/interrupt_manager.o
 .group         0x00000000        0x8 ./SDK/platform/drivers/src/interrupt/interrupt_manager.o
 .group         0x00000000        0x8 ./SDK/platform/drivers/src/interrupt/interrupt_manager.o
 .group         0x00000000        0x8 ./SDK/platform/drivers/src/interrupt/interrupt_manager.o
 .group         0x00000000        0x8 ./SDK/platform/drivers/src/interrupt/interrupt_manager.o
 .group         0x00000000        0x8 ./SDK/platform/drivers/src/interrupt/interrupt_manager.o
 .group         0x00000000        0x8 ./SDK/platform/drivers/src/interrupt/interrupt_manager.o
 .group         0x00000000        0x8 ./SDK/platform/drivers/src/interrupt/interrupt_manager.o
 .group         0x00000000        0x8 ./SDK/platform/drivers/src/interrupt/interrupt_manager.o
 .group         0x00000000        0x8 ./SDK/platform/drivers/src/interrupt/interrupt_manager.o
 .group         0x00000000        0x8 ./SDK/platform/drivers/src/interrupt/interrupt_manager.o
 .group         0x00000000        0x8 ./SDK/platform/drivers/src/interrupt/interrupt_manager.o
 .group         0x00000000        0x8 ./SDK/platform/drivers/src/interrupt/interrupt_manager.o
 .text          0x00000000        0x0 ./SDK/platform/drivers/src/interrupt/interrupt_manager.o
 .data          0x00000000        0x0 ./SDK/platform/drivers/src/interrupt/interrupt_manager.o
 .bss           0x00000000        0x0 ./SDK/platform/drivers/src/interrupt/interrupt_manager.o
 .text.INT_SYS_DisableIRQ
                0x00000000       0x2c ./SDK/platform/drivers/src/interrupt/interrupt_manager.o
 .text.INT_SYS_SetPriority
                0x00000000       0x70 ./SDK/platform/drivers/src/interrupt/interrupt_manager.o
 .text.INT_SYS_GetPriority
                0x00000000       0x54 ./SDK/platform/drivers/src/interrupt/interrupt_manager.o
 .text.INT_SYS_ClearPending
                0x00000000       0x2c ./SDK/platform/drivers/src/interrupt/interrupt_manager.o
 .text.INT_SYS_SetPending
                0x00000000       0x2c ./SDK/platform/drivers/src/interrupt/interrupt_manager.o
 .text.INT_SYS_GetPending
                0x00000000       0x2c ./SDK/platform/drivers/src/interrupt/interrupt_manager.o
 .text.INT_SYS_GetActive
                0x00000000       0x2c ./SDK/platform/drivers/src/interrupt/interrupt_manager.o
 .debug_macro   0x00000000      0x8da ./SDK/platform/drivers/src/interrupt/interrupt_manager.o
 .debug_macro   0x00000000       0x10 ./SDK/platform/drivers/src/interrupt/interrupt_manager.o
 .debug_macro   0x00000000       0x79 ./SDK/platform/drivers/src/interrupt/interrupt_manager.o
 .debug_macro   0x00000000       0x16 ./SDK/platform/drivers/src/interrupt/interrupt_manager.o
 .debug_macro   0x00000000       0x22 ./SDK/platform/drivers/src/interrupt/interrupt_manager.o
 .debug_macro   0x00000000       0x4f ./SDK/platform/drivers/src/interrupt/interrupt_manager.o
 .debug_macro   0x00000000       0x51 ./SDK/platform/drivers/src/interrupt/interrupt_manager.o
 .debug_macro   0x00000000       0xef ./SDK/platform/drivers/src/interrupt/interrupt_manager.o
 .debug_macro   0x00000000       0x6a ./SDK/platform/drivers/src/interrupt/interrupt_manager.o
 .debug_macro   0x00000000      0x1df ./SDK/platform/drivers/src/interrupt/interrupt_manager.o
 .debug_macro   0x00000000     0xed53 ./SDK/platform/drivers/src/interrupt/interrupt_manager.o
 .debug_macro   0x00000000      0xb62 ./SDK/platform/drivers/src/interrupt/interrupt_manager.o
 .debug_macro   0x00000000       0x22 ./SDK/platform/drivers/src/interrupt/interrupt_manager.o
 .group         0x00000000        0x8 ./SDK/platform/drivers/src/pins/pins_driver.o
 .group         0x00000000        0x8 ./SDK/platform/drivers/src/pins/pins_driver.o
 .group         0x00000000        0x8 ./SDK/platform/drivers/src/pins/pins_driver.o
 .group         0x00000000        0x8 ./SDK/platform/drivers/src/pins/pins_driver.o
 .group         0x00000000        0x8 ./SDK/platform/drivers/src/pins/pins_driver.o
 .group         0x00000000        0x8 ./SDK/platform/drivers/src/pins/pins_driver.o
 .group         0x00000000        0x8 ./SDK/platform/drivers/src/pins/pins_driver.o
 .group         0x00000000        0x8 ./SDK/platform/drivers/src/pins/pins_driver.o
 .group         0x00000000        0x8 ./SDK/platform/drivers/src/pins/pins_driver.o
 .group         0x00000000        0x8 ./SDK/platform/drivers/src/pins/pins_driver.o
 .group         0x00000000        0x8 ./SDK/platform/drivers/src/pins/pins_driver.o
 .group         0x00000000        0x8 ./SDK/platform/drivers/src/pins/pins_driver.o
 .group         0x00000000        0x8 ./SDK/platform/drivers/src/pins/pins_driver.o
 .group         0x00000000        0x8 ./SDK/platform/drivers/src/pins/pins_driver.o
 .text          0x00000000        0x0 ./SDK/platform/drivers/src/pins/pins_driver.o
 .data          0x00000000        0x0 ./SDK/platform/drivers/src/pins/pins_driver.o
 .bss           0x00000000        0x0 ./SDK/platform/drivers/src/pins/pins_driver.o
 .text.PINS_DRV_Init
                0x00000000       0x20 ./SDK/platform/drivers/src/pins/pins_driver.o
 .text.PINS_DRV_SetPullSel
                0x00000000       0x44 ./SDK/platform/drivers/src/pins/pins_driver.o
 .text.PINS_DRV_SetMuxModeSel
                0x00000000        0x8 ./SDK/platform/drivers/src/pins/pins_driver.o
 .text.PINS_DRV_SetPinIntSel
                0x00000000       0x20 ./SDK/platform/drivers/src/pins/pins_driver.o
 .text.PINS_DRV_GetPinIntSel
                0x00000000       0x12 ./SDK/platform/drivers/src/pins/pins_driver.o
 .text.PINS_DRV_ClearPinIntFlagCmd
                0x00000000       0x16 ./SDK/platform/drivers/src/pins/pins_driver.o
 .text.PINS_DRV_EnableDigitalFilter
                0x00000000       0x18 ./SDK/platform/drivers/src/pins/pins_driver.o
 .text.PINS_DRV_DisableDigitalFilter
                0x00000000       0x1a ./SDK/platform/drivers/src/pins/pins_driver.o
 .text.PINS_DRV_ConfigDigitalFilter
                0x00000000       0x20 ./SDK/platform/drivers/src/pins/pins_driver.o
 .text.PINS_DRV_GetPortIntFlag
                0x00000000        0x6 ./SDK/platform/drivers/src/pins/pins_driver.o
 .text.PINS_DRV_ClearPortIntFlagCmd
                0x00000000        0xa ./SDK/platform/drivers/src/pins/pins_driver.o
 .text.PINS_DRV_GetPinsDirection
                0x00000000        0x4 ./SDK/platform/drivers/src/pins/pins_driver.o
 .text.PINS_DRV_SetPinDirection
                0x00000000       0x18 ./SDK/platform/drivers/src/pins/pins_driver.o
 .text.PINS_DRV_SetPinsDirection
                0x00000000        0x4 ./SDK/platform/drivers/src/pins/pins_driver.o
 .text.PINS_DRV_SetPortInputDisable
                0x00000000        0x4 ./SDK/platform/drivers/src/pins/pins_driver.o
 .text.PINS_DRV_GetPortInputDisable
                0x00000000        0x4 ./SDK/platform/drivers/src/pins/pins_driver.o
 .text.PINS_DRV_SetGlobalPinControl
                0x00000000        0x8 ./SDK/platform/drivers/src/pins/pins_driver.o
 .text.PINS_DRV_SetGlobalIntControl
                0x00000000        0x8 ./SDK/platform/drivers/src/pins/pins_driver.o
 .text.PINS_DRV_WritePin
                0x00000000       0x18 ./SDK/platform/drivers/src/pins/pins_driver.o
 .text.PINS_DRV_WritePins
                0x00000000        0x4 ./SDK/platform/drivers/src/pins/pins_driver.o
 .text.PINS_DRV_GetPinsOutput
                0x00000000        0x4 ./SDK/platform/drivers/src/pins/pins_driver.o
 .text.PINS_DRV_SetPins
                0x00000000        0x4 ./SDK/platform/drivers/src/pins/pins_driver.o
 .text.PINS_DRV_ClearPins
                0x00000000        0x4 ./SDK/platform/drivers/src/pins/pins_driver.o
 .text.PINS_DRV_TogglePins
                0x00000000        0x4 ./SDK/platform/drivers/src/pins/pins_driver.o
 .text.PINS_DRV_ReadPins
                0x00000000        0x4 ./SDK/platform/drivers/src/pins/pins_driver.o
 .debug_info    0x00000000     0x14ba ./SDK/platform/drivers/src/pins/pins_driver.o
 .debug_abbrev  0x00000000      0x2f6 ./SDK/platform/drivers/src/pins/pins_driver.o
 .debug_loc     0x00000000      0x7c7 ./SDK/platform/drivers/src/pins/pins_driver.o
 .debug_aranges
                0x00000000       0xe0 ./SDK/platform/drivers/src/pins/pins_driver.o
 .debug_ranges  0x00000000       0xd0 ./SDK/platform/drivers/src/pins/pins_driver.o
 .debug_macro   0x00000000       0xdd ./SDK/platform/drivers/src/pins/pins_driver.o
 .debug_macro   0x00000000      0x8da ./SDK/platform/drivers/src/pins/pins_driver.o
 .debug_macro   0x00000000       0x10 ./SDK/platform/drivers/src/pins/pins_driver.o
 .debug_macro   0x00000000       0x79 ./SDK/platform/drivers/src/pins/pins_driver.o
 .debug_macro   0x00000000       0x16 ./SDK/platform/drivers/src/pins/pins_driver.o
 .debug_macro   0x00000000       0x22 ./SDK/platform/drivers/src/pins/pins_driver.o
 .debug_macro   0x00000000       0x4f ./SDK/platform/drivers/src/pins/pins_driver.o
 .debug_macro   0x00000000       0x51 ./SDK/platform/drivers/src/pins/pins_driver.o
 .debug_macro   0x00000000       0xef ./SDK/platform/drivers/src/pins/pins_driver.o
 .debug_macro   0x00000000       0x6a ./SDK/platform/drivers/src/pins/pins_driver.o
 .debug_macro   0x00000000      0x1df ./SDK/platform/drivers/src/pins/pins_driver.o
 .debug_macro   0x00000000     0xed53 ./SDK/platform/drivers/src/pins/pins_driver.o
 .debug_macro   0x00000000      0xb62 ./SDK/platform/drivers/src/pins/pins_driver.o
 .debug_macro   0x00000000       0x22 ./SDK/platform/drivers/src/pins/pins_driver.o
 .debug_macro   0x00000000      0x16d ./SDK/platform/drivers/src/pins/pins_driver.o
 .debug_line    0x00000000      0x6df ./SDK/platform/drivers/src/pins/pins_driver.o
 .debug_str     0x00000000    0x69ae9 ./SDK/platform/drivers/src/pins/pins_driver.o
 .comment       0x00000000       0xa1 ./SDK/platform/drivers/src/pins/pins_driver.o
 .debug_frame   0x00000000      0x1e4 ./SDK/platform/drivers/src/pins/pins_driver.o
 .ARM.attributes
                0x00000000       0x39 ./SDK/platform/drivers/src/pins/pins_driver.o
 .group         0x00000000        0x8 ./SDK/platform/drivers/src/pins/pins_port_hw_access.o
 .group         0x00000000        0x8 ./SDK/platform/drivers/src/pins/pins_port_hw_access.o
 .group         0x00000000        0x8 ./SDK/platform/drivers/src/pins/pins_port_hw_access.o
 .group         0x00000000        0x8 ./SDK/platform/drivers/src/pins/pins_port_hw_access.o
 .group         0x00000000        0x8 ./SDK/platform/drivers/src/pins/pins_port_hw_access.o
 .group         0x00000000        0x8 ./SDK/platform/drivers/src/pins/pins_port_hw_access.o
 .group         0x00000000        0x8 ./SDK/platform/drivers/src/pins/pins_port_hw_access.o
 .group         0x00000000        0x8 ./SDK/platform/drivers/src/pins/pins_port_hw_access.o
 .group         0x00000000        0x8 ./SDK/platform/drivers/src/pins/pins_port_hw_access.o
 .group         0x00000000        0x8 ./SDK/platform/drivers/src/pins/pins_port_hw_access.o
 .group         0x00000000        0x8 ./SDK/platform/drivers/src/pins/pins_port_hw_access.o
 .group         0x00000000        0x8 ./SDK/platform/drivers/src/pins/pins_port_hw_access.o
 .group         0x00000000        0x8 ./SDK/platform/drivers/src/pins/pins_port_hw_access.o
 .group         0x00000000        0x8 ./SDK/platform/drivers/src/pins/pins_port_hw_access.o
 .text          0x00000000        0x0 ./SDK/platform/drivers/src/pins/pins_port_hw_access.o
 .data          0x00000000        0x0 ./SDK/platform/drivers/src/pins/pins_port_hw_access.o
 .bss           0x00000000        0x0 ./SDK/platform/drivers/src/pins/pins_port_hw_access.o
 .text.PINS_GetAdcInterleaveVal
                0x00000000       0x70 ./SDK/platform/drivers/src/pins/pins_port_hw_access.o
 .text.PINS_Init
                0x00000000      0x138 ./SDK/platform/drivers/src/pins/pins_port_hw_access.o
 .text.PINS_SetMuxModeSel
                0x00000000       0x58 ./SDK/platform/drivers/src/pins/pins_port_hw_access.o
 .text.PINS_SetGlobalPinControl
                0x00000000       0x2e ./SDK/platform/drivers/src/pins/pins_port_hw_access.o
 .text.PINS_SetGlobalIntControl
                0x00000000       0x26 ./SDK/platform/drivers/src/pins/pins_port_hw_access.o
 .debug_info    0x00000000      0x9a5 ./SDK/platform/drivers/src/pins/pins_port_hw_access.o
 .debug_abbrev  0x00000000      0x232 ./SDK/platform/drivers/src/pins/pins_port_hw_access.o
 .debug_loc     0x00000000      0x639 ./SDK/platform/drivers/src/pins/pins_port_hw_access.o
 .debug_aranges
                0x00000000       0x40 ./SDK/platform/drivers/src/pins/pins_port_hw_access.o
 .debug_ranges  0x00000000       0x48 ./SDK/platform/drivers/src/pins/pins_port_hw_access.o
 .debug_macro   0x00000000       0xdd ./SDK/platform/drivers/src/pins/pins_port_hw_access.o
 .debug_macro   0x00000000      0x8da ./SDK/platform/drivers/src/pins/pins_port_hw_access.o
 .debug_macro   0x00000000      0x16d ./SDK/platform/drivers/src/pins/pins_port_hw_access.o
 .debug_macro   0x00000000       0x10 ./SDK/platform/drivers/src/pins/pins_port_hw_access.o
 .debug_macro   0x00000000       0x79 ./SDK/platform/drivers/src/pins/pins_port_hw_access.o
 .debug_macro   0x00000000       0x16 ./SDK/platform/drivers/src/pins/pins_port_hw_access.o
 .debug_macro   0x00000000       0x22 ./SDK/platform/drivers/src/pins/pins_port_hw_access.o
 .debug_macro   0x00000000       0x4f ./SDK/platform/drivers/src/pins/pins_port_hw_access.o
 .debug_macro   0x00000000       0x51 ./SDK/platform/drivers/src/pins/pins_port_hw_access.o
 .debug_macro   0x00000000       0xef ./SDK/platform/drivers/src/pins/pins_port_hw_access.o
 .debug_macro   0x00000000       0x6a ./SDK/platform/drivers/src/pins/pins_port_hw_access.o
 .debug_macro   0x00000000      0x1df ./SDK/platform/drivers/src/pins/pins_port_hw_access.o
 .debug_macro   0x00000000     0xed53 ./SDK/platform/drivers/src/pins/pins_port_hw_access.o
 .debug_macro   0x00000000      0xb62 ./SDK/platform/drivers/src/pins/pins_port_hw_access.o
 .debug_macro   0x00000000       0x22 ./SDK/platform/drivers/src/pins/pins_port_hw_access.o
 .debug_line    0x00000000      0x59e ./SDK/platform/drivers/src/pins/pins_port_hw_access.o
 .debug_str     0x00000000    0x68fd1 ./SDK/platform/drivers/src/pins/pins_port_hw_access.o
 .comment       0x00000000       0xa1 ./SDK/platform/drivers/src/pins/pins_port_hw_access.o
 .debug_frame   0x00000000       0xa0 ./SDK/platform/drivers/src/pins/pins_port_hw_access.o
 .ARM.attributes
                0x00000000       0x39 ./SDK/platform/drivers/src/pins/pins_port_hw_access.o
 .group         0x00000000        0x8 ./Sources/main.o
 .group         0x00000000        0x8 ./Sources/main.o
 .group         0x00000000        0x8 ./Sources/main.o
 .group         0x00000000        0x8 ./Sources/main.o
 .group         0x00000000        0x8 ./Sources/main.o
 .group         0x00000000        0x8 ./Sources/main.o
 .group         0x00000000        0x8 ./Sources/main.o
 .group         0x00000000        0x8 ./Sources/main.o
 .group         0x00000000        0x8 ./Sources/main.o
 .group         0x00000000        0x8 ./Sources/main.o
 .group         0x00000000        0x8 ./Sources/main.o
 .group         0x00000000        0x8 ./Sources/main.o
 .group         0x00000000        0x8 ./Sources/main.o
 .group         0x00000000        0x8 ./Sources/main.o
 .group         0x00000000        0x8 ./Sources/main.o
 .group         0x00000000        0x8 ./Sources/main.o
 .group         0x00000000        0x8 ./Sources/main.o
 .group         0x00000000        0x8 ./Sources/main.o
 .text          0x00000000        0x0 ./Sources/main.o
 .data          0x00000000        0x0 ./Sources/main.o
 .bss           0x00000000        0x0 ./Sources/main.o
 .debug_macro   0x00000000      0x8da ./Sources/main.o
 .debug_macro   0x00000000       0x10 ./Sources/main.o
 .debug_macro   0x00000000       0x79 ./Sources/main.o
 .debug_macro   0x00000000       0x16 ./Sources/main.o
 .debug_macro   0x00000000       0x22 ./Sources/main.o
 .debug_macro   0x00000000       0x4f ./Sources/main.o
 .debug_macro   0x00000000       0x51 ./Sources/main.o
 .debug_macro   0x00000000       0xef ./Sources/main.o
 .debug_macro   0x00000000       0x6a ./Sources/main.o
 .debug_macro   0x00000000      0x1df ./Sources/main.o
 .debug_macro   0x00000000     0xed53 ./Sources/main.o
 .debug_macro   0x00000000      0xb62 ./Sources/main.o
 .debug_macro   0x00000000       0x22 ./Sources/main.o
 .debug_macro   0x00000000       0x83 ./Sources/main.o
 .debug_macro   0x00000000      0x16d ./Sources/main.o
 .debug_macro   0x00000000      0x56e ./Sources/main.o
 .debug_macro   0x00000000       0x28 ./Sources/main.o
 .debug_macro   0x00000000       0x16 ./Sources/main.o
 .text          0x00000000        0x0 D:/Program/nxp/S32DS/build_tools/gcc_v6.3/gcc-6.3-arm32-eabi/arm-none-eabi/newlib/lib/thumb/v7e-m/fpv4-sp/hard\libc_nano.a(lib_a-exit.o)
 .data          0x00000000        0x0 D:/Program/nxp/S32DS/build_tools/gcc_v6.3/gcc-6.3-arm32-eabi/arm-none-eabi/newlib/lib/thumb/v7e-m/fpv4-sp/hard\libc_nano.a(lib_a-exit.o)
 .bss           0x00000000        0x0 D:/Program/nxp/S32DS/build_tools/gcc_v6.3/gcc-6.3-arm32-eabi/arm-none-eabi/newlib/lib/thumb/v7e-m/fpv4-sp/hard\libc_nano.a(lib_a-exit.o)
 .text.exit     0x00000000       0x28 D:/Program/nxp/S32DS/build_tools/gcc_v6.3/gcc-6.3-arm32-eabi/arm-none-eabi/newlib/lib/thumb/v7e-m/fpv4-sp/hard\libc_nano.a(lib_a-exit.o)
 .debug_frame   0x00000000       0x28 D:/Program/nxp/S32DS/build_tools/gcc_v6.3/gcc-6.3-arm32-eabi/arm-none-eabi/newlib/lib/thumb/v7e-m/fpv4-sp/hard\libc_nano.a(lib_a-exit.o)
 .ARM.attributes
                0x00000000       0x34 D:/Program/nxp/S32DS/build_tools/gcc_v6.3/gcc-6.3-arm32-eabi/arm-none-eabi/newlib/lib/thumb/v7e-m/fpv4-sp/hard\libc_nano.a(lib_a-exit.o)
 .text          0x00000000        0x0 D:/Program/nxp/S32DS/build_tools/gcc_v6.3/gcc-6.3-arm32-eabi/arm-none-eabi/newlib/lib/thumb/v7e-m/fpv4-sp/hard\libc_nano.a(lib_a-impure.o)
 .data          0x00000000        0x0 D:/Program/nxp/S32DS/build_tools/gcc_v6.3/gcc-6.3-arm32-eabi/arm-none-eabi/newlib/lib/thumb/v7e-m/fpv4-sp/hard\libc_nano.a(lib_a-impure.o)
 .bss           0x00000000        0x0 D:/Program/nxp/S32DS/build_tools/gcc_v6.3/gcc-6.3-arm32-eabi/arm-none-eabi/newlib/lib/thumb/v7e-m/fpv4-sp/hard\libc_nano.a(lib_a-impure.o)
 .data._impure_ptr
                0x00000000        0x4 D:/Program/nxp/S32DS/build_tools/gcc_v6.3/gcc-6.3-arm32-eabi/arm-none-eabi/newlib/lib/thumb/v7e-m/fpv4-sp/hard\libc_nano.a(lib_a-impure.o)
 .data.impure_data
                0x00000000       0x60 D:/Program/nxp/S32DS/build_tools/gcc_v6.3/gcc-6.3-arm32-eabi/arm-none-eabi/newlib/lib/thumb/v7e-m/fpv4-sp/hard\libc_nano.a(lib_a-impure.o)
 .rodata._global_impure_ptr
                0x00000000        0x4 D:/Program/nxp/S32DS/build_tools/gcc_v6.3/gcc-6.3-arm32-eabi/arm-none-eabi/newlib/lib/thumb/v7e-m/fpv4-sp/hard\libc_nano.a(lib_a-impure.o)
 .ARM.attributes
                0x00000000       0x34 D:/Program/nxp/S32DS/build_tools/gcc_v6.3/gcc-6.3-arm32-eabi/arm-none-eabi/newlib/lib/thumb/v7e-m/fpv4-sp/hard\libc_nano.a(lib_a-impure.o)
 .text          0x00000000        0x0 D:/Program/nxp/S32DS/build_tools/gcc_v6.3/gcc-6.3-arm32-eabi/arm-none-eabi/newlib/lib/thumb/v7e-m/fpv4-sp/hard\libc_nano.a(lib_a-init.o)
 .data          0x00000000        0x0 D:/Program/nxp/S32DS/build_tools/gcc_v6.3/gcc-6.3-arm32-eabi/arm-none-eabi/newlib/lib/thumb/v7e-m/fpv4-sp/hard\libc_nano.a(lib_a-init.o)
 .bss           0x00000000        0x0 D:/Program/nxp/S32DS/build_tools/gcc_v6.3/gcc-6.3-arm32-eabi/arm-none-eabi/newlib/lib/thumb/v7e-m/fpv4-sp/hard\libc_nano.a(lib_a-init.o)
 .text.__libc_init_array
                0x00000000       0x48 D:/Program/nxp/S32DS/build_tools/gcc_v6.3/gcc-6.3-arm32-eabi/arm-none-eabi/newlib/lib/thumb/v7e-m/fpv4-sp/hard\libc_nano.a(lib_a-init.o)
 .debug_frame   0x00000000       0x2c D:/Program/nxp/S32DS/build_tools/gcc_v6.3/gcc-6.3-arm32-eabi/arm-none-eabi/newlib/lib/thumb/v7e-m/fpv4-sp/hard\libc_nano.a(lib_a-init.o)
 .ARM.attributes
                0x00000000       0x34 D:/Program/nxp/S32DS/build_tools/gcc_v6.3/gcc-6.3-arm32-eabi/arm-none-eabi/newlib/lib/thumb/v7e-m/fpv4-sp/hard\libc_nano.a(lib_a-init.o)
 .text          0x00000000        0x0 D:/Program/nxp/S32DS/build_tools/gcc_v6.3/gcc-6.3-arm32-eabi/arm-none-eabi/newlib/lib/thumb/v7e-m/fpv4-sp/hard\libc_nano.a(lib_a-memset.o)
 .data          0x00000000        0x0 D:/Program/nxp/S32DS/build_tools/gcc_v6.3/gcc-6.3-arm32-eabi/arm-none-eabi/newlib/lib/thumb/v7e-m/fpv4-sp/hard\libc_nano.a(lib_a-memset.o)
 .bss           0x00000000        0x0 D:/Program/nxp/S32DS/build_tools/gcc_v6.3/gcc-6.3-arm32-eabi/arm-none-eabi/newlib/lib/thumb/v7e-m/fpv4-sp/hard\libc_nano.a(lib_a-memset.o)
 .text.memset   0x00000000       0x10 D:/Program/nxp/S32DS/build_tools/gcc_v6.3/gcc-6.3-arm32-eabi/arm-none-eabi/newlib/lib/thumb/v7e-m/fpv4-sp/hard\libc_nano.a(lib_a-memset.o)
 .debug_frame   0x00000000       0x20 D:/Program/nxp/S32DS/build_tools/gcc_v6.3/gcc-6.3-arm32-eabi/arm-none-eabi/newlib/lib/thumb/v7e-m/fpv4-sp/hard\libc_nano.a(lib_a-memset.o)
 .ARM.attributes
                0x00000000       0x34 D:/Program/nxp/S32DS/build_tools/gcc_v6.3/gcc-6.3-arm32-eabi/arm-none-eabi/newlib/lib/thumb/v7e-m/fpv4-sp/hard\libc_nano.a(lib_a-memset.o)
 .text          0x00000000        0x0 D:/Program/nxp/S32DS/build_tools/gcc_v6.3/gcc-6.3-arm32-eabi/arm-none-eabi/newlib/lib/thumb/v7e-m/fpv4-sp/hard\libnosys.a(_exit.o)
 .data          0x00000000        0x0 D:/Program/nxp/S32DS/build_tools/gcc_v6.3/gcc-6.3-arm32-eabi/arm-none-eabi/newlib/lib/thumb/v7e-m/fpv4-sp/hard\libnosys.a(_exit.o)
 .bss           0x00000000        0x0 D:/Program/nxp/S32DS/build_tools/gcc_v6.3/gcc-6.3-arm32-eabi/arm-none-eabi/newlib/lib/thumb/v7e-m/fpv4-sp/hard\libnosys.a(_exit.o)
 .text._exit    0x00000000        0x2 D:/Program/nxp/S32DS/build_tools/gcc_v6.3/gcc-6.3-arm32-eabi/arm-none-eabi/newlib/lib/thumb/v7e-m/fpv4-sp/hard\libnosys.a(_exit.o)
 .debug_frame   0x00000000       0x20 D:/Program/nxp/S32DS/build_tools/gcc_v6.3/gcc-6.3-arm32-eabi/arm-none-eabi/newlib/lib/thumb/v7e-m/fpv4-sp/hard\libnosys.a(_exit.o)
 .ARM.attributes
                0x00000000       0x34 D:/Program/nxp/S32DS/build_tools/gcc_v6.3/gcc-6.3-arm32-eabi/arm-none-eabi/newlib/lib/thumb/v7e-m/fpv4-sp/hard\libnosys.a(_exit.o)
 .text          0x00000000        0x0 d:/program/nxp/s32ds/build_tools/gcc_v6.3/gcc-6.3-arm32-eabi/bin/../lib/gcc/arm-none-eabi/6.3.1/thumb/v7e-m/fpv4-sp/hard/crtend.o
 .data          0x00000000        0x0 d:/program/nxp/s32ds/build_tools/gcc_v6.3/gcc-6.3-arm32-eabi/bin/../lib/gcc/arm-none-eabi/6.3.1/thumb/v7e-m/fpv4-sp/hard/crtend.o
 .bss           0x00000000        0x0 d:/program/nxp/s32ds/build_tools/gcc_v6.3/gcc-6.3-arm32-eabi/bin/../lib/gcc/arm-none-eabi/6.3.1/thumb/v7e-m/fpv4-sp/hard/crtend.o
 .eh_frame      0x00000000        0x4 d:/program/nxp/s32ds/build_tools/gcc_v6.3/gcc-6.3-arm32-eabi/bin/../lib/gcc/arm-none-eabi/6.3.1/thumb/v7e-m/fpv4-sp/hard/crtend.o
 .jcr           0x00000000        0x4 d:/program/nxp/s32ds/build_tools/gcc_v6.3/gcc-6.3-arm32-eabi/bin/../lib/gcc/arm-none-eabi/6.3.1/thumb/v7e-m/fpv4-sp/hard/crtend.o
 .tm_clone_table
                0x00000000        0x0 d:/program/nxp/s32ds/build_tools/gcc_v6.3/gcc-6.3-arm32-eabi/bin/../lib/gcc/arm-none-eabi/6.3.1/thumb/v7e-m/fpv4-sp/hard/crtend.o
 .comment       0x00000000       0xa1 d:/program/nxp/s32ds/build_tools/gcc_v6.3/gcc-6.3-arm32-eabi/bin/../lib/gcc/arm-none-eabi/6.3.1/thumb/v7e-m/fpv4-sp/hard/crtend.o
 .ARM.attributes
                0x00000000       0x34 d:/program/nxp/s32ds/build_tools/gcc_v6.3/gcc-6.3-arm32-eabi/bin/../lib/gcc/arm-none-eabi/6.3.1/thumb/v7e-m/fpv4-sp/hard/crtend.o
 .text          0x00000000        0x0 d:/program/nxp/s32ds/build_tools/gcc_v6.3/gcc-6.3-arm32-eabi/bin/../lib/gcc/arm-none-eabi/6.3.1/thumb/v7e-m/fpv4-sp/hard/crtn.o
 .data          0x00000000        0x0 d:/program/nxp/s32ds/build_tools/gcc_v6.3/gcc-6.3-arm32-eabi/bin/../lib/gcc/arm-none-eabi/6.3.1/thumb/v7e-m/fpv4-sp/hard/crtn.o
 .bss           0x00000000        0x0 d:/program/nxp/s32ds/build_tools/gcc_v6.3/gcc-6.3-arm32-eabi/bin/../lib/gcc/arm-none-eabi/6.3.1/thumb/v7e-m/fpv4-sp/hard/crtn.o
 .init          0x00000000        0x8 d:/program/nxp/s32ds/build_tools/gcc_v6.3/gcc-6.3-arm32-eabi/bin/../lib/gcc/arm-none-eabi/6.3.1/thumb/v7e-m/fpv4-sp/hard/crtn.o
 .fini          0x00000000        0x8 d:/program/nxp/s32ds/build_tools/gcc_v6.3/gcc-6.3-arm32-eabi/bin/../lib/gcc/arm-none-eabi/6.3.1/thumb/v7e-m/fpv4-sp/hard/crtn.o
 .ARM.attributes
                0x00000000       0x22 d:/program/nxp/s32ds/build_tools/gcc_v6.3/gcc-6.3-arm32-eabi/bin/../lib/gcc/arm-none-eabi/6.3.1/thumb/v7e-m/fpv4-sp/hard/crtn.o

Memory Configuration

Name             Origin             Length             Attributes
m_interrupts     0x00000000         0x00000400         xr
m_flash_config   0x00000400         0x00000010         xr
m_text           0x00000410         0x0003fbf0         xr
m_data           0x1fffc000         0x00004000         rw
m_data_2         0x20000000         0x00003000         rw
*default*        0x00000000         0xffffffff

Linker script and memory map

LOAD d:/program/nxp/s32ds/build_tools/gcc_v6.3/gcc-6.3-arm32-eabi/bin/../lib/gcc/arm-none-eabi/6.3.1/thumb/v7e-m/fpv4-sp/hard/crti.o
LOAD d:/program/nxp/s32ds/build_tools/gcc_v6.3/gcc-6.3-arm32-eabi/bin/../lib/gcc/arm-none-eabi/6.3.1/thumb/v7e-m/fpv4-sp/hard/crtbegin.o
LOAD D:/Program/nxp/S32DS/build_tools/gcc_v6.3/gcc-6.3-arm32-eabi/arm-none-eabi/newlib/lib/thumb/v7e-m/fpv4-sp/hard/crt0.o
LOAD ./Generated_Code/Cpu.o
LOAD ./Generated_Code/Flash.o
LOAD ./Generated_Code/clockMan1.o
LOAD ./Generated_Code/pin_mux.o
LOAD ./Project_Settings/Startup_Code/startup_S32K142.o
LOAD ./SDK/platform/devices/S32K142/startup/system_S32K142.o
LOAD ./SDK/platform/devices/startup.o
LOAD ./SDK/platform/drivers/src/clock/S32K1xx/clock_S32K1xx.o
LOAD ./SDK/platform/drivers/src/flash/flash_driver.o
LOAD ./SDK/platform/drivers/src/interrupt/interrupt_manager.o
LOAD ./SDK/platform/drivers/src/pins/pins_driver.o
LOAD ./SDK/platform/drivers/src/pins/pins_port_hw_access.o
LOAD ./Sources/main.o
START GROUP
LOAD d:/program/nxp/s32ds/build_tools/gcc_v6.3/gcc-6.3-arm32-eabi/bin/../lib/gcc/arm-none-eabi/6.3.1/thumb/v7e-m/fpv4-sp/hard\libgcc.a
LOAD D:/Program/nxp/S32DS/build_tools/gcc_v6.3/gcc-6.3-arm32-eabi/arm-none-eabi/newlib/lib/thumb/v7e-m/fpv4-sp/hard\libc_nano.a
END GROUP
START GROUP
LOAD d:/program/nxp/s32ds/build_tools/gcc_v6.3/gcc-6.3-arm32-eabi/bin/../lib/gcc/arm-none-eabi/6.3.1/thumb/v7e-m/fpv4-sp/hard\libgcc.a
LOAD D:/Program/nxp/S32DS/build_tools/gcc_v6.3/gcc-6.3-arm32-eabi/arm-none-eabi/newlib/lib/thumb/v7e-m/fpv4-sp/hard\libc_nano.a
LOAD D:/Program/nxp/S32DS/build_tools/gcc_v6.3/gcc-6.3-arm32-eabi/arm-none-eabi/newlib/lib/thumb/v7e-m/fpv4-sp/hard\libnosys.a
END GROUP
START GROUP
LOAD d:/program/nxp/s32ds/build_tools/gcc_v6.3/gcc-6.3-arm32-eabi/bin/../lib/gcc/arm-none-eabi/6.3.1/thumb/v7e-m/fpv4-sp/hard\libgcc.a
LOAD D:/Program/nxp/S32DS/build_tools/gcc_v6.3/gcc-6.3-arm32-eabi/arm-none-eabi/newlib/lib/thumb/v7e-m/fpv4-sp/hard\libc_nano.a
LOAD D:/Program/nxp/S32DS/build_tools/gcc_v6.3/gcc-6.3-arm32-eabi/arm-none-eabi/newlib/lib/thumb/v7e-m/fpv4-sp/hard\libnosys.a
END GROUP
LOAD d:/program/nxp/s32ds/build_tools/gcc_v6.3/gcc-6.3-arm32-eabi/bin/../lib/gcc/arm-none-eabi/6.3.1/thumb/v7e-m/fpv4-sp/hard/crtend.o
LOAD d:/program/nxp/s32ds/build_tools/gcc_v6.3/gcc-6.3-arm32-eabi/bin/../lib/gcc/arm-none-eabi/6.3.1/thumb/v7e-m/fpv4-sp/hard/crtn.o
                0x00000400                HEAP_SIZE = DEFINED (__heap_size__)?__heap_size__:0x400
                0x00000400                STACK_SIZE = DEFINED (__stack_size__)?__stack_size__:0x400
                0x00000400                M_VECTOR_RAM_SIZE = DEFINED (__flash_vector_table__)?0x0:0x400

.interrupts     0x00000000      0x400
                0x00000000                __VECTOR_TABLE = .
                0x00000000                __interrupts_start__ = .
                0x00000000                . = ALIGN (0x4)
 *(.isr_vector)
 .isr_vector    0x00000000      0x400 ./Project_Settings/Startup_Code/startup_S32K142.o
                0x00000000                __isr_vector
                0x00000400                __interrupts_end__ = .
                0x00000400                . = ALIGN (0x4)

.flash_config   0x00000400       0x10
                0x00000400                . = ALIGN (0x4)
 *(.FlashConfig)
 .FlashConfig   0x00000400       0x10 ./Project_Settings/Startup_Code/startup_S32K142.o
                0x00000410                . = ALIGN (0x4)

.text           0x00000410     0x18f0
                0x00000410                . = ALIGN (0x4)
 *(.text)
 .text          0x00000410       0x6c ./Project_Settings/Startup_Code/startup_S32K142.o
                0x00000410                Reset_Handler
                0x00000478                Reserved111_IRQHandler
                0x00000478                DebugMon_Handler
                0x00000478                Reserved88_IRQHandler
                0x00000478                CAN0_ORed_IRQHandler
                0x00000478                HardFault_Handler
                0x00000478                Reserved86_IRQHandler
                0x00000478                Reserved103_IRQHandler
                0x00000478                SysTick_Handler
                0x00000478                FTM2_Ovf_Reload_IRQHandler
                0x00000478                Reserved50_IRQHandler
                0x00000478                FTFC_Fault_IRQHandler
                0x00000478                FTM0_Ch6_Ch7_IRQHandler
                0x00000478                Reserved114_IRQHandler
                0x00000478                PendSV_Handler
                0x00000478                NMI_Handler
                0x00000478                Reserved89_IRQHandler
                0x00000478                ERM_double_fault_IRQHandler
                0x00000478                DMA2_IRQHandler
                0x00000478                Reserved59_IRQHandler
                0x00000478                LPIT0_Ch0_IRQHandler
                0x00000478                Reserved99_IRQHandler
                0x00000478                FTM3_Ch6_Ch7_IRQHandler
                0x00000478                LPIT0_Ch3_IRQHandler
                0x00000478                Reserved92_IRQHandler
                0x00000478                FTM0_Ch4_Ch5_IRQHandler
                0x00000478                CAN1_Error_IRQHandler
                0x00000478                FTM3_Ch0_Ch1_IRQHandler
                0x00000478                SWI_IRQHandler
                0x00000478                ADC0_IRQHandler
                0x00000478                FTM2_Ch4_Ch5_IRQHandler
                0x00000478                UsageFault_Handler
                0x00000478                FTM0_Ovf_Reload_IRQHandler
                0x00000478                DefaultISR
                0x00000478                DMA9_IRQHandler
                0x00000478                Reserved58_IRQHandler
                0x00000478                CAN1_ORed_0_15_MB_IRQHandler
                0x00000478                FTM1_Ch2_Ch3_IRQHandler
                0x00000478                DMA14_IRQHandler
                0x00000478                Reserved82_IRQHandler
                0x00000478                CAN0_ORed_16_31_MB_IRQHandler
                0x00000478                LPI2C0_Slave_IRQHandler
                0x00000478                Reserved71_IRQHandler
                0x00000478                PORTD_IRQHandler
                0x00000478                Reserved69_IRQHandler
                0x00000478                PORTB_IRQHandler
                0x00000478                Reserved70_IRQHandler
                0x00000478                ADC1_IRQHandler
                0x00000478                FTM2_Ch2_Ch3_IRQHandler
                0x00000478                Reserved53_IRQHandler
                0x00000478                DMA5_IRQHandler
                0x00000478                RTC_IRQHandler
                0x00000478                PDB0_IRQHandler
                0x00000478                Reserved54_IRQHandler
                0x00000478                FTM2_Ch6_Ch7_IRQHandler
                0x00000478                FTM3_Ch2_Ch3_IRQHandler
                0x00000478                FTM2_Ch0_Ch1_IRQHandler
                0x00000478                LPSPI1_IRQHandler
                0x00000478                LPUART1_RxTx_IRQHandler
                0x00000478                RTC_Seconds_IRQHandler
                0x00000478                Reserved108_IRQHandler
                0x00000478                Reserved72_IRQHandler
                0x00000478                Reserved110_IRQHandler
                0x00000478                DMA11_IRQHandler
                0x00000478                Reserved107_IRQHandler
                0x00000478                Read_Collision_IRQHandler
                0x00000478                FTFC_IRQHandler
                0x00000478                DMA7_IRQHandler
                0x00000478                FTM1_Ch6_Ch7_IRQHandler
                0x00000478                Reserved105_IRQHandler
                0x00000478                LPIT0_Ch1_IRQHandler
                0x00000478                FTM1_Ch4_Ch5_IRQHandler
                0x00000478                FTM3_Ovf_Reload_IRQHandler
                0x00000478                LPSPI0_IRQHandler
                0x00000478                WDOG_EWM_IRQHandler
                0x00000478                MemManage_Handler
                0x00000478                Reserved90_IRQHandler
                0x00000478                Reserved83_IRQHandler
                0x00000478                FTM0_Fault_IRQHandler
                0x00000478                Reserved48_IRQHandler
                0x00000478                SVC_Handler
                0x00000478                ERM_single_fault_IRQHandler
                0x00000478                FTM2_Fault_IRQHandler
                0x00000478                FTM0_Ch2_Ch3_IRQHandler
                0x00000478                Reserved109_IRQHandler
                0x00000478                DMA13_IRQHandler
                0x00000478                FTM0_Ch0_Ch1_IRQHandler
                0x00000478                FTM3_Fault_IRQHandler
                0x00000478                RCM_IRQHandler
                0x00000478                DMA3_IRQHandler
                0x00000478                Reserved100_IRQHandler
                0x00000478                DMA0_IRQHandler
                0x00000478                Reserved91_IRQHandler
                0x00000478                CAN1_ORed_IRQHandler
                0x00000478                DMA15_IRQHandler
                0x00000478                SCG_IRQHandler
                0x00000478                PDB1_IRQHandler
                0x00000478                Reserved81_IRQHandler
                0x00000478                Reserved46_IRQHandler
                0x00000478                Reserved45_IRQHandler
                0x00000478                CAN0_Error_IRQHandler
                0x00000478                Reserved112_IRQHandler
                0x00000478                LPI2C0_Master_IRQHandler
                0x00000478                DMA4_IRQHandler
                0x00000478                FTM1_Fault_IRQHandler
                0x00000478                Reserved106_IRQHandler
                0x00000478                DMA_Error_IRQHandler
                0x00000478                LVD_LVW_IRQHandler
                0x00000478                LPIT0_Ch2_IRQHandler
                0x00000478                Reserved51_IRQHandler
                0x00000478                PORTA_IRQHandler
                0x00000478                MCM_IRQHandler
                0x00000478                DMA12_IRQHandler
                0x00000478                Reserved44_IRQHandler
                0x00000478                FTM3_Ch4_Ch5_IRQHandler
                0x00000478                CAN0_ORed_0_15_MB_IRQHandler
                0x00000478                PORTE_IRQHandler
                0x00000478                LPUART0_RxTx_IRQHandler
                0x00000478                LPTMR0_IRQHandler
                0x00000478                BusFault_Handler
                0x00000478                Reserved87_IRQHandler
                0x00000478                FTM1_Ovf_Reload_IRQHandler
                0x00000478                DMA8_IRQHandler
                0x00000478                Reserved93_IRQHandler
                0x00000478                DMA10_IRQHandler
                0x00000478                CAN0_Wake_Up_IRQHandler
                0x00000478                CMP0_IRQHandler
                0x00000478                Reserved52_IRQHandler
                0x00000478                PORTC_IRQHandler
                0x00000478                DMA6_IRQHandler
                0x00000478                FTM1_Ch0_Ch1_IRQHandler
                0x00000478                FLEXIO_IRQHandler
                0x00000478                DMA1_IRQHandler
                0x00000478                Reserved113_IRQHandler
 *(.text*)
 .text.SystemInit
                0x0000047c       0x3c ./SDK/platform/devices/S32K142/startup/system_S32K142.o
                0x0000047c                SystemInit
 .text.init_data_bss
                0x000004b8       0xd8 ./SDK/platform/devices/startup.o
                0x000004b8                init_data_bss
 .text.CLOCK_SYS_GetCurrentRunMode
                0x00000590       0x24 ./SDK/platform/drivers/src/clock/S32K1xx/clock_S32K1xx.o
 .text.CLOCK_SYS_GetSysOscFreq
                0x000005b4       0x1c ./SDK/platform/drivers/src/clock/S32K1xx/clock_S32K1xx.o
 .text.CLOCK_SYS_ConfigureSOSC
                0x000005d0      0x12c ./SDK/platform/drivers/src/clock/S32K1xx/clock_S32K1xx.o
 .text.CLOCK_SYS_GetSircFreq
                0x000006fc       0x2c ./SDK/platform/drivers/src/clock/S32K1xx/clock_S32K1xx.o
 .text.CLOCK_SYS_ConfigureSIRC
                0x00000728       0xc4 ./SDK/platform/drivers/src/clock/S32K1xx/clock_S32K1xx.o
 .text.CLOCK_SYS_GetFircFreq
                0x000007ec       0x20 ./SDK/platform/drivers/src/clock/S32K1xx/clock_S32K1xx.o
 .text.CLOCK_SYS_ConfigureFIRC
                0x0000080c       0xb4 ./SDK/platform/drivers/src/clock/S32K1xx/clock_S32K1xx.o
 .text.CLOCK_SYS_GetSysPllFreq
                0x000008c0       0x44 ./SDK/platform/drivers/src/clock/S32K1xx/clock_S32K1xx.o
 .text.CLOCK_SYS_ConfigureSPLL
                0x00000904      0x12c ./SDK/platform/drivers/src/clock/S32K1xx/clock_S32K1xx.o
 .text.CLOCK_SYS_SetSystemClockConfig
                0x00000a30      0x204 ./SDK/platform/drivers/src/clock/S32K1xx/clock_S32K1xx.o
 .text.CLOCK_SYS_TransitionSystemClock
                0x00000c34       0x54 ./SDK/platform/drivers/src/clock/S32K1xx/clock_S32K1xx.o
 .text.CLOCK_DRV_Init
                0x00000c88      0x590 ./SDK/platform/drivers/src/clock/S32K1xx/clock_S32K1xx.o
                0x00000c88                CLOCK_DRV_Init
 .text.CLOCK_SYS_Init
                0x00001218       0x28 ./SDK/platform/drivers/src/clock/S32K1xx/clock_S32K1xx.o
                0x00001218                CLOCK_SYS_Init
 .text.CLOCK_SYS_UpdateConfiguration
                0x00001240       0xf4 ./SDK/platform/drivers/src/clock/S32K1xx/clock_S32K1xx.o
                0x00001240                CLOCK_SYS_UpdateConfiguration
 .text.FLASH_DRV_Init
                0x00001334       0xd8 ./SDK/platform/drivers/src/flash/flash_driver.o
                0x00001334                FLASH_DRV_Init
 .text.FLASH_DRV_EraseSector
                0x0000140c       0xac ./SDK/platform/drivers/src/flash/flash_driver.o
                0x0000140c                FLASH_DRV_EraseSector
 .text.FLASH_DRV_VerifySection
                0x000014b8       0x8c ./SDK/platform/drivers/src/flash/flash_driver.o
                0x000014b8                FLASH_DRV_VerifySection
 .text.FLASH_DRV_Program
                0x00001544       0xc4 ./SDK/platform/drivers/src/flash/flash_driver.o
                0x00001544                FLASH_DRV_Program
 .text.FLASH_DRV_ProgramCheck
                0x00001608       0xf4 ./SDK/platform/drivers/src/flash/flash_driver.o
                0x00001608                FLASH_DRV_ProgramCheck
 .text.FLASH_DRV_SetFlexRamFunction
                0x000016fc       0x74 ./SDK/platform/drivers/src/flash/flash_driver.o
                0x000016fc                FLASH_DRV_SetFlexRamFunction
 .text.FLASH_DRV_EEEWrite
                0x00001770       0xf0 ./SDK/platform/drivers/src/flash/flash_driver.o
                0x00001770                FLASH_DRV_EEEWrite
 .text.FLASH_DRV_DEFlashPartition
                0x00001860       0x50 ./SDK/platform/drivers/src/flash/flash_driver.o
                0x00001860                FLASH_DRV_DEFlashPartition
 .text.INT_SYS_InstallHandler
                0x000018b0       0x48 ./SDK/platform/drivers/src/interrupt/interrupt_manager.o
                0x000018b0                INT_SYS_InstallHandler
 .text.INT_SYS_EnableIRQ
                0x000018f8       0x28 ./SDK/platform/drivers/src/interrupt/interrupt_manager.o
                0x000018f8                INT_SYS_EnableIRQ
 .text.INT_SYS_EnableIRQGlobal
                0x00001920       0x1c ./SDK/platform/drivers/src/interrupt/interrupt_manager.o
                0x00001920                INT_SYS_EnableIRQGlobal
 .text.INT_SYS_DisableIRQGlobal
                0x0000193c       0x10 ./SDK/platform/drivers/src/interrupt/interrupt_manager.o
                0x0000193c                INT_SYS_DisableIRQGlobal
 .text.CCIF_Handler
                0x0000194c       0x10 ./Sources/main.o
                0x0000194c                CCIF_Handler
 .text.main     0x0000195c      0x1ec ./Sources/main.o
                0x0000195c                main
 *(.rodata)
 *(.rodata*)
 .rodata.Flash_InitConfig0
                0x00001b48       0x14 ./Generated_Code/Flash.o
                0x00001b48                Flash_InitConfig0
 .rodata.clockNameMappings
                0x00001b5c       0x98 ./SDK/platform/drivers/src/clock/S32K1xx/clock_S32K1xx.o
                0x00001b5c                clockNameMappings
 .rodata.maxSysClksInHSRUN.7592
                0x00001bf4       0x54 ./SDK/platform/drivers/src/clock/S32K1xx/clock_S32K1xx.o
 .rodata.maxSysClksInRUN.7591
                0x00001c48       0x54 ./SDK/platform/drivers/src/clock/S32K1xx/clock_S32K1xx.o
 .rodata.maxSysClksInVLPR.7590
                0x00001c9c       0x54 ./SDK/platform/drivers/src/clock/S32K1xx/clock_S32K1xx.o
 *(.init)
 .init          0x00001cf0        0x4 d:/program/nxp/s32ds/build_tools/gcc_v6.3/gcc-6.3-arm32-eabi/bin/../lib/gcc/arm-none-eabi/6.3.1/thumb/v7e-m/fpv4-sp/hard/crti.o
                0x00001cf0                _init
 *(.fini)
 .fini          0x00001cf4        0x4 d:/program/nxp/s32ds/build_tools/gcc_v6.3/gcc-6.3-arm32-eabi/bin/../lib/gcc/arm-none-eabi/6.3.1/thumb/v7e-m/fpv4-sp/hard/crti.o
                0x00001cf4                _fini
 .fini.__stub   0x00001cf8        0x8 linker stubs
 *(.eh_frame)
                0x00001d00                . = ALIGN (0x4)

.glue_7         0x00001d00        0x0
 .glue_7        0x00001d00        0x0 linker stubs

.glue_7t        0x00001d00        0x0
 .glue_7t       0x00001d00        0x0 linker stubs

.vfp11_veneer   0x00001d00        0x0
 .vfp11_veneer  0x00001d00        0x0 linker stubs

.v4_bx          0x00001d00        0x0
 .v4_bx         0x00001d00        0x0 linker stubs

.iplt           0x00001d00        0x0
 .iplt          0x00001d00        0x0 d:/program/nxp/s32ds/build_tools/gcc_v6.3/gcc-6.3-arm32-eabi/bin/../lib/gcc/arm-none-eabi/6.3.1/thumb/v7e-m/fpv4-sp/hard/crtbegin.o

.ARM            0x00001d00        0x0
                0x00001d00                __exidx_start = .
 *(.ARM.exidx*)
                0x00001d00                __exidx_end = .
                0x00001d00                __etext = .
                0x00001d00                __DATA_ROM = .

.interrupts_ram
                0x1fffc000      0x400
                0x1fffc000                . = ALIGN (0x4)
                0x1fffc000                __VECTOR_RAM__ = .
                0x1fffc000                __RAM_START = .
                0x1fffc000                __interrupts_ram_start__ = .
 *(.m_interrupts_ram)
                0x1fffc400                . = (. + M_VECTOR_RAM_SIZE)
 *fill*         0x1fffc000      0x400 
                0x1fffc400                . = ALIGN (0x4)
                0x1fffc400                __interrupts_ram_end__ = .
                0x1fffc000                __VECTOR_RAM = DEFINED (__flash_vector_table__)?ORIGIN (m_interrupts):__VECTOR_RAM__
                0x00000400                __RAM_VECTOR_TABLE_SIZE = DEFINED (__flash_vector_table__)?0x0:(__interrupts_ram_end__ - __interrupts_ram_start__)

.data           0x1fffc400      0x130 load address 0x00001d00
                0x1fffc400                . = ALIGN (0x4)
                0x1fffc400                __DATA_RAM = .
                0x1fffc400                __data_start__ = .
 *(.data)
 *(.data*)
 .data.clockMan1_InitConfig0
                0x1fffc400       0x78 ./Generated_Code/clockMan1.o
                0x1fffc400                clockMan1_InitConfig0
 .data.g_clockManConfigsArr
                0x1fffc478        0x4 ./Generated_Code/clockMan1.o
                0x1fffc478                g_clockManConfigsArr
 .data.peripheralClockConfig0
                0x1fffc47c       0x1e ./Generated_Code/clockMan1.o
                0x1fffc47c                peripheralClockConfig0
 *fill*         0x1fffc49a        0x2 
 .data.peripheralClockConfig.7354
                0x1fffc49c       0x91 ./SDK/platform/drivers/src/clock/S32K1xx/clock_S32K1xx.o
                0x1fffc530                . = ALIGN (0x4)
 *fill*         0x1fffc52d        0x3 
                0x1fffc530                __data_end__ = .
                0x00001e30                __DATA_END = (__DATA_ROM + (__data_end__ - __data_start__))
                0x00001e30                __CODE_ROM = __DATA_END

.igot.plt       0x1fffc530        0x0 load address 0x00001e30
 .igot.plt      0x1fffc530        0x0 d:/program/nxp/s32ds/build_tools/gcc_v6.3/gcc-6.3-arm32-eabi/bin/../lib/gcc/arm-none-eabi/6.3.1/thumb/v7e-m/fpv4-sp/hard/crtbegin.o

.code           0x1fffc530       0x54 load address 0x00001e30
                0x1fffc530                . = ALIGN (0x4)
                0x1fffc530                __CODE_RAM = .
                0x1fffc530                __code_start__ = .
                0x1fffc530                __code_ram_start__ = .
 *(.code_ram)
 .code_ram      0x1fffc530       0x38 ./SDK/platform/drivers/src/flash/flash_driver.o
 .code_ram      0x1fffc568       0x1c ./Sources/main.o
                0x1fffc568                CCIF_Callback
                0x1fffc584                . = ALIGN (0x4)
                0x1fffc584                __code_end__ = .
                0x1fffc584                __code_ram_end__ = .
                0x00001e84                __CODE_END = (__CODE_ROM + (__code_end__ - __code_start__))
                0x00001e84                __CUSTOM_ROM = __CODE_END

.rel.dyn        0x1fffc584        0x0 load address 0x00001e84
 .rel.iplt      0x1fffc584        0x0 d:/program/nxp/s32ds/build_tools/gcc_v6.3/gcc-6.3-arm32-eabi/bin/../lib/gcc/arm-none-eabi/6.3.1/thumb/v7e-m/fpv4-sp/hard/crtbegin.o

.customSectionBlock
                0x20000000        0x0 load address 0x00001e84
                0x20000000                __customSection_start__ = .
 *(.customSection)
                0x20000000                __customSection_end__ = .
                0x00001e84                __CUSTOM_END = (__CUSTOM_ROM + (__customSection_end__ - __customSection_start__))

.bss            0x20000000      0x14c
                0x20000000                . = ALIGN (0x4)
                0x20000000                __BSS_START = .
                0x20000000                __bss_start__ = .
 *(.bss)
 *(.bss*)
 .bss.g_clockManCallbacksArr
                0x20000000        0x4 ./Generated_Code/clockMan1.o
                0x20000000                g_clockManCallbacksArr
 .bss.g_clockState
                0x20000004       0x10 ./SDK/platform/drivers/src/clock/S32K1xx/clock_S32K1xx.o
 .bss.g_interruptDisableCount
                0x20000014        0x4 ./SDK/platform/drivers/src/interrupt/interrupt_manager.o
 .bss.exit_code
                0x20000018        0x4 ./Sources/main.o
                0x20000018                exit_code
 *(COMMON)
 COMMON         0x2000001c       0x14 ./SDK/platform/drivers/src/clock/S32K1xx/clock_S32K1xx.o
                0x2000001c                g_xtal0ClkFreq
                0x20000020                g_RtcClkInFreq
                0x20000024                g_TClkFreq
 COMMON         0x20000030      0x11c ./Sources/main.o
                0x20000030                flashSSDConfig
                0x2000004c                sourceBuffer
                0x2000014c                . = ALIGN (0x4)
                0x2000014c                __bss_end__ = .
                0x2000014c                __BSS_END = .

.heap           0x2000014c      0x404
                0x20000150                . = ALIGN (0x8)
 *fill*         0x2000014c        0x4 
                0x20000150                __end__ = .
                0x20000150                __heap_start__ = .
                [!provide]                PROVIDE (end, .)
                [!provide]                PROVIDE (_end, .)
                [!provide]                PROVIDE (__end, .)
                0x20000150                __HeapBase = .
                0x20000550                . = (. + HEAP_SIZE)
 *fill*         0x20000150      0x400 
                0x20000550                __HeapLimit = .
                0x20000550                __heap_limit = .
                0x20000550                __heap_end__ = .
                0x20003000                __StackTop = (ORIGIN (m_data_2) + LENGTH (m_data_2))
                0x20002c00                __StackLimit = (__StackTop - STACK_SIZE)
                0x20003000                PROVIDE (__stack, __StackTop)
                0x20003000                __RAM_END = __StackTop

.stack          0x20002c00      0x400
                0x20002c00                . = ALIGN (0x8)
                0x20002c00                __stack_start__ = .
                0x20003000                . = (. + STACK_SIZE)
 *fill*         0x20002c00      0x400 
                0x20003000                __stack_end__ = .

.ARM.attributes
                0x00000000       0x30
 *(.ARM.attributes)
 .ARM.attributes
                0x00000000       0x22 d:/program/nxp/s32ds/build_tools/gcc_v6.3/gcc-6.3-arm32-eabi/bin/../lib/gcc/arm-none-eabi/6.3.1/thumb/v7e-m/fpv4-sp/hard/crti.o
 .ARM.attributes
                0x00000022       0x39 ./Generated_Code/Flash.o
 .ARM.attributes
                0x0000005b       0x39 ./Generated_Code/clockMan1.o
 .ARM.attributes
                0x00000094       0x1f ./Project_Settings/Startup_Code/startup_S32K142.o
 .ARM.attributes
                0x000000b3       0x39 ./SDK/platform/devices/S32K142/startup/system_S32K142.o
 .ARM.attributes
                0x000000ec       0x39 ./SDK/platform/devices/startup.o
 .ARM.attributes
                0x00000125       0x39 ./SDK/platform/drivers/src/clock/S32K1xx/clock_S32K1xx.o
 .ARM.attributes
                0x0000015e       0x39 ./SDK/platform/drivers/src/flash/flash_driver.o
 .ARM.attributes
                0x00000197       0x39 ./SDK/platform/drivers/src/interrupt/interrupt_manager.o
 .ARM.attributes
                0x000001d0       0x39 ./Sources/main.o
                0x00000001                ASSERT ((__StackLimit >= __HeapLimit), region m_data_2 overflowed with stack and heap)
OUTPUT(flash_partitioning_s32k142.elf elf32-littlearm)

.debug_info     0x00000000     0xd321
 .debug_info    0x00000000     0x11d0 ./Generated_Code/Flash.o
 .debug_info    0x000011d0     0x1305 ./Generated_Code/clockMan1.o
 .debug_info    0x000024d5       0x26 ./Project_Settings/Startup_Code/startup_S32K142.o
 .debug_info    0x000024fb      0x521 ./SDK/platform/devices/S32K142/startup/system_S32K142.o
 .debug_info    0x00002a1c      0x2ad ./SDK/platform/devices/startup.o
 .debug_info    0x00002cc9     0x605b ./SDK/platform/drivers/src/clock/S32K1xx/clock_S32K1xx.o
 .debug_info    0x00008d24     0x1e77 ./SDK/platform/drivers/src/flash/flash_driver.o
 .debug_info    0x0000ab9b      0xb7e ./SDK/platform/drivers/src/interrupt/interrupt_manager.o
 .debug_info    0x0000b719     0x1c08 ./Sources/main.o

.debug_abbrev   0x00000000      0xffe
 .debug_abbrev  0x00000000      0x11f ./Generated_Code/Flash.o
 .debug_abbrev  0x0000011f      0x12c ./Generated_Code/clockMan1.o
 .debug_abbrev  0x0000024b       0x14 ./Project_Settings/Startup_Code/startup_S32K142.o
 .debug_abbrev  0x0000025f      0x141 ./SDK/platform/devices/S32K142/startup/system_S32K142.o
 .debug_abbrev  0x000003a0       0xe1 ./SDK/platform/devices/startup.o
 .debug_abbrev  0x00000481      0x409 ./SDK/platform/drivers/src/clock/S32K1xx/clock_S32K1xx.o
 .debug_abbrev  0x0000088a      0x2fc ./SDK/platform/drivers/src/flash/flash_driver.o
 .debug_abbrev  0x00000b86      0x24e ./SDK/platform/drivers/src/interrupt/interrupt_manager.o
 .debug_abbrev  0x00000dd4      0x22a ./Sources/main.o

.debug_aranges  0x00000000      0x390
 .debug_aranges
                0x00000000       0x18 ./Generated_Code/Flash.o
 .debug_aranges
                0x00000018       0x18 ./Generated_Code/clockMan1.o
 .debug_aranges
                0x00000030       0x20 ./Project_Settings/Startup_Code/startup_S32K142.o
 .debug_aranges
                0x00000050       0x30 ./SDK/platform/devices/S32K142/startup/system_S32K142.o
 .debug_aranges
                0x00000080       0x20 ./SDK/platform/devices/startup.o
 .debug_aranges
                0x000000a0      0x120 ./SDK/platform/drivers/src/clock/S32K1xx/clock_S32K1xx.o
 .debug_aranges
                0x000001c0      0x130 ./SDK/platform/drivers/src/flash/flash_driver.o
 .debug_aranges
                0x000002f0       0x70 ./SDK/platform/drivers/src/interrupt/interrupt_manager.o
 .debug_aranges
                0x00000360       0x30 ./Sources/main.o

.debug_macro    0x00000000     0xf6e2
 .debug_macro   0x00000000      0x12d ./Generated_Code/Flash.o
 .debug_macro   0x0000012d     0xed65 ./Generated_Code/Flash.o
 .debug_macro   0x0000ee92       0x10 ./Generated_Code/Flash.o
 .debug_macro   0x0000eea2      0x129 ./Generated_Code/clockMan1.o
 .debug_macro   0x0000efcb       0xb5 ./SDK/platform/devices/S32K142/startup/system_S32K142.o
 .debug_macro   0x0000f080       0xb6 ./SDK/platform/devices/startup.o
 .debug_macro   0x0000f136       0x40 ./SDK/platform/devices/startup.o
 .debug_macro   0x0000f176      0x2a2 ./SDK/platform/drivers/src/clock/S32K1xx/clock_S32K1xx.o
 .debug_macro   0x0000f418       0xd1 ./SDK/platform/drivers/src/flash/flash_driver.o
 .debug_macro   0x0000f4e9       0xb6 ./SDK/platform/drivers/src/interrupt/interrupt_manager.o
 .debug_macro   0x0000f59f      0x143 ./Sources/main.o

.debug_line     0x00000000     0x3e8f
 .debug_line    0x00000000      0x511 ./Generated_Code/Flash.o
 .debug_line    0x00000511      0x515 ./Generated_Code/clockMan1.o
 .debug_line    0x00000a26       0xca ./Project_Settings/Startup_Code/startup_S32K142.o
 .debug_line    0x00000af0      0x414 ./SDK/platform/devices/S32K142/startup/system_S32K142.o
 .debug_line    0x00000f04      0x3a3 ./SDK/platform/devices/startup.o
 .debug_line    0x000012a7     0x149b ./SDK/platform/drivers/src/clock/S32K1xx/clock_S32K1xx.o
 .debug_line    0x00002742      0xb60 ./SDK/platform/drivers/src/flash/flash_driver.o
 .debug_line    0x000032a2      0x584 ./SDK/platform/drivers/src/interrupt/interrupt_manager.o
 .debug_line    0x00003826      0x669 ./Sources/main.o

.debug_str      0x00000000    0x6fa77
 .debug_str     0x00000000    0x6c2bb ./Generated_Code/Flash.o
                              0x6c6f9 (size before relaxing)
 .debug_str     0x0006c2bb      0x4b6 ./Generated_Code/clockMan1.o
                              0x6cb95 (size before relaxing)
 .debug_str     0x0006c771       0x7a ./Project_Settings/Startup_Code/startup_S32K142.o
                                 0xc8 (size before relaxing)
 .debug_str     0x0006c7eb      0x228 ./SDK/platform/devices/S32K142/startup/system_S32K142.o
                              0x6881b (size before relaxing)
 .debug_str     0x0006ca13      0x397 ./SDK/platform/devices/startup.o
                              0x6898d (size before relaxing)
 .debug_str     0x0006cdaa     0x1e19 ./SDK/platform/drivers/src/clock/S32K1xx/clock_S32K1xx.o
                              0x6c992 (size before relaxing)
 .debug_str     0x0006ebc3      0xc90 ./SDK/platform/drivers/src/flash/flash_driver.o
                              0x6bdca (size before relaxing)
 .debug_str     0x0006f853      0x1a7 ./SDK/platform/drivers/src/interrupt/interrupt_manager.o
                              0x68db8 (size before relaxing)
 .debug_str     0x0006f9fa       0x7d ./Sources/main.o
                              0x6cefa (size before relaxing)

.comment        0x00000000       0xa0
 .comment       0x00000000       0xa0 ./Generated_Code/Flash.o
                                 0xa1 (size before relaxing)
 .comment       0x000000a0       0xa1 ./Generated_Code/clockMan1.o
 .comment       0x000000a0       0xa1 ./SDK/platform/devices/S32K142/startup/system_S32K142.o
 .comment       0x000000a0       0xa1 ./SDK/platform/devices/startup.o
 .comment       0x000000a0       0xa1 ./SDK/platform/drivers/src/clock/S32K1xx/clock_S32K1xx.o
 .comment       0x000000a0       0xa1 ./SDK/platform/drivers/src/flash/flash_driver.o
 .comment       0x000000a0       0xa1 ./SDK/platform/drivers/src/interrupt/interrupt_manager.o
 .comment       0x000000a0       0xa1 ./Sources/main.o

.debug_loc      0x00000000     0x7b00
 .debug_loc     0x00000000       0xeb ./SDK/platform/devices/S32K142/startup/system_S32K142.o
 .debug_loc     0x000000eb       0xec ./SDK/platform/devices/startup.o
 .debug_loc     0x000001d7     0x4e23 ./SDK/platform/drivers/src/clock/S32K1xx/clock_S32K1xx.o
 .debug_loc     0x00004ffa     0x21a4 ./SDK/platform/drivers/src/flash/flash_driver.o
 .debug_loc     0x0000719e      0x63c ./SDK/platform/drivers/src/interrupt/interrupt_manager.o
 .debug_loc     0x000077da      0x326 ./Sources/main.o

.debug_ranges   0x00000000      0x5f0
 .debug_ranges  0x00000000       0x20 ./SDK/platform/devices/S32K142/startup/system_S32K142.o
 .debug_ranges  0x00000020       0x10 ./SDK/platform/devices/startup.o
 .debug_ranges  0x00000030      0x358 ./SDK/platform/drivers/src/clock/S32K1xx/clock_S32K1xx.o
 .debug_ranges  0x00000388      0x1b0 ./SDK/platform/drivers/src/flash/flash_driver.o
 .debug_ranges  0x00000538       0x98 ./SDK/platform/drivers/src/interrupt/interrupt_manager.o
 .debug_ranges  0x000005d0       0x20 ./Sources/main.o

.debug_frame    0x00000000      0x89c
 .debug_frame   0x00000000       0x40 ./SDK/platform/devices/S32K142/startup/system_S32K142.o
 .debug_frame   0x00000040       0x2c ./SDK/platform/devices/startup.o
 .debug_frame   0x0000006c      0x384 ./SDK/platform/drivers/src/clock/S32K1xx/clock_S32K1xx.o
 .debug_frame   0x000003f0      0x380 ./SDK/platform/drivers/src/flash/flash_driver.o
 .debug_frame   0x00000770       0xd8 ./SDK/platform/drivers/src/interrupt/interrupt_manager.o
 .debug_frame   0x00000848       0x54 ./Sources/main.o
